Component: ARM Compiler 5.06 update 7 (build 960) Tool: armlink [4d3601]

==============================================================================

Section Cross References

    startup_stm32f103xb.o(STACK) refers (Special) to heapauxi.o(.text) for __use_two_region_memory
    startup_stm32f103xb.o(HEAP) refers (Special) to heapauxi.o(.text) for __use_two_region_memory
    startup_stm32f103xb.o(RESET) refers (Special) to heapauxi.o(.text) for __use_two_region_memory
    startup_stm32f103xb.o(RESET) refers to startup_stm32f103xb.o(STACK) for __initial_sp
    startup_stm32f103xb.o(RESET) refers to startup_stm32f103xb.o(.text) for Reset_Handler
    startup_stm32f103xb.o(RESET) refers to stm32f1xx_it.o(i.NMI_Handler) for NMI_Handler
    startup_stm32f103xb.o(RESET) refers to stm32f1xx_it.o(i.HardFault_Handler) for HardFault_Handler
    startup_stm32f103xb.o(RESET) refers to stm32f1xx_it.o(i.MemManage_Handler) for MemManage_Handler
    startup_stm32f103xb.o(RESET) refers to stm32f1xx_it.o(i.BusFault_Handler) for BusFault_Handler
    startup_stm32f103xb.o(RESET) refers to stm32f1xx_it.o(i.UsageFault_Handler) for UsageFault_Handler
    startup_stm32f103xb.o(RESET) refers to stm32f1xx_it.o(i.SVC_Handler) for SVC_Handler
    startup_stm32f103xb.o(RESET) refers to stm32f1xx_it.o(i.DebugMon_Handler) for DebugMon_Handler
    startup_stm32f103xb.o(RESET) refers to stm32f1xx_it.o(i.PendSV_Handler) for PendSV_Handler
    startup_stm32f103xb.o(RESET) refers to stm32f1xx_it.o(i.SysTick_Handler) for SysTick_Handler
    startup_stm32f103xb.o(RESET) refers to stm32f1xx_it.o(i.USART1_IRQHandler) for USART1_IRQHandler
    startup_stm32f103xb.o(.text) refers (Special) to heapauxi.o(.text) for __use_two_region_memory
    startup_stm32f103xb.o(.text) refers to system_stm32f1xx.o(i.SystemInit) for SystemInit
    startup_stm32f103xb.o(.text) refers to __main.o(!!!main) for __main
    startup_stm32f103xb.o(.text) refers to startup_stm32f103xb.o(HEAP) for Heap_Mem
    startup_stm32f103xb.o(.text) refers to startup_stm32f103xb.o(STACK) for Stack_Mem
    uwb_ui.o(i.UWB_ActivateRX) refers to deca_device.o(i.dwt_rxenable) for dwt_rxenable
    uwb_ui.o(i.UWB_GetRxTimestamp64) refers to eventrecorder.o(i.EventRecord2) for EventRecord2
    uwb_ui.o(i.UWB_GetRxTimestamp64) refers to deca_device.o(i.dwt_read32bitoffsetreg) for dwt_read32bitoffsetreg
    uwb_ui.o(i.UWB_GetRxTimestamp64) refers to deca_device.o(i.dwt_readrxtimestamp) for dwt_readrxtimestamp
    uwb_ui.o(i.UWB_GetTxTimestamp64) refers to eventrecorder.o(i.EventRecord2) for EventRecord2
    uwb_ui.o(i.UWB_GetTxTimestamp64) refers to deca_device.o(i.dwt_read32bitoffsetreg) for dwt_read32bitoffsetreg
    uwb_ui.o(i.UWB_GetTxTimestamp64) refers to deca_device.o(i.dwt_readtxtimestamp) for dwt_readtxtimestamp
    uwb_ui.o(i.UWB_Init) refers to dw1000.o(i.reset_DW1000) for reset_DW1000
    uwb_ui.o(i.UWB_Init) refers to dw1000.o(i.spi_set_rate_low) for spi_set_rate_low
    uwb_ui.o(i.UWB_Init) refers to deca_device.o(i.dwt_initialise) for dwt_initialise
    uwb_ui.o(i.UWB_Init) refers to deca_device.o(i.dwt_configure) for dwt_configure
    uwb_ui.o(i.UWB_Init) refers to deca_device.o(i.dwt_setrxtimeout) for dwt_setrxtimeout
    uwb_ui.o(i.UWB_Init) refers to deca_device.o(i.dwt_setrxantennadelay) for dwt_setrxantennadelay
    uwb_ui.o(i.UWB_Init) refers to deca_device.o(i.dwt_settxantennadelay) for dwt_settxantennadelay
    uwb_ui.o(i.UWB_Init) refers to dw1000.o(i.spi_set_rate_high) for spi_set_rate_high
    uwb_ui.o(i.UWB_Init) refers to uwb_ui.o(.constdata) for .constdata
    uwb_ui.o(i.UWB_SendMessage) refers to deca_device.o(i.dwt_writetxdata) for dwt_writetxdata
    uwb_ui.o(i.UWB_SendMessage) refers to deca_device.o(i.dwt_writetxfctrl) for dwt_writetxfctrl
    uwb_ui.o(i.UWB_SendMessage) refers to deca_device.o(i.dwt_starttx) for dwt_starttx
    uwb_ui.o(i.UWB_SendMessage) refers to eventrecorder.o(i.EventRecord2) for EventRecord2
    uwb_ui.o(i.UWB_WaitForMessage) refers to deca_device.o(i.dwt_write32bitoffsetreg) for dwt_write32bitoffsetreg
    uwb_ui.o(i.UWB_WaitForMessage) refers to deca_device.o(i.dwt_read32bitoffsetreg) for dwt_read32bitoffsetreg
    uwb_ui.o(i.UWB_WaitForMessage) refers to eventrecorder.o(i.EventRecord2) for EventRecord2
    uwb_ui.o(i.UWB_WaitForMessage) refers to deca_device.o(i.dwt_readrxdata) for dwt_readrxdata
    uwb_ui.o(i.UWB_checkMessage) refers to deca_device.o(i.dwt_read32bitoffsetreg) for dwt_read32bitoffsetreg
    uwb_ui.o(i.UWB_checkMessage) refers to deca_device.o(i.dwt_write32bitoffsetreg) for dwt_write32bitoffsetreg
    uwb_ui.o(i.UWB_readMessage) refers to deca_device.o(i.dwt_write32bitoffsetreg) for dwt_write32bitoffsetreg
    uwb_ui.o(i.UWB_readMessage) refers to deca_device.o(i.dwt_read32bitoffsetreg) for dwt_read32bitoffsetreg
    uwb_ui.o(i.UWB_readMessage) refers to deca_device.o(i.dwt_readrxdata) for dwt_readrxdata
    free_index_controller.o(i.Free_ctrl_init) refers to h1_alloc.o(.text) for malloc
[...]
    i._dwt_otpread                           0x0800379e   Section        0  deca_device.o(i._dwt_otpread)
    i._sys_close                             0x080037ca   Section        0  retarget_io.o(i._sys_close)
    i._sys_flen                              0x080037e2   Section        0  retarget_io.o(i._sys_flen)
    i._sys_istty                             0x080037ee   Section        0  retarget_io.o(i._sys_istty)
    i._sys_open                              0x08003808   Section        0  retarget_io.o(i._sys_open)
    i._sys_seek                              0x08003864   Section        0  retarget_io.o(i._sys_seek)
    i._sys_write                             0x0800386c   Section        0  retarget_io.o(i._sys_write)
    i.addCrc16                               0x080038d0   Section        0  crc.o(i.addCrc16)
    i.calculateCrc16                         0x080038de   Section        0  crc.o(i.calculateCrc16)
    i.checkCrc16                             0x08003910   Section        0  crc.o(i.checkCrc16)
    i.deca_sleep                             0x08003928   Section        0  deca_sleep.o(i.deca_sleep)
    i.decamutexoff                           0x0800392c   Section        0  deca_mutex.o(i.decamutexoff)
    i.decamutexon                            0x08003938   Section        0  deca_mutex.o(i.decamutexon)
    i.dwt_configure                          0x08003954   Section        0  deca_device.o(i.dwt_configure)
    i.dwt_forcetrxoff                        0x08003b6c   Section        0  deca_device.o(i.dwt_forcetrxoff)
    i.dwt_initialise                         0x08003bc4   Section        0  deca_device.o(i.dwt_initialise)
    i.dwt_read16bitoffsetreg                 0x08003d30   Section        0  deca_device.o(i.dwt_read16bitoffsetreg)
    i.dwt_read32bitoffsetreg                 0x08003d4e   Section        0  deca_device.o(i.dwt_read32bitoffsetreg)
    i.dwt_read8bitoffsetreg                  0x08003d70   Section        0  deca_device.o(i.dwt_read8bitoffsetreg)
    i.dwt_readdevid                          0x08003d84   Section        0  deca_device.o(i.dwt_readdevid)
    i.dwt_readfromdevice                     0x08003d8c   Section        0  deca_device.o(i.dwt_readfromdevice)
    i.dwt_readrxdata                         0x08003dc6   Section        0  deca_device.o(i.dwt_readrxdata)
    i.dwt_readrxtimestamp                    0x08003dd8   Section        0  deca_device.o(i.dwt_readrxtimestamp)
    i.dwt_readtxtimestamp                    0x08003de4   Section        0  deca_device.o(i.dwt_readtxtimestamp)
    i.dwt_rxenable                           0x08003df0   Section        0  deca_device.o(i.dwt_rxenable)
    i.dwt_setrxantennadelay                  0x08003e3e   Section        0  deca_device.o(i.dwt_setrxantennadelay)
    i.dwt_setrxtimeout                       0x08003e4c   Section        0  deca_device.o(i.dwt_setrxtimeout)
    i.dwt_settxantennadelay                  0x08003e94   Section        0  deca_device.o(i.dwt_settxantennadelay)
    i.dwt_setxtaltrim                        0x08003e9e   Section        0  deca_device.o(i.dwt_setxtaltrim)
    i.dwt_softreset                          0x08003eb0   Section        0  deca_device.o(i.dwt_softreset)
    i.dwt_starttx                            0x08003ef8   Section        0  deca_device.o(i.dwt_starttx)
    i.dwt_syncrxbufptrs                      0x08003f50   Section        0  deca_device.o(i.dwt_syncrxbufptrs)
    i.dwt_write16bitoffsetreg                0x08003f78   Section        0  deca_device.o(i.dwt_write16bitoffsetreg)
    i.dwt_write32bitoffsetreg                0x08003f92   Section        0  deca_device.o(i.dwt_write32bitoffsetreg)
    i.dwt_write8bitoffsetreg                 0x08003fb0   Section        0  deca_device.o(i.dwt_write8bitoffsetreg)
    i.dwt_writetodevice                      0x08003fc0   Section        0  deca_device.o(i.dwt_writetodevice)
    i.dwt_writetxdata                        0x08003ffe   Section        0  deca_device.o(i.dwt_writetxdata)
    i.dwt_writetxfctrl                       0x08004020   Section        0  deca_device.o(i.dwt_writetxfctrl)
    i.fputc                                  0x0800403c   Section        0  fputc.o(i.fputc)
    i.main                                   0x08004058   Section        0  main.o(i.main)
    i.read40to64bit                          0x08004178   Section        0  uwb_distance_meter.o(i.read40to64bit)
    i.readfromspi                            0x08004188   Section        0  deca_spi.o(i.readfromspi)
    i.reset_DW1000                           0x080041ec   Section        0  dw1000.o(i.reset_DW1000)
    i.spi_set_rate_high                      0x08004228   Section        0  dw1000.o(i.spi_set_rate_high)
    i.spi_set_rate_low                       0x08004238   Section        0  dw1000.o(i.spi_set_rate_low)
    i.write64to40bit                         0x08004248   Section        0  uwb_distance_meter.o(i.write64to40bit)
    i.writetospi                             0x08004250   Section        0  deca_spi.o(i.writetospi)
    .constdata                               0x080042b4   Section       12  uwb_ui.o(.constdata)
    .constdata                               0x080042c0   Section        8  deca_params_init.o(.constdata)
    .constdata                               0x080042c8   Section       24  deca_params_init.o(.constdata)
    .constdata                               0x080042e0   Section       24  deca_params_init.o(.constdata)
    .constdata                               0x080042f8   Section        6  deca_params_init.o(.constdata)
    .constdata                               0x080042fe   Section        2  deca_params_init.o(.constdata)
    .constdata                               0x08004300   Section        8  deca_params_init.o(.constdata)
    .constdata                               0x08004308   Section        3  deca_params_init.o(.constdata)
    .constdata                               0x0800430c   Section       12  deca_params_init.o(.constdata)
    .constdata                               0x08004318   Section        4  deca_params_init.o(.constdata)
    .constdata                               0x0800431c   Section       32  deca_params_init.o(.constdata)
    .constdata                               0x0800433c   Section       50  deca_params_init.o(.constdata)
    .constdata                               0x0800436e   Section       16  system_stm32f1xx.o(.constdata)
    .constdata                               0x0800437e   Section        8  system_stm32f1xx.o(.constdata)
    .constdata                               0x08004388   Section       24  eventrecorder.o(.constdata)
    __tagsym$$used                           0x08004388   Number         0  eventrecorder.o(.constdata)
    .constdata                               0x080043a0   Section        7  retarget_io.o(.constdata)
    .constdata                               0x080043a7   Section        8  retarget_io.o(.constdata)
    .constdata                               0x080043af   Section        8  retarget_io.o(.constdata)
    .data                                    0x20000000   Section        4  deca_device.o(.data)
    pdw1000local                             0x20000000   Data           4  deca_device.o(.data)
    .data                                    0x20000004   Section        6  uwb_boat_interface.o(.data)
    .data                                    0x20000010   Section       72  uwb_boat_interface.o(.data)
    .data                                    0x20000058   Section        1  main.o(.data)
    .data                                    0x2000005c   Section       12  stm32f1xx_hal.o(.data)
    .data                                    0x20000068   Section        4  system_stm32f1xx.o(.data)
    .data                                    0x2000006c   Section       12  retarget_io.o(.data)
    index                                    0x2000006c   Data           4  retarget_io.o(.data)
    buffer                                   0x20000070   Data           8  retarget_io.o(.data)
    .data                                    0x20000078   Section        4  stdio_streams.o(.data)
    .data                                    0x2000007c   Section        4  stdio_streams.o(.data)
    .data                                    0x20000080   Section        4  stdio_streams.o(.data)
    .bss                                     0x20000084   Section       56  deca_device.o(.bss)
    dw1000local                              0x20000084   Data          56  deca_device.o(.bss)
    .bss                                     0x200000bc   Section       88  spi.o(.bss)
    .bss                                     0x20000114   Section       68  usart.o(.bss)
    .bss                                     0x20000158   Section       84  stdio_streams.o(.bss)
    .bss                                     0x200001ac   Section       84  stdio_streams.o(.bss)
    .bss                                     0x20000200   Section       84  stdio_streams.o(.bss)
    .bss                                     0x20000254   Section       96  libspace.o(.bss)
    .bss.noinit                              0x200002c0   Section     1188  eventrecorder.o(.bss.noinit)
    EventBuffer                              0x200002c0   Data        1024  eventrecorder.o(.bss.noinit)
    EventFilter                              0x200006c0   Data         128  eventrecorder.o(.bss.noinit)
    EventStatus                              0x20000740   Data          36  eventrecorder.o(.bss.noinit)
    HEAP                                     0x20000768   Section     1024  startup_stm32f103xb.o(HEAP)
    Heap_Mem                                 0x20000768   Data        1024  startup_stm32f103xb.o(HEAP)
    STACK                                    0x20000b68   Section     1024  startup_stm32f103xb.o(STACK)
    Stack_Mem                                0x20000b68   Data        1024  startup_stm32f103xb.o(STACK)
    __initial_sp                             0x20000f68   Data           0  startup_stm32f103xb.o(STACK)

    Global Symbols

    Symbol Name                              Value     Ov Type        Size  Object(Section)

    BuildAttributes$$THM_ISAv4$P$D$K$B$S$PE$A:L22UL41UL21$X:L11$S22US41US21$IEEE1$IW$USESV6$~STKCKD$USESV7$~SHL$OTIME$ROPI$EBA8$UX$STANDARDLIB$REQ8$PRES8$EABIv2 0x00000000   Number         0  anon$$obj.o ABSOLUTE
    __ARM_use_no_argv                        0x00000000   Number         0  main.o ABSOLUTE
    _printf_flags                            0x00000000   Number         0  printf_stubs.o ABSOLUTE
    _printf_return_value                     0x00000000   Number         0  printf_stubs.o ABSOLUTE
    _printf_sizespec                         0x00000000   Number         0  printf_stubs.o ABSOLUTE
    _printf_widthprec                        0x00000000   Number         0  printf_stubs.o ABSOLUTE
    __ARM_exceptions_init                     - Undefined Weak Reference
    __alloca_initialize                       - Undefined Weak Reference
    __arm_fini_                               - Undefined Weak Reference
    __arm_preinit_                            - Undefined Weak Reference
    __cpp_initialize__aeabi_                  - Undefined Weak Reference
    __cxa_finalize                            - Undefined Weak Reference
    __rt_locale                               - Undefined Weak Reference
    __sigvec_lookup                           - Undefined Weak Reference
    __user_heap_extent                        - Undefined Weak Reference
    _atexit_init                              - Undefined Weak Reference
    _call_atexit_fns                          - Undefined Weak Reference
    _clock_init                               - Undefined Weak Reference
    _fp_trap_init                             - Undefined Weak Reference
    _fp_trap_shutdown                         - Undefined Weak Reference
    _get_lc_collate                           - Undefined Weak Reference
    _get_lc_ctype                             - Undefined Weak Reference
    _get_lc_monetary                          - Undefined Weak Reference
    _get_lc_numeric                           - Undefined Weak Reference
    _get_lc_time                              - Undefined Weak Reference
    _getenv_init                              - Undefined Weak Reference
    _handle_redirection                       - Undefined Weak Reference
    _mutex_acquire                            - Undefined Weak Reference
    _mutex_free                               - Undefined Weak Reference
    _mutex_release                            - Undefined Weak Reference
    _printf_post_padding                      - Undefined Weak Reference
    _printf_pre_padding                       - Undefined Weak Reference
    _printf_truncate_signed                   - Undefined Weak Reference
    _printf_truncate_unsigned                 - Undefined Weak Reference
    _rand_init                                - Undefined Weak Reference
    _signal_finish                            - Undefined Weak Reference
    _signal_init                              - Undefined Weak Reference
    __Vectors_Size                           0x000000ec   Number         0  startup_stm32f103xb.o ABSOLUTE
    __Vectors                                0x08000000   Data           4  startup_stm32f103xb.o(RESET)
    __Vectors_End                            0x080000ec   Data           0  startup_stm32f103xb.o(RESET)
    __main                                   0x080000ed   Thumb Code     8  __main.o(!!!main)
    __scatterload                            0x080000f5   Thumb Code     0  __scatter.o(!!!scatter)
    __scatterload_rt2                        0x080000f5   Thumb Code    44  __scatter.o(!!!scatter)
    __scatterload_rt2_thumb_only             0x080000f5   Thumb Code     0  __scatter.o(!!!scatter)
    __scatterload_null                       0x08000103   Thumb Code     0  __scatter.o(!!!scatter)
    __scatterload_copy                       0x08000129   Thumb Code    26  __scatter_copy.o(!!handler_copy)
    __scatterload_zeroinit                   0x08000145   Thumb Code    28  __scatter_zi.o(!!handler_zi)
    _printf_percent                          0x08000161   Thumb Code     0  _printf_percent.o(.ARM.Collect$$_printf_percent$$00000000)
    _printf_u                                0x08000161   Thumb Code     0  _printf_u.o(.ARM.Collect$$_printf_percent$$0000000A)
    _printf_percent_end                      0x08000167   Thumb Code     0  _printf_percent_end.o(.ARM.Collect$$_printf_percent$$00000017)
    __rt_lib_init                            0x0800016b   Thumb Code     0  libinit.o(.ARM.Collect$$libinit$$00000000)
    __rt_lib_init_fp_1                       0x0800016d   Thumb Code     0  libinit2.o(.ARM.Collect$$libinit$$00000002)
    __rt_lib_init_heap_2                     0x0800016d   Thumb Code     0  libinit2.o(.ARM.Collect$$libinit$$00000005)
    __rt_lib_init_preinit_1                  0x0800016d   Thumb Code     0  libinit2.o(.ARM.Collect$$libinit$$00000004)
    __rt_lib_init_atexit_1                   0x08000175   Thumb Code     0  libinit2.o(.ARM.Collect$$libinit$$0000001B)
    __rt_lib_init_clock_1                    0x08000175   Thumb Code     0  libinit2.o(.ARM.Collect$$libinit$$00000021)
    __rt_lib_init_fp_trap_1                  0x08000175   Thumb Code     0  libinit2.o(.ARM.Collect$$libinit$$0000001F)
    __rt_lib_init_getenv_1                   0x08000175   Thumb Code     0  libinit2.o(.ARM.Collect$$libinit$$00000023)
    __rt_lib_init_heap_1                     0x08000175   Thumb Code     0  libinit2.o(.ARM.Collect$$libinit$$0000000A)
    __rt_lib_init_lc_collate_1               0x08000175   Thumb Code     0  libinit2.o(.ARM.Collect$$libinit$$00000011)
    __rt_lib_init_lc_ctype_1                 0x08000175   Thumb Code     0  libinit2.o(.ARM.Collect$$libinit$$00000013)
    __rt_lib_init_lc_monetary_1              0x08000175   Thumb Code     0  libinit2.o(.ARM.Collect$$libinit$$00000015)
    __rt_lib_init_lc_numeric_1               0x08000175   Thumb Code     0  libinit2.o(.ARM.Collect$$libinit$$00000017)
    __rt_lib_init_lc_time_1                  0x08000175   Thumb Code     0  libinit2.o(.ARM.Collect$$libinit$$00000019)
    __rt_lib_init_rand_1                     0x08000175   Thumb Code     0  libinit2.o(.ARM.Collect$$libinit$$0000000E)
    __rt_lib_init_signal_1                   0x08000175   Thumb Code     0  libinit2.o(.ARM.Collect$$libinit$$0000001D)
    __rt_lib_init_stdio_2                    0x08000175   Thumb Code     0  libinit2.o(.ARM.Collect$$libinit$$00000024)
    __rt_lib_init_user_alloc_1               0x08000175   Thumb Code     0  libinit2.o(.ARM.Collect$$libinit$$0000000C)
    __rt_lib_init_alloca_1                   0x08000179   Thumb Code     0  libinit2.o(.ARM.Collect$$libinit$$0000002E)
    __rt_lib_init_argv_1                     0x08000179   Thumb Code     0  libinit2.o(.ARM.Collect$$libinit$$0000002C)
    __rt_lib_init_cpp_1                      0x08000179   Thumb Code     0  libinit2.o(.ARM.Collect$$libinit$$00000032)
    __rt_lib_init_exceptions_1               0x08000179   Thumb Code     0  libinit2.o(.ARM.Collect$$libinit$$00000030)
    __rt_lib_init_return                     0x08000179   Thumb Code     0  libinit2.o(.ARM.Collect$$libinit$$00000033)
    __rt_lib_init_stdio_1                    0x08000179   Thumb Code     0  libinit2.o(.ARM.Collect$$libinit$$00000025)
    __rt_lib_shutdown                        0x0800017b   Thumb Code     0  libshutdown.o(.ARM.Collect$$libshutdown$$00000000)
    __rt_lib_shutdown_cpp_1                  0x0800017d   Thumb Code     0  libshutdown2.o(.ARM.Collect$$libshutdown$$00000004)
    __rt_lib_shutdown_fini_1                 0x0800017d   Thumb Code     0  libshutdown2.o(.ARM.Collect$$libshutdown$$00000002)
    __rt_lib_shutdown_stdio_2                0x0800017d   Thumb Code     0  libshutdown2.o(.ARM.Collect$$libshutdown$$00000005)
    __rt_lib_shutdown_fp_trap_1              0x08000181   Thumb Code     0  libshutdown2.o(.ARM.Collect$$libshutdown$$00000009)
    __rt_lib_shutdown_heap_1                 0x08000181   Thumb Code     0  libshutdown2.o(.ARM.Collect$$libshutdown$$00000011)
    __rt_lib_shutdown_return                 0x08000181   Thumb Code     0  libshutdown2.o(.ARM.Collect$$libshutdown$$00000012)
    __rt_lib_shutdown_signal_1               0x08000181   Thumb Code     0  libshutdown2.o(.ARM.Collect$$libshutdown$$0000000C)
    __rt_lib_shutdown_stdio_1                0x08000181   Thumb Code     0  libshutdown2.o(.ARM.Collect$$libshutdown$$00000006)
    __rt_lib_shutdown_user_alloc_1           0x08000181   Thumb Code     0  libshutdown2.o(.ARM.Collect$$libshutdown$$0000000E)
    __rt_entry                               0x08000183   Thumb Code     0  __rtentry.o(.ARM.Collect$$rtentry$$00000000)
    __rt_entry_presh_1                       0x08000183   Thumb Code     0  __rtentry2.o(.ARM.Collect$$rtentry$$00000002)
    __rt_entry_sh                            0x08000183   Thumb Code     0  __rtentry4.o(.ARM.Collect$$rtentry$$00000004)
    __rt_entry_li                            0x08000189   Thumb Code     0  __rtentry2.o(.ARM.Collect$$rtentry$$0000000A)
    __rt_entry_postsh_1                      0x08000189   Thumb Code     0  __rtentry2.o(.ARM.Collect$$rtentry$$00000009)
    __rt_entry_main                          0x0800018d   Thumb Code     0  __rtentry2.o(.ARM.Collect$$rtentry$$0000000D)
    __rt_entry_postli_1                      0x0800018d   Thumb Code     0  __rtentry2.o(.ARM.Collect$$rtentry$$0000000C)
    __rt_exit                                0x08000195   Thumb Code     0  rtexit.o(.ARM.Collect$$rtexit$$00000000)
    __rt_exit_ls                             0x08000197   Thumb Code     0  rtexit2.o(.ARM.Collect$$rtexit$$00000003)
    __rt_exit_prels_1                        0x08000197   Thumb Code     0  rtexit2.o(.ARM.Collect$$rtexit$$00000002)
    __rt_exit_exit                           0x0800019b   Thumb Code     0  rtexit2.o(.ARM.Collect$$rtexit$$00000004)
    __asm___15_EventRecorder_c_e8d3082c__atomic_inc8 0x080001a1   Thumb Code    18  eventrecorder.o(.emb_text)
    __asm___15_EventRecorder_c_e8d3082c__atomic_inc32 0x080001b3   Thumb Code    18  eventrecorder.o(.emb_text)
    __asm___15_EventRecorder_c_e8d3082c__atomic_xch32 0x080001c5   Thumb Code    16  eventrecorder.o(.emb_text)
    __asm___15_EventRecorder_c_e8d3082c__LockRecord 0x080001d5   Thumb Code    34  eventrecorder.o(.emb_text)
    __asm___15_EventRecorder_c_e8d3082c__UnlockRecord 0x080001f7   Thumb Code    30  eventrecorder.o(.emb_text)
    Reset_Handler                            0x08000215   Thumb Code     8  startup_stm32f103xb.o(.text)
    _maybe_terminate_alloc                   0x08000215   Thumb Code     0  maybetermalloc1.o(.emb_text)
    ADC1_2_IRQHandler                        0x0800022f   Thumb Code     0  startup_stm32f103xb.o(.text)
    CAN1_RX1_IRQHandler                      0x0800022f   Thumb Code     0  startup_stm32f103xb.o(.text)
    CAN1_SCE_IRQHandler                      0x0800022f   Thumb Code     0  startup_stm32f103xb.o(.text)
    DMA1_Channel1_IRQHandler                 0x0800022f   Thumb Code     0  startup_stm32f103xb.o(.text)
    DMA1_Channel2_IRQHandler                 0x0800022f   Thumb Code     0  startup_stm32f103xb.o(.text)
    DMA1_Channel3_IRQHandler                 0x0800022f   Thumb Code     0  startup_stm32f103xb.o(.text)
    DMA1_Channel4_IRQHandler                 0x0800022f   Thumb Code     0  startup_stm32f103xb.o(.text)
    DMA1_Channel5_IRQHandler                 0x0800022f   Thumb Code     0  startup_stm32f103xb.o(.text)
    DMA1_Channel6_IRQHandler                 0x0800022f   Thumb Code     0  startup_stm32f103xb.o(.text)
    DMA1_Channel7_IRQHandler                 0x0800022f   Thumb Code     0  startup_stm32f103xb.o(.text)
    EXTI0_IRQHandler                         0x0800022f   Thumb Code     0  startup_stm32f103xb.o(.text)
    EXTI15_10_IRQHandler                     0x0800022f   Thumb Code     0  startup_stm32f103xb.o(.text)
    EXTI1_IRQHandler                         0x0800022f   Thumb Code     0  startup_stm32f103xb.o(.text)
    EXTI2_IRQHandler                         0x0800022f   Thumb Code     0  startup_stm32f103xb.o(.text)
    EXTI3_IRQHandler                         0x0800022f   Thumb Code     0  startup_stm32f103xb.o(.text)
    EXTI4_IRQHandler                         0x0800022f   Thumb Code     0  startup_stm32f103xb.o(.text)
    EXTI9_5_IRQHandler                       0x0800022f   Thumb Code     0  startup_stm32f103xb.o(.text)
    FLASH_IRQHandler                         0x0800022f   Thumb Code     0  startup_stm32f103xb.o(.text)
    I2C1_ER_IRQHandler                       0x0800022f   Thumb Code     0  startup_stm32f103xb.o(.text)
    I2C1_EV_IRQHandler                       0x0800022f   Thumb Code     0  startup_stm32f103xb.o(.text)
    I2C2_ER_IRQHandler                       0x0800022f   Thumb Code     0  startup_stm32f103xb.o(.text)
    I2C2_EV_IRQHandler                       0x0800022f   Thumb Code     0  startup_stm32f103xb.o(.text)
    PVD_IRQHandler                           0x0800022f   Thumb Code     0  startup_stm32f103xb.o(.text)
    RCC_IRQHandler                           0x0800022f   Thumb Code     0  startup_stm32f103xb.o(.text)
    RTC_Alarm_IRQHandler                     0x0800022f   Thumb Code     0  startup_stm32f103xb.o(.text)
    RTC_IRQHandler                           0x0800022f   Thumb Code     0  startup_stm32f103xb.o(.text)
    SPI1_IRQHandler                          0x0800022f   Thumb Code     0  startup_stm32f103xb.o(.text)
    SPI2_IRQHandler                          0x0800022f   Thumb Code     0  startup_stm32f103xb.o(.text)
    TAMPER_IRQHandler                        0x0800022f   Thumb Code     0  startup_stm32f103xb.o(.text)
    TIM1_BRK_IRQHandler                      0x0800022f   Thumb Code     0  startup_stm32f103xb.o(.text)
    TIM1_CC_IRQHandler                       0x0800022f   Thumb Code     0  startup_stm32f103xb.o(.text)
    TIM1_TRG_COM_IRQHandler                  0x0800022f   Thumb Code     0  startup_stm32f103xb.o(.text)
    TIM1_UP_IRQHandler                       0x0800022f   Thumb Code     0  startup_stm32f103xb.o(.text)
    TIM2_IRQHandler                          0x0800022f   Thumb Code     0  startup_stm32f103xb.o(.text)
    TIM3_IRQHandler                          0x0800022f   Thumb Code     0  startup_stm32f103xb.o(.text)
    TIM4_IRQHandler                          0x0800022f   Thumb Code     0  startup_stm32f103xb.o(.text)
    USART2_IRQHandler                        0x0800022f   Thumb Code     0  startup_stm32f103xb.o(.text)
    USART3_IRQHandler                        0x0800022f   Thumb Code     0  startup_stm32f103xb.o(.text)
    USBWakeUp_IRQHandler                     0x0800022f   Thumb Code     0  startup_stm32f103xb.o(.text)
    USB_HP_CAN1_TX_IRQHandler                0x0800022f   Thumb Code     0  startup_stm32f103xb.o(.text)
    USB_LP_CAN1_RX0_IRQHandler               0x0800022f   Thumb Code     0  startup_stm32f103xb.o(.text)
    WWDG_IRQHandler                          0x0800022f   Thumb Code     0  startup_stm32f103xb.o(.text)
    __user_initial_stackheap                 0x08000231   Thumb Code     0  startup_stm32f103xb.o(.text)
    malloc                                   0x08000255   Thumb Code    94  h1_alloc.o(.text)
    free                                     0x080002b3   Thumb Code    78  h1_free.o(.text)
    __aeabi_uldivmod                         0x08000301   Thumb Code     0  lludivv7m.o(.text)
    _ll_udiv                                 0x08000301   Thumb Code   238  lludivv7m.o(.text)
    __2printf                                0x080003f1   Thumb Code    20  noretval__2printf.o(.text)
    _printf_int_dec                          0x08000409   Thumb Code   104  _printf_dec.o(.text)
    __printf                                 0x08000481   Thumb Code   184  __printf_ss.o(.text)
    __aeabi_memcpy                           0x08000539   Thumb Code     0  rt_memcpy_v6.o(.text)
    __rt_memcpy                              0x08000539   Thumb Code   138  rt_memcpy_v6.o(.text)
    _memcpy_lastbytes                        0x0800059f   Thumb Code     0  rt_memcpy_v6.o(.text)
    __aeabi_memcpy4                          0x080005c3   Thumb Code     0  rt_memcpy_w.o(.text)
    __aeabi_memcpy8                          0x080005c3   Thumb Code     0  rt_memcpy_w.o(.text)
    __rt_memcpy_w                            0x080005c3   Thumb Code   100  rt_memcpy_w.o(.text)
    _memcpy_lastbytes_aligned                0x0800060b   Thumb Code     0  rt_memcpy_w.o(.text)
    __aeabi_memclr4                          0x08000627   Thumb Code     0  rt_memclr_w.o(.text)
    __aeabi_memclr8                          0x08000627   Thumb Code     0  rt_memclr_w.o(.text)
    __rt_memclr_w                            0x08000627   Thumb Code    78  rt_memclr_w.o(.text)
    _memset_w                                0x0800062b   Thumb Code     0  rt_memclr_w.o(.text)
    strcmp                                   0x08000675   Thumb Code   128  strcmpv7m.o(.text)
    __use_two_region_memory                  0x080006f5   Thumb Code     2  heapauxi.o(.text)
    __rt_heap_escrow                         0x080006f7   Thumb Code     2  heapauxi.o(.text)
    __rt_heap_expand                         0x080006f9   Thumb Code     2  heapauxi.o(.text)
    __rt_heap_descriptor                     0x080006fd   Thumb Code     8  rt_heap_descriptor_intlibspace.o(.text)
    __use_no_heap                            0x08000705   Thumb Code     2  hguard.o(.text)
    __heap$guard                             0x08000707   Thumb Code     2  hguard.o(.text)
    _terminate_user_alloc                    0x08000709   Thumb Code     2  init_alloc.o(.text)
    _init_user_alloc                         0x0800070b   Thumb Code     2  init_alloc.o(.text)
    __Heap_Full                              0x0800070d   Thumb Code    34  init_alloc.o(.text)
    __Heap_Broken                            0x0800072f   Thumb Code     6  init_alloc.o(.text)
    _init_alloc                              0x08000735   Thumb Code    94  init_alloc.o(.text)
    __Heap_Initialize                        0x08000793   Thumb Code    10  h1_init.o(.text)
    __Heap_DescSize                          0x0800079d   Thumb Code     4  h1_init.o(.text)
    _printf_int_common                       0x080007a1   Thumb Code   178  _printf_intcommon.o(.text)
    _printf_char_file                        0x08000855   Thumb Code    32  _printf_char_file.o(.text)
    __user_libspace                          0x08000879   Thumb Code     8  libspace.o(.text)
    __user_perproc_libspace                  0x08000879   Thumb Code     0  libspace.o(.text)
    __user_perthread_libspace                0x08000879   Thumb Code     0  libspace.o(.text)
    __Heap_ProvideMemory                     0x08000881   Thumb Code    52  h1_extend.o(.text)
    _printf_char_common                      0x080008bf   Thumb Code    32  _printf_char_common.o(.text)
    ferror                                   0x080008e5   Thumb Code     8  ferror.o(.text)
    _initio                                  0x080008ed   Thumb Code   210  initio.o(.text)
    _terminateio                             0x080009bf   Thumb Code    56  initio.o(.text)
    __rt_SIGRTMEM                            0x08000a25   Thumb Code    14  defsig_rtmem_outer.o(.text)
    __I$use$semihosting                      0x08000a33   Thumb Code     0  use_no_semi.o(.text)
    __use_no_semihosting_swi                 0x08000a33   Thumb Code     2  use_no_semi.o(.text)
    __semihosting_library_function           0x08000a35   Thumb Code     0  indicate_semi.o(.text)
    __user_setup_stackheap                   0x08000a35   Thumb Code    74  sys_stackheap_outer.o(.text)
    __flsbuf                                 0x08000a7f   Thumb Code   470  flsbuf.o(.text)
    __flsbuf_byte                            0x08000a7f   Thumb Code     0  flsbuf.o(.text)
    __flsbuf_wide                            0x08000a7f   Thumb Code     0  flsbuf.o(.text)
    setvbuf                                  0x08000c55   Thumb Code    70  setvbuf.o(.text)
    freopen                                  0x08000c9d   Thumb Code   158  fopen.o(.text)
    fopen                                    0x08000d3b   Thumb Code    74  fopen.o(.text)
    _fclose_internal                         0x08000d89   Thumb Code    76  fclose.o(.text)
    fclose                                   0x08000d89   Thumb Code     0  fclose.o(.text)
    exit                                     0x08000dd5   Thumb Code    18  exit.o(.text)
    __sig_exit                               0x08000de7   Thumb Code    10  defsig_exit.o(.text)
    __rt_SIGRTRED                            0x08000df1   Thumb Code    14  defsig_rtred_outer.o(.text)
    __rt_SIGRTMEM_inner                      0x08000e01   Thumb Code    22  defsig_rtmem_inner.o(.text)
    _sys_exit                                0x08000e51   Thumb Code     8  sys_exit.o(.text)
    _fseek                                   0x08000e5d   Thumb Code   242  fseek.o(.text)
    fseek                                    0x08000e5d   Thumb Code     0  fseek.o(.text)
    _seterr                                  0x08000f55   Thumb Code    20  stdio.o(.text)
    _writebuf                                0x08000f69   Thumb Code    84  stdio.o(.text)
    _fflush                                  0x08000fbd   Thumb Code    70  stdio.o(.text)
    _deferredlazyseek                        0x08001003   Thumb Code    60  stdio.o(.text)
    __default_signal_display                 0x08001045   Thumb Code    50  defsig_general.o(.text)
    __rt_SIGRTRED_inner                      0x08001079   Thumb Code    14  defsig_rtred_inner.o(.text)
    _ttywrch                                 0x080010ad   Thumb Code    14  sys_wrch.o(.text)
    _ftell_internal                          0x080010bb   Thumb Code    66  ftell.o(.text)
    ftell                                    0x080010bb   Thumb Code     0  ftell.o(.text)
    __aeabi_errno_addr                       0x080010fd   Thumb Code     8  rt_errno_addr_intlibspace.o(.text)
    __errno$intlibspace                      0x080010fd   Thumb Code     0  rt_errno_addr_intlibspace.o(.text)
    __rt_errno_addr$intlibspace              0x080010fd   Thumb Code     0  rt_errno_addr_intlibspace.o(.text)
    BusFault_Handler                         0x08001105   Thumb Code     2  stm32f1xx_it.o(i.BusFault_Handler)
    DebugMon_Handler                         0x08001107   Thumb Code     2  stm32f1xx_it.o(i.DebugMon_Handler)
    Error_Handler                            0x08001109   Thumb Code     4  main.o(i.Error_Handler)
    EventRecord2                             0x08001165   Thumb Code    54  eventrecorder.o(i.EventRecord2)
    EventRecordData                          0x0800119d   Thumb Code   242  eventrecorder.o(i.EventRecordData)
    EventRecorderEnable                      0x08001341   Thumb Code    86  eventrecorder.o(i.EventRecorderEnable)
    EventRecorderInitialize                  0x0800139d   Thumb Code   246  eventrecorder.o(i.EventRecorderInitialize)
    EventRecorderStart                       0x080014ad   Thumb Code    34  eventrecorder.o(i.EventRecorderStart)
    EventRecorderTimerGetCount               0x080014d9   Thumb Code     6  eventrecorder.o(i.EventRecorderTimerGetCount)
    EventRecorderTimerSetup                  0x080014e5   Thumb Code    24  eventrecorder.o(i.EventRecorderTimerSetup)
    HAL_DMA_Abort                            0x08001505   Thumb Code    70  stm32f1xx_hal_dma.o(i.HAL_DMA_Abort)
    HAL_DMA_Abort_IT                         0x0800154d   Thumb Code   148  stm32f1xx_hal_dma.o(i.HAL_DMA_Abort_IT)
    HAL_Delay                                0x080015e5   Thumb Code    32  stm32f1xx_hal.o(i.HAL_Delay)
    HAL_GPIO_Init                            0x08001609   Thumb Code   446  stm32f1xx_hal_gpio.o(i.HAL_GPIO_Init)
    HAL_GPIO_WritePin                        0x080017e9   Thumb Code    10  stm32f1xx_hal_gpio.o(i.HAL_GPIO_WritePin)
    HAL_GetTick                              0x080017f5   Thumb Code     6  stm32f1xx_hal.o(i.HAL_GetTick)
    HAL_IncTick                              0x08001801   Thumb Code    12  stm32f1xx_hal.o(i.HAL_IncTick)
    HAL_Init                                 0x08001811   Thumb Code    32  stm32f1xx_hal.o(i.HAL_Init)
    HAL_InitTick                             0x08001835   Thumb Code    54  stm32f1xx_hal.o(i.HAL_InitTick)
    HAL_MspInit                              0x08001875   Thumb Code    52  stm32f1xx_hal_msp.o(i.HAL_MspInit)
    HAL_NVIC_DisableIRQ                      0x080018b1   Thumb Code    34  stm32f1xx_hal_cortex.o(i.HAL_NVIC_DisableIRQ)
    HAL_NVIC_EnableIRQ                       0x080018d3   Thumb Code    26  stm32f1xx_hal_cortex.o(i.HAL_NVIC_EnableIRQ)
    HAL_NVIC_SetPriority                     0x080018ed   Thumb Code    60  stm32f1xx_hal_cortex.o(i.HAL_NVIC_SetPriority)
    HAL_NVIC_SetPriorityGrouping             0x0800192d   Thumb Code    26  stm32f1xx_hal_cortex.o(i.HAL_NVIC_SetPriorityGrouping)
    HAL_RCC_ClockConfig                      0x08001951   Thumb Code   280  stm32f1xx_hal_rcc.o(i.HAL_RCC_ClockConfig)
    HAL_RCC_GetPCLK1Freq                     0x08001a7d   Thumb Code    20  stm32f1xx_hal_rcc.o(i.HAL_RCC_GetPCLK1Freq)
    HAL_RCC_GetPCLK2Freq                     0x08001a9d   Thumb Code    20  stm32f1xx_hal_rcc.o(i.HAL_RCC_GetPCLK2Freq)
    HAL_RCC_GetSysClockFreq                  0x08001abd   Thumb Code    80  stm32f1xx_hal_rcc.o(i.HAL_RCC_GetSysClockFreq)
    HAL_RCC_OscConfig                        0x08001b31   Thumb Code   778  stm32f1xx_hal_rcc.o(i.HAL_RCC_OscConfig)
    HAL_SPI_Init                             0x08001e51   Thumb Code   178  stm32f1xx_hal_spi.o(i.HAL_SPI_Init)
    HAL_SPI_MspInit                          0x08001f05   Thumb Code    98  spi.o(i.HAL_SPI_MspInit)
    HAL_SPI_Receive                          0x08001f75   Thumb Code   346  stm32f1xx_hal_spi.o(i.HAL_SPI_Receive)
    HAL_SPI_Transmit                         0x080020cf   Thumb Code   358  stm32f1xx_hal_spi.o(i.HAL_SPI_Transmit)
    HAL_SPI_TransmitReceive                  0x08002235   Thumb Code   482  stm32f1xx_hal_spi.o(i.HAL_SPI_TransmitReceive)
    HAL_SYSTICK_Config                       0x08002417   Thumb Code    40  stm32f1xx_hal_cortex.o(i.HAL_SYSTICK_Config)
    HAL_UARTEx_RxEventCallback               0x0800243f   Thumb Code     2  stm32f1xx_hal_uart.o(i.HAL_UARTEx_RxEventCallback)
    HAL_UART_ErrorCallback                   0x08002441   Thumb Code     2  stm32f1xx_hal_uart.o(i.HAL_UART_ErrorCallback)
    HAL_UART_IRQHandler                      0x08002445   Thumb Code   520  stm32f1xx_hal_uart.o(i.HAL_UART_IRQHandler)
    HAL_UART_Init                            0x08002651   Thumb Code    98  stm32f1xx_hal_uart.o(i.HAL_UART_Init)
    HAL_UART_MspInit                         0x080026b5   Thumb Code   116  usart.o(i.HAL_UART_MspInit)
    HAL_UART_Receive_IT                      0x08002735   Thumb Code    42  stm32f1xx_hal_uart.o(i.HAL_UART_Receive_IT)
    HAL_UART_RxCpltCallback                  0x08002761   Thumb Code    14  main.o(i.HAL_UART_RxCpltCallback)
    HAL_UART_Transmit                        0x08002779   Thumb Code   178  stm32f1xx_hal_uart.o(i.HAL_UART_Transmit)
    HAL_UART_TxCpltCallback                  0x0800282b   Thumb Code     2  stm32f1xx_hal_uart.o(i.HAL_UART_TxCpltCallback)
    HardFault_Handler                        0x0800282d   Thumb Code     2  stm32f1xx_it.o(i.HardFault_Handler)
    MX_GPIO_Init                             0x08002831   Thumb Code   158  gpio.o(i.MX_GPIO_Init)
    MX_SPI1_Init                             0x080028e1   Thumb Code    62  spi.o(i.MX_SPI1_Init)
    MX_USART1_UART_Init                      0x08002929   Thumb Code    48  usart.o(i.MX_USART1_UART_Init)
    MemManage_Handler                        0x08002961   Thumb Code     2  stm32f1xx_it.o(i.MemManage_Handler)
    NMI_Handler                              0x08002963   Thumb Code     2  stm32f1xx_it.o(i.NMI_Handler)
    PendSV_Handler                           0x08002965   Thumb Code     2  stm32f1xx_it.o(i.PendSV_Handler)
    SVC_Handler                              0x08002aa9   Thumb Code     2  stm32f1xx_it.o(i.SVC_Handler)
    SysTick_Handler                          0x08002aab   Thumb Code     4  stm32f1xx_it.o(i.SysTick_Handler)
    SystemClock_Config                       0x08002aaf   Thumb Code    92  main.o(i.SystemClock_Config)
    SystemInit                               0x08002b0b   Thumb Code     2  system_stm32f1xx.o(i.SystemInit)
    UART_Start_Receive_IT                    0x08002cbd   Thumb Code    54  stm32f1xx_hal_uart.o(i.UART_Start_Receive_IT)
    USART1_IRQHandler                        0x08002d59   Thumb Code     6  stm32f1xx_it.o(i.USART1_IRQHandler)
    UWB_ActivateRX                           0x08002d65   Thumb Code    20  uwb_ui.o(i.UWB_ActivateRX)
    UWB_DM_clear                             0x08002d79   Thumb Code    60  uwb_distance_meter.o(i.UWB_DM_clear)
    UWB_DM_fillMessage                       0x08002db5   Thumb Code   142  uwb_distance_meter.o(i.UWB_DM_fillMessage)
    UWB_DM_getAllTimes                       0x08002e43   Thumb Code    66  uwb_distance_meter.o(i.UWB_DM_getAllTimes)
    UWB_DM_init                              0x08002e85   Thumb Code   236  uwb_distance_meter.o(i.UWB_DM_init)
    UWB_DM_iterate                           0x08002f71   Thumb Code   152  uwb_distance_meter.o(i.UWB_DM_iterate)
    UWB_DM_parseMessage                      0x08003009   Thumb Code   418  uwb_distance_meter.o(i.UWB_DM_parseMessage)
    UWB_DM_reset                             0x080031ab   Thumb Code   114  uwb_distance_meter.o(i.UWB_DM_reset)
    UWB_GetRxTimestamp64                     0x0800321d   Thumb Code    58  uwb_ui.o(i.UWB_GetRxTimestamp64)
    UWB_GetTxTimestamp64                     0x0800325d   Thumb Code    58  uwb_ui.o(i.UWB_GetTxTimestamp64)
    UWB_INTERFACE_calibrate                  0x0800329d   Thumb Code    20  uwb_boat_interface.o(i.UWB_INTERFACE_calibrate)
    UWB_INTERFACE_getReceiveBuffer           0x080032b5   Thumb Code     6  uwb_boat_interface.o(i.UWB_INTERFACE_getReceiveBuffer)
    UWB_INTERFACE_getReceiveLength           0x080032c1   Thumb Code    12  uwb_boat_interface.o(i.UWB_INTERFACE_getReceiveLength)
    UWB_INTERFACE_getTransmitBuffer          0x080032d1   Thumb Code     6  uwb_boat_interface.o(i.UWB_INTERFACE_getTransmitBuffer)
    UWB_INTERFACE_getTransmitLength          0x080032dd   Thumb Code    12  uwb_boat_interface.o(i.UWB_INTERFACE_getTransmitLength)
    UWB_INTERFACE_initMessageBuffer          0x080032ed   Thumb Code   108  uwb_boat_interface.o(i.UWB_INTERFACE_initMessageBuffer)
    UWB_INTERFACE_initSelf                   0x0800335d   Thumb Code    84  uwb_boat_interface.o(i.UWB_INTERFACE_initSelf)
    UWB_INTERFACE_isLastMessageIncorrect     0x080033b5   Thumb Code    12  uwb_boat_interface.o(i.UWB_INTERFACE_isLastMessageIncorrect)
    UWB_INTERFACE_iterate                    0x080033c5   Thumb Code    70  uwb_boat_interface.o(i.UWB_INTERFACE_iterate)
    UWB_INTERFACE_iterateDM                  0x08003411   Thumb Code    90  uwb_boat_interface.o(i.UWB_INTERFACE_iterateDM)
    UWB_INTERFACE_manageDM                   0x08003471   Thumb Code    58  uwb_boat_interface.o(i.UWB_INTERFACE_manageDM)
    UWB_INTERFACE_markGetMessage             0x080034b1   Thumb Code    14  uwb_boat_interface.o(i.UWB_INTERFACE_markGetMessage)
    UWB_INTERFACE_parseMessage               0x080034c5   Thumb Code    70  uwb_boat_interface.o(i.UWB_INTERFACE_parseMessage)
    UWB_INTERFACE_repairSelf                 0x08003511   Thumb Code    32  uwb_boat_interface.o(i.UWB_INTERFACE_repairSelf)
    UWB_Init                                 0x08003535   Thumb Code    70  uwb_ui.o(i.UWB_Init)
    UWB_SendMessage                          0x08003581   Thumb Code    58  uwb_ui.o(i.UWB_SendMessage)
    UWB_WaitForMessage                       0x080035bd   Thumb Code   112  uwb_ui.o(i.UWB_WaitForMessage)
    UsageFault_Handler                       0x08003631   Thumb Code     2  stm32f1xx_it.o(i.UsageFault_Handler)
    _dwt_aonarrayupload                      0x08003653   Thumb Code    26  deca_device.o(i._dwt_aonarrayupload)
    _dwt_configlde                           0x0800366d   Thumb Code    42  deca_device.o(i._dwt_configlde)
    _dwt_disablesequencing                   0x08003697   Thumb Code    22  deca_device.o(i._dwt_disablesequencing)
    _dwt_enableclocks                        0x080036ad   Thumb Code   206  deca_device.o(i._dwt_enableclocks)
    _dwt_loaducodefromrom                    0x0800377b   Thumb Code    36  deca_device.o(i._dwt_loaducodefromrom)
    _dwt_otpread                             0x0800379f   Thumb Code    44  deca_device.o(i._dwt_otpread)
    _sys_close                               0x080037cb   Thumb Code    24  retarget_io.o(i._sys_close)
    _sys_flen                                0x080037e3   Thumb Code    12  retarget_io.o(i._sys_flen)
    _sys_istty                               0x080037ef   Thumb Code    24  retarget_io.o(i._sys_istty)
    _sys_open                                0x08003809   Thumb Code    68  retarget_io.o(i._sys_open)
    _sys_seek                                0x08003865   Thumb Code     6  retarget_io.o(i._sys_seek)
    _sys_write                               0x0800386d   Thumb Code    90  retarget_io.o(i._sys_write)
    addCrc16                                 0x080038d1   Thumb Code    14  crc.o(i.addCrc16)
    calculateCrc16                           0x080038df   Thumb Code    50  crc.o(i.calculateCrc16)
    checkCrc16                               0x08003911   Thumb Code    24  crc.o(i.checkCrc16)
    deca_sleep                               0x08003929   Thumb Code     4  deca_sleep.o(i.deca_sleep)
    decamutexoff                             0x0800392d   Thumb Code    12  deca_mutex.o(i.decamutexoff)
    decamutexon                              0x08003939   Thumb Code    22  deca_mutex.o(i.decamutexon)
    dwt_configure                            0x08003955   Thumb Code   488  deca_device.o(i.dwt_configure)
    dwt_forcetrxoff                          0x08003b6d   Thumb Code    78  deca_device.o(i.dwt_forcetrxoff)
    dwt_initialise                           0x08003bc5   Thumb Code   354  deca_device.o(i.dwt_initialise)
    dwt_read16bitoffsetreg                   0x08003d31   Thumb Code    30  deca_device.o(i.dwt_read16bitoffsetreg)
    dwt_read32bitoffsetreg                   0x08003d4f   Thumb Code    34  deca_device.o(i.dwt_read32bitoffsetreg)
    dwt_read8bitoffsetreg                    0x08003d71   Thumb Code    20  deca_device.o(i.dwt_read8bitoffsetreg)
    dwt_readdevid                            0x08003d85   Thumb Code     8  deca_device.o(i.dwt_readdevid)
    dwt_readfromdevice                       0x08003d8d   Thumb Code    58  deca_device.o(i.dwt_readfromdevice)
    dwt_readrxdata                           0x08003dc7   Thumb Code    18  deca_device.o(i.dwt_readrxdata)
    dwt_readrxtimestamp                      0x08003dd9   Thumb Code    12  deca_device.o(i.dwt_readrxtimestamp)
    dwt_readtxtimestamp                      0x08003de5   Thumb Code    12  deca_device.o(i.dwt_readtxtimestamp)
    dwt_rxenable                             0x08003df1   Thumb Code    78  deca_device.o(i.dwt_rxenable)
    dwt_setrxantennadelay                    0x08003e3f   Thumb Code    12  deca_device.o(i.dwt_setrxantennadelay)
    dwt_setrxtimeout                         0x08003e4d   Thumb Code    68  deca_device.o(i.dwt_setrxtimeout)
    dwt_settxantennadelay                    0x08003e95   Thumb Code    10  deca_device.o(i.dwt_settxantennadelay)
    dwt_setxtaltrim                          0x08003e9f   Thumb Code    16  deca_device.o(i.dwt_setxtaltrim)
    dwt_softreset                            0x08003eb1   Thumb Code    66  deca_device.o(i.dwt_softreset)
    dwt_starttx                              0x08003ef9   Thumb Code    82  deca_device.o(i.dwt_starttx)
    dwt_syncrxbufptrs                        0x08003f51   Thumb Code    40  deca_device.o(i.dwt_syncrxbufptrs)
    dwt_write16bitoffsetreg                  0x08003f79   Thumb Code    26  deca_device.o(i.dwt_write16bitoffsetreg)
    dwt_write32bitoffsetreg                  0x08003f93   Thumb Code    30  deca_device.o(i.dwt_write32bitoffsetreg)
    dwt_write8bitoffsetreg                   0x08003fb1   Thumb Code    16  deca_device.o(i.dwt_write8bitoffsetreg)
    dwt_writetodevice                        0x08003fc1   Thumb Code    62  deca_device.o(i.dwt_writetodevice)
    dwt_writetxdata                          0x08003fff   Thumb Code    34  deca_device.o(i.dwt_writetxdata)
    dwt_writetxfctrl                         0x08004021   Thumb Code    24  deca_device.o(i.dwt_writetxfctrl)
    fputc                                    0x0800403d   Thumb Code    26  fputc.o(i.fputc)
    main                                     0x08004059   Thumb Code   208  main.o(i.main)
    read40to64bit                            0x08004179   Thumb Code    14  uwb_distance_meter.o(i.read40to64bit)
    readfromspi                              0x08004189   Thumb Code    92  deca_spi.o(i.readfromspi)
    reset_DW1000                             0x080041ed   Thumb Code    54  dw1000.o(i.reset_DW1000)
    spi_set_rate_high                        0x08004229   Thumb Code    10  dw1000.o(i.spi_set_rate_high)
    spi_set_rate_low                         0x08004239   Thumb Code    10  dw1000.o(i.spi_set_rate_low)
    write64to40bit                           0x08004249   Thumb Code     6  uwb_distance_meter.o(i.write64to40bit)
    writetospi                               0x08004251   Thumb Code    92  deca_spi.o(i.writetospi)
    chan_idx                                 0x080042c0   Data           8  deca_params_init.o(.constdata)
    tx_config                                0x080042c8   Data          24  deca_params_init.o(.constdata)
    fs_pll_cfg                               0x080042e0   Data          24  deca_params_init.o(.constdata)
    fs_pll_tune                              0x080042f8   Data           6  deca_params_init.o(.constdata)
    rx_config                                0x080042fe   Data           2  deca_params_init.o(.constdata)
    agc_config                               0x08004300   Data           8  deca_params_init.o(.constdata)
    dwnsSFDlen                               0x08004308   Data           3  deca_params_init.o(.constdata)
    sftsh                                    0x0800430c   Data          12  deca_params_init.o(.constdata)
    dtune1                                   0x08004318   Data           4  deca_params_init.o(.constdata)
    digital_bb_config                        0x0800431c   Data          32  deca_params_init.o(.constdata)
    lde_replicaCoeff                         0x0800433c   Data          50  deca_params_init.o(.constdata)
    AHBPrescTable                            0x0800436e   Data          16  system_stm32f1xx.o(.constdata)
    APBPrescTable                            0x0800437e   Data           8  system_stm32f1xx.o(.constdata)
    EventRecorderInfo                        0x08004388   Data          24  eventrecorder.o(.constdata)
    __stdin_name                             0x080043a0   Data           7  retarget_io.o(.constdata)
    __stdout_name                            0x080043a7   Data           8  retarget_io.o(.constdata)
    __stderr_name                            0x080043af   Data           8  retarget_io.o(.constdata)
    Region$$Table$$Base                      0x080043b8   Number         0  anon$$obj.o(Region$$Table)
    Region$$Table$$Limit                     0x080043d8   Number         0  anon$$obj.o(Region$$Table)
    init_buffer                              0x20000004   Data           6  uwb_boat_interface.o(.data)
    uwb_boat_interface                       0x20000010   Data          72  uwb_boat_interface.o(.data)
    boat_uart_rx_flag                        0x20000058   Data           1  main.o(.data)
    uwTickFreq                               0x2000005c   Data           1  stm32f1xx_hal.o(.data)
    uwTickPrio                               0x20000060   Data           4  stm32f1xx_hal.o(.data)
    uwTick                                   0x20000064   Data           4  stm32f1xx_hal.o(.data)
    SystemCoreClock                          0x20000068   Data           4  system_stm32f1xx.o(.data)
    __aeabi_stdin                            0x20000078   Data           4  stdio_streams.o(.data)
    __aeabi_stdout                           0x2000007c   Data           4  stdio_streams.o(.data)
    __aeabi_stderr                           0x20000080   Data           4  stdio_streams.o(.data)
    hspi1                                    0x200000bc   Data          88  spi.o(.bss)
    huart1                                   0x20000114   Data          68  usart.o(.bss)
    __stdin                                  0x20000158   Data          84  stdio_streams.o(.bss)
    __stdout                                 0x200001ac   Data          84  stdio_streams.o(.bss)
    __stderr                                 0x20000200   Data          84  stdio_streams.o(.bss)
    __libspace_start                         0x20000254   Data          96  libspace.o(.bss)
    __temporary_stack_top$libspace           0x200002b4   Data           0  libspace.o(.bss)



==============================================================================

Memory Map of the image

  Image Entry point : 0x080000ed

  Load Region LR_IROM1 (Base: 0x08000000, Size: 0x0000445c, Max: 0x00010000, ABSOLUTE)

    Execution Region ER_IROM1 (Exec base: 0x08000000, Load base: 0x08000000, Size: 0x000043d8, Max: 0x00010000, ABSOLUTE)

    Exec Addr    Load Addr    Size         Type   Attr      Idx    E Section Name        Object

    0x08000000   0x08000000   0x000000ec   Data   RO            3    RESET               startup_stm32f103xb.o
    0x080000ec   0x080000ec   0x00000008   Code   RO         3764  * !!!main             c_w.l(__main.o)
    0x080000f4   0x080000f4   0x00000034   Code   RO         4082    !!!scatter          c_w.l(__scatter.o)
    0x08000128   0x08000128   0x0000001a   Code   RO         4084    !!handler_copy      c_w.l(__scatter_copy.o)
    0x08000142   0x08000142   0x00000002   PAD
    0x08000144   0x08000144   0x0000001c   Code   RO         4086    !!handler_zi        c_w.l(__scatter_zi.o)
    0x08000160   0x08000160   0x00000000   Code   RO         3752    .ARM.Collect$$_printf_percent$$00000000  c_w.l(_printf_percent.o)
    0x08000160   0x08000160   0x00000006   Code   RO         3751    .ARM.Collect$$_printf_percent$$0000000A  c_w.l(_printf_u.o)
    0x08000166   0x08000166   0x00000004   Code   RO         3824    .ARM.Collect$$_printf_percent$$00000017  c_w.l(_printf_percent_end.o)
    0x0800016a   0x0800016a   0x00000002   Code   RO         3990    .ARM.Collect$$libinit$$00000000  c_w.l(libinit.o)
    0x0800016c   0x0800016c   0x00000000   Code   RO         3835    .ARM.Collect$$libinit$$00000002  c_w.l(libinit2.o)
    0x0800016c   0x0800016c   0x00000000   Code   RO         3837    .ARM.Collect$$libinit$$00000004  c_w.l(libinit2.o)
    0x0800016c   0x0800016c   0x00000008   Code   RO         3838    .ARM.Collect$$libinit$$00000005  c_w.l(libinit2.o)
    0x08000174   0x08000174   0x00000000   Code   RO         3840    .ARM.Collect$$libinit$$0000000A  c_w.l(libinit2.o)
    0x08000174   0x08000174   0x00000000   Code   RO         3842    .ARM.Collect$$libinit$$0000000C  c_w.l(libinit2.o)
    0x08000174   0x08000174   0x00000000   Code   RO         3844    .ARM.Collect$$libinit$$0000000E  c_w.l(libinit2.o)
    0x08000174   0x08000174   0x00000000   Code   RO         3847    .ARM.Collect$$libinit$$00000011  c_w.l(libinit2.o)
    0x08000174   0x08000174   0x00000000   Code   RO         3849    .ARM.Collect$$libinit$$00000013  c_w.l(libinit2.o)
    0x08000174   0x08000174   0x00000000   Code   RO         3851    .ARM.Collect$$libinit$$00000015  c_w.l(libinit2.o)
    0x08000174   0x08000174   0x00000000   Code   RO         3853    .ARM.Collect$$libinit$$00000017  c_w.l(libinit2.o)
    0x08000174   0x08000174   0x00000000   Code   RO         3855    .ARM.Collect$$libinit$$00000019  c_w.l(libinit2.o)
    0x08000174   0x08000174   0x00000000   Code   RO         3857    .ARM.Collect$$libinit$$0000001B  c_w.l(libinit2.o)
    0x08000174   0x08000174   0x00000000   Code   RO         3859    .ARM.Collect$$libinit$$0000001D  c_w.l(libinit2.o)
    0x08000174   0x08000174   0x00000000   Code   RO         3861    .ARM.Collect$$libinit$$0000001F  c_w.l(libinit2.o)
    0x08000174   0x08000174   0x00000000   Code   RO         3863    .ARM.Collect$$libinit$$00000021  c_w.l(libinit2.o)
    0x08000174   0x08000174   0x00000000   Code   RO         3865    .ARM.Collect$$libinit$$00000023  c_w.l(libinit2.o)
    0x08000174   0x08000174   0x00000004   Code   RO         3866    .ARM.Collect$$libinit$$00000024  c_w.l(libinit2.o)
    0x08000178   0x08000178   0x00000000   Code   RO         3867    .ARM.Collect$$libinit$$00000025  c_w.l(libinit2.o)
    0x08000178   0x08000178   0x00000000   Code   RO         3871    .ARM.Collect$$libinit$$0000002C  c_w.l(libinit2.o)
    0x08000178   0x08000178   0x00000000   Code   RO         3873    .ARM.Collect$$libinit$$0000002E  c_w.l(libinit2.o)
    0x08000178   0x08000178   0x00000000   Code   RO         3875    .ARM.Collect$$libinit$$00000030  c_w.l(libinit2.o)
    0x08000178   0x08000178   0x00000000   Code   RO         3877    .ARM.Collect$$libinit$$00000032  c_w.l(libinit2.o)
    0x08000178   0x08000178   0x00000002   Code   RO         3878    .ARM.Collect$$libinit$$00000033  c_w.l(libinit2.o)
    0x0800017a   0x0800017a   0x00000002   Code   RO         4079    .ARM.Collect$$libshutdown$$00000000  c_w.l(libshutdown.o)
    0x0800017c   0x0800017c   0x00000000   Code   RO         3992    .ARM.Collect$$libshutdown$$00000002  c_w.l(libshutdown2.o)
    0x0800017c   0x0800017c   0x00000000   Code   RO         3994    .ARM.Collect$$libshutdown$$00000004  c_w.l(libshutdown2.o)
    0x0800017c   0x0800017c   0x00000004   Code   RO         3995    .ARM.Collect$$libshutdown$$00000005  c_w.l(libshutdown2.o)
    0x08000180   0x08000180   0x00000000   Code   RO         3996    .ARM.Collect$$libshutdown$$00000006  c_w.l(libshutdown2.o)
    0x08000180   0x08000180   0x00000000   Code   RO         3999    .ARM.Collect$$libshutdown$$00000009  c_w.l(libshutdown2.o)
    0x08000180   0x08000180   0x00000000   Code   RO         4002    .ARM.Collect$$libshutdown$$0000000C  c_w.l(libshutdown2.o)
    0x08000180   0x08000180   0x00000000   Code   RO         4004    .ARM.Collect$$libshutdown$$0000000E  c_w.l(libshutdown2.o)
    0x08000180   0x08000180   0x00000000   Code   RO         4007    .ARM.Collect$$libshutdown$$00000011  c_w.l(libshutdown2.o)
    0x08000180   0x08000180   0x00000002   Code   RO         4008    .ARM.Collect$$libshutdown$$00000012  c_w.l(libshutdown2.o)
    0x08000182   0x08000182   0x00000000   Code   RO         3788    .ARM.Collect$$rtentry$$00000000  c_w.l(__rtentry.o)
    0x08000182   0x08000182   0x00000000   Code   RO         3892    .ARM.Collect$$rtentry$$00000002  c_w.l(__rtentry2.o)
    0x08000182   0x08000182   0x00000006   Code   RO         3904    .ARM.Collect$$rtentry$$00000004  c_w.l(__rtentry4.o)
    0x08000188   0x08000188   0x00000000   Code   RO         3894    .ARM.Collect$$rtentry$$00000009  c_w.l(__rtentry2.o)
    0x08000188   0x08000188   0x00000004   Code   RO         3895    .ARM.Collect$$rtentry$$0000000A  c_w.l(__rtentry2.o)
    0x0800018c   0x0800018c   0x00000000   Code   RO         3897    .ARM.Collect$$rtentry$$0000000C  c_w.l(__rtentry2.o)
    0x0800018c   0x0800018c   0x00000008   Code   RO         3898    .ARM.Collect$$rtentry$$0000000D  c_w.l(__rtentry2.o)
    0x08000194   0x08000194   0x00000002   Code   RO         4013    .ARM.Collect$$rtexit$$00000000  c_w.l(rtexit.o)
    0x08000196   0x08000196   0x00000000   Code   RO         4042    .ARM.Collect$$rtexit$$00000002  c_w.l(rtexit2.o)
    0x08000196   0x08000196   0x00000004   Code   RO         4043    .ARM.Collect$$rtexit$$00000003  c_w.l(rtexit2.o)
    0x0800019a   0x0800019a   0x00000006   Code   RO         4044    .ARM.Collect$$rtexit$$00000004  c_w.l(rtexit2.o)
    0x080001a0   0x080001a0   0x00000074   Code   RO         3456    .emb_text           eventrecorder.o
    0x08000214   0x08000214   0x00000000   Code   RO         3910    .emb_text           c_w.l(maybetermalloc1.o)
    0x08000214   0x08000214   0x00000040   Code   RO            4    .text               startup_stm32f103xb.o
    0x08000254   0x08000254   0x0000005e   Code   RO         3656    .text               c_w.l(h1_alloc.o)
    0x080002b2   0x080002b2   0x0000004e   Code   RO         3658    .text               c_w.l(h1_free.o)
    0x08000300   0x08000300   0x000000ee   Code   RO         3714    .text               c_w.l(lludivv7m.o)
    0x080003ee   0x080003ee   0x00000002   PAD
    0x080003f0   0x080003f0   0x00000018   Code   RO         3722    .text               c_w.l(noretval__2printf.o)
    0x08000408   0x08000408   0x00000078   Code   RO         3726    .text               c_w.l(_printf_dec.o)
    0x08000480   0x08000480   0x000000b8   Code   RO         3733    .text               c_w.l(__printf_ss.o)
    0x08000538   0x08000538   0x0000008a   Code   RO         3754    .text               c_w.l(rt_memcpy_v6.o)
    0x080005c2   0x080005c2   0x00000064   Code   RO         3756    .text               c_w.l(rt_memcpy_w.o)
    0x08000626   0x08000626   0x0000004e   Code   RO         3758    .text               c_w.l(rt_memclr_w.o)
    0x08000674   0x08000674   0x00000080   Code   RO         3760    .text               c_w.l(strcmpv7m.o)
    0x080006f4   0x080006f4   0x00000006   Code   RO         3762    .text               c_w.l(heapauxi.o)
    0x080006fa   0x080006fa   0x00000002   PAD
    0x080006fc   0x080006fc   0x00000008   Code   RO         3796    .text               c_w.l(rt_heap_descriptor_intlibspace.o)
    0x08000704   0x08000704   0x00000004   Code   RO         3798    .text               c_w.l(hguard.o)
    0x08000708   0x08000708   0x0000008a   Code   RO         3800    .text               c_w.l(init_alloc.o)
    0x08000792   0x08000792   0x0000000e   Code   RO         3804    .text               c_w.l(h1_init.o)
    0x080007a0   0x080007a0   0x000000b2   Code   RO         3820    .text               c_w.l(_printf_intcommon.o)
    0x08000852   0x08000852   0x00000002   PAD
    0x08000854   0x08000854   0x00000024   Code   RO         3822    .text               c_w.l(_printf_char_file.o)
    0x08000878   0x08000878   0x00000008   Code   RO         3888    .text               c_w.l(libspace.o)
    0x08000880   0x08000880   0x00000034   Code   RO         3912    .text               c_w.l(h1_extend.o)
    0x080008b4   0x080008b4   0x00000030   Code   RO         3916    .text               c_w.l(_printf_char_common.o)
    0x080008e4   0x080008e4   0x00000008   Code   RO         3918    .text               c_w.l(ferror.o)
    0x080008ec   0x080008ec   0x00000138   Code   RO         3924    .text               c_w.l(initio.o)
    0x08000a24   0x08000a24   0x0000000e   Code   RO         3932    .text               c_w.l(defsig_rtmem_outer.o)
    0x08000a32   0x08000a32   0x00000002   Code   RO         3943    .text               c_w.l(use_no_semi.o)
    0x08000a34   0x08000a34   0x00000000   Code   RO         3945    .text               c_w.l(indicate_semi.o)
    0x08000a34   0x08000a34   0x0000004a   Code   RO         3946    .text               c_w.l(sys_stackheap_outer.o)
    0x08000a7e   0x08000a7e   0x000001d6   Code   RO         3954    .text               c_w.l(flsbuf.o)
    0x08000c54   0x08000c54   0x00000046   Code   RO         3956    .text               c_w.l(setvbuf.o)
    0x08000c9a   0x08000c9a   0x00000002   PAD
    0x08000c9c   0x08000c9c   0x000000ec   Code   RO         3959    .text               c_w.l(fopen.o)
    0x08000d88   0x08000d88   0x0000004c   Code   RO         3961    .text               c_w.l(fclose.o)
    0x08000dd4   0x08000dd4   0x00000012   Code   RO         3967    .text               c_w.l(exit.o)
    0x08000de6   0x08000de6   0x0000000a   Code   RO         3969    .text               c_w.l(defsig_exit.o)
    0x08000df0   0x08000df0   0x0000000e   Code   RO         3975    .text               c_w.l(defsig_rtred_outer.o)
    0x08000dfe   0x08000dfe   0x00000002   PAD
    0x08000e00   0x08000e00   0x00000050   Code   RO         3979    .text               c_w.l(defsig_rtmem_inner.o)
    0x08000e50   0x08000e50   0x0000000c   Code   RO         4011    .text               c_w.l(sys_exit.o)
    0x08000e5c   0x08000e5c   0x000000f8   Code   RO         4021    .text               c_w.l(fseek.o)
    0x08000f54   0x08000f54   0x000000f0   Code   RO         4023    .text               c_w.l(stdio.o)
    0x08001044   0x08001044   0x00000032   Code   RO         4031    .text               c_w.l(defsig_general.o)
    0x08001076   0x08001076   0x00000002   PAD
    0x08001078   0x08001078   0x00000034   Code   RO         4035    .text               c_w.l(defsig_rtred_inner.o)
    0x080010ac   0x080010ac   0x0000000e   Code   RO         4039    .text               c_w.l(sys_wrch.o)
    0x080010ba   0x080010ba   0x00000042   Code   RO         4052    .text               c_w.l(ftell.o)
    0x080010fc   0x080010fc   0x00000008   Code   RO         4063    .text               c_w.l(rt_errno_addr_intlibspace.o)
    0x08001104   0x08001104   0x00000002   Code   RO         1586    i.BusFault_Handler  stm32f1xx_it.o
    0x08001106   0x08001106   0x00000002   Code   RO         1587    i.DebugMon_Handler  stm32f1xx_it.o
    0x08001108   0x08001108   0x00000004   Code   RO         1420    i.Error_Handler     main.o
    0x0800110c   0x0800110c   0x00000024   Code   RO         3457    i.EventCheckFilter  eventrecorder.o
    0x08001130   0x08001130   0x00000034   Code   RO         3458    i.EventGetTS        eventrecorder.o
    0x08001164   0x08001164   0x00000036   Code   RO         3459    i.EventRecord2      eventrecorder.o
    0x0800119a   0x0800119a   0x00000002   PAD
    0x0800119c   0x0800119c   0x000000f8   Code   RO         3461    i.EventRecordData   eventrecorder.o
    0x08001294   0x08001294   0x000000ac   Code   RO         3462    i.EventRecordItem   eventrecorder.o
    0x08001340   0x08001340   0x0000005c   Code   RO         3465    i.EventRecorderEnable  eventrecorder.o
    0x0800139c   0x0800139c   0x00000110   Code   RO         3466    i.EventRecorderInitialize  eventrecorder.o
    0x080014ac   0x080014ac   0x0000002c   Code   RO         3467    i.EventRecorderStart  eventrecorder.o
    0x080014d8   0x080014d8   0x0000000c   Code   RO         3469    i.EventRecorderTimerGetCount  eventrecorder.o
    0x080014e4   0x080014e4   0x00000020   Code   RO         3471    i.EventRecorderTimerSetup  eventrecorder.o
    0x08001504   0x08001504   0x00000046   Code   RO         2429    i.HAL_DMA_Abort     stm32f1xx_hal_dma.o
    0x0800154a   0x0800154a   0x00000002   PAD
    0x0800154c   0x0800154c   0x00000098   Code   RO         2430    i.HAL_DMA_Abort_IT  stm32f1xx_hal_dma.o
    0x080015e4   0x080015e4   0x00000024   Code   RO         2057    i.HAL_Delay         stm32f1xx_hal.o
    0x08001608   0x08001608   0x000001e0   Code   RO         2365    i.HAL_GPIO_Init     stm32f1xx_hal_gpio.o
    0x080017e8   0x080017e8   0x0000000a   Code   RO         2369    i.HAL_GPIO_WritePin  stm32f1xx_hal_gpio.o
    0x080017f2   0x080017f2   0x00000002   PAD
    0x080017f4   0x080017f4   0x0000000c   Code   RO         2061    i.HAL_GetTick       stm32f1xx_hal.o
    0x08001800   0x08001800   0x00000010   Code   RO         2067    i.HAL_IncTick       stm32f1xx_hal.o
    0x08001810   0x08001810   0x00000024   Code   RO         2068    i.HAL_Init          stm32f1xx_hal.o
    0x08001834   0x08001834   0x00000040   Code   RO         2069    i.HAL_InitTick      stm32f1xx_hal.o
    0x08001874   0x08001874   0x0000003c   Code   RO         1668    i.HAL_MspInit       stm32f1xx_hal_msp.o
    0x080018b0   0x080018b0   0x00000022   Code   RO         2524    i.HAL_NVIC_DisableIRQ  stm32f1xx_hal_cortex.o
    0x080018d2   0x080018d2   0x0000001a   Code   RO         2525    i.HAL_NVIC_EnableIRQ  stm32f1xx_hal_cortex.o
    0x080018ec   0x080018ec   0x00000040   Code   RO         2531    i.HAL_NVIC_SetPriority  stm32f1xx_hal_cortex.o
    0x0800192c   0x0800192c   0x00000024   Code   RO         2532    i.HAL_NVIC_SetPriorityGrouping  stm32f1xx_hal_cortex.o
    0x08001950   0x08001950   0x0000012c   Code   RO         2225    i.HAL_RCC_ClockConfig  stm32f1xx_hal_rcc.o
    0x08001a7c   0x08001a7c   0x00000020   Code   RO         2232    i.HAL_RCC_GetPCLK1Freq  stm32f1xx_hal_rcc.o
    0x08001a9c   0x08001a9c   0x00000020   Code   RO         2233    i.HAL_RCC_GetPCLK2Freq  stm32f1xx_hal_rcc.o
    0x08001abc   0x08001abc   0x00000074   Code   RO         2234    i.HAL_RCC_GetSysClockFreq  stm32f1xx_hal_rcc.o
    0x08001b30   0x08001b30   0x00000320   Code   RO         2237    i.HAL_RCC_OscConfig  stm32f1xx_hal_rcc.o
    0x08001e50   0x08001e50   0x000000b2   Code   RO         1739    i.HAL_SPI_Init      stm32f1xx_hal_spi.o
    0x08001f02   0x08001f02   0x00000002   PAD
    0x08001f04   0x08001f04   0x00000070   Code   RO         1503    i.HAL_SPI_MspInit   spi.o
    0x08001f74   0x08001f74   0x0000015a   Code   RO         1742    i.HAL_SPI_Receive   stm32f1xx_hal_spi.o
    0x080020ce   0x080020ce   0x00000166   Code   RO         1747    i.HAL_SPI_Transmit  stm32f1xx_hal_spi.o
    0x08002234   0x08002234   0x000001e2   Code   RO         1748    i.HAL_SPI_TransmitReceive  stm32f1xx_hal_spi.o
    0x08002416   0x08002416   0x00000028   Code   RO         2536    i.HAL_SYSTICK_Config  stm32f1xx_hal_cortex.o
    0x0800243e   0x0800243e   0x00000002   Code   RO         3072    i.HAL_UARTEx_RxEventCallback  stm32f1xx_hal_uart.o
    0x08002440   0x08002440   0x00000002   Code   RO         3086    i.HAL_UART_ErrorCallback  stm32f1xx_hal_uart.o
    0x08002442   0x08002442   0x00000002   PAD
    0x08002444   0x08002444   0x0000020c   Code   RO         3089    i.HAL_UART_IRQHandler  stm32f1xx_hal_uart.o
    0x08002650   0x08002650   0x00000062   Code   RO         3090    i.HAL_UART_Init     stm32f1xx_hal_uart.o
    0x080026b2   0x080026b2   0x00000002   PAD
    0x080026b4   0x080026b4   0x00000080   Code   RO         1545    i.HAL_UART_MspInit  usart.o
    0x08002734   0x08002734   0x0000002a   Code   RO         3095    i.HAL_UART_Receive_IT  stm32f1xx_hal_uart.o
    0x0800275e   0x0800275e   0x00000002   PAD
    0x08002760   0x08002760   0x00000018   Code   RO         1421    i.HAL_UART_RxCpltCallback  main.o
    0x08002778   0x08002778   0x000000b2   Code   RO         3098    i.HAL_UART_Transmit  stm32f1xx_hal_uart.o
    0x0800282a   0x0800282a   0x00000002   Code   RO         3101    i.HAL_UART_TxCpltCallback  stm32f1xx_hal_uart.o
    0x0800282c   0x0800282c   0x00000002   Code   RO         1588    i.HardFault_Handler  stm32f1xx_it.o
    0x0800282e   0x0800282e   0x00000002   PAD
    0x08002830   0x08002830   0x000000b0   Code   RO         1478    i.MX_GPIO_Init      gpio.o
    0x080028e0   0x080028e0   0x00000048   Code   RO         1504    i.MX_SPI1_Init      spi.o
    0x08002928   0x08002928   0x00000038   Code   RO         1546    i.MX_USART1_UART_Init  usart.o
    0x08002960   0x08002960   0x00000002   Code   RO         1589    i.MemManage_Handler  stm32f1xx_it.o
    0x08002962   0x08002962   0x00000002   Code   RO         1590    i.NMI_Handler       stm32f1xx_it.o
    0x08002964   0x08002964   0x00000002   Code   RO         1591    i.PendSV_Handler    stm32f1xx_it.o
    0x08002966   0x08002966   0x0000000e   Code   RO          296    i.SPI_ChangeRate    dw1000.o
    0x08002974   0x08002974   0x0000005c   Code   RO         1776    i.SPI_EndRxTransaction  stm32f1xx_hal_spi.o
    0x080029d0   0x080029d0   0x00000020   Code   RO         1777    i.SPI_EndRxTxTransaction  stm32f1xx_hal_spi.o
    0x080029f0   0x080029f0   0x000000b8   Code   RO         1782    i.SPI_WaitFlagStateUntilTimeout  stm32f1xx_hal_spi.o
    0x08002aa8   0x08002aa8   0x00000002   Code   RO         1592    i.SVC_Handler       stm32f1xx_it.o
    0x08002aaa   0x08002aaa   0x00000004   Code   RO         1593    i.SysTick_Handler   stm32f1xx_it.o
    0x08002aae   0x08002aae   0x0000005c   Code   RO         1422    i.SystemClock_Config  main.o
    0x08002b0a   0x08002b0a   0x00000002   Code   RO         3419    i.SystemInit        system_stm32f1xx.o
    0x08002b0c   0x08002b0c   0x00000010   Code   RO         3103    i.UART_DMAAbortOnError  stm32f1xx_hal_uart.o
    0x08002b1c   0x08002b1c   0x00000030   Code   RO         3113    i.UART_EndRxTransfer  stm32f1xx_hal_uart.o
    0x08002b4c   0x08002b4c   0x000000b6   Code   RO         3115    i.UART_Receive_IT   stm32f1xx_hal_uart.o
    0x08002c02   0x08002c02   0x00000002   PAD
    0x08002c04   0x08002c04   0x000000b8   Code   RO         3116    i.UART_SetConfig    stm32f1xx_hal_uart.o
    0x08002cbc   0x08002cbc   0x00000036   Code   RO         3118    i.UART_Start_Receive_IT  stm32f1xx_hal_uart.o
    0x08002cf2   0x08002cf2   0x00000064   Code   RO         3119    i.UART_WaitOnFlagUntilTimeout  stm32f1xx_hal_uart.o
    0x08002d56   0x08002d56   0x00000002   PAD
    0x08002d58   0x08002d58   0x0000000c   Code   RO         1594    i.USART1_IRQHandler  stm32f1xx_it.o
    0x08002d64   0x08002d64   0x00000014   Code   RO           13    i.UWB_ActivateRX    uwb_ui.o
    0x08002d78   0x08002d78   0x0000003c   Code   RO         1200    i.UWB_DM_clear      uwb_distance_meter.o
    0x08002db4   0x08002db4   0x0000008e   Code   RO         1203    i.UWB_DM_fillMessage  uwb_distance_meter.o
    0x08002e42   0x08002e42   0x00000042   Code   RO         1204    i.UWB_DM_getAllTimes  uwb_distance_meter.o
    0x08002e84   0x08002e84   0x000000ec   Code   RO         1206    i.UWB_DM_init       uwb_distance_meter.o
    0x08002f70   0x08002f70   0x00000098   Code   RO         1207    i.UWB_DM_iterate    uwb_distance_meter.o
    0x08003008   0x08003008   0x000001a2   Code   RO         1208    i.UWB_DM_parseMessage  uwb_distance_meter.o
    0x080031aa   0x080031aa   0x00000072   Code   RO         1209    i.UWB_DM_reset      uwb_distance_meter.o
    0x0800321c   0x0800321c   0x00000040   Code   RO           14    i.UWB_GetRxTimestamp64  uwb_ui.o
    0x0800325c   0x0800325c   0x00000040   Code   RO           15    i.UWB_GetTxTimestamp64  uwb_ui.o
    0x0800329c   0x0800329c   0x00000018   Code   RO         1312    i.UWB_INTERFACE_calibrate  uwb_boat_interface.o
    0x080032b4   0x080032b4   0x0000000c   Code   RO         1313    i.UWB_INTERFACE_getReceiveBuffer  uwb_boat_interface.o
    0x080032c0   0x080032c0   0x00000010   Code   RO         1314    i.UWB_INTERFACE_getReceiveLength  uwb_boat_interface.o
    0x080032d0   0x080032d0   0x0000000c   Code   RO         1315    i.UWB_INTERFACE_getTransmitBuffer  uwb_boat_interface.o
    0x080032dc   0x080032dc   0x00000010   Code   RO         1316    i.UWB_INTERFACE_getTransmitLength  uwb_boat_interface.o
    0x080032ec   0x080032ec   0x00000070   Code   RO         1317    i.UWB_INTERFACE_initMessageBuffer  uwb_boat_interface.o
    0x0800335c   0x0800335c   0x00000058   Code   RO         1318    i.UWB_INTERFACE_initSelf  uwb_boat_interface.o
    0x080033b4   0x080033b4   0x00000010   Code   RO         1319    i.UWB_INTERFACE_isLastMessageIncorrect  uwb_boat_interface.o
    0x080033c4   0x080033c4   0x0000004c   Code   RO         1320    i.UWB_INTERFACE_iterate  uwb_boat_interface.o
    0x08003410   0x08003410   0x00000060   Code   RO         1321    i.UWB_INTERFACE_iterateDM  uwb_boat_interface.o
    0x08003470   0x08003470   0x00000040   Code   RO         1322    i.UWB_INTERFACE_manageDM  uwb_boat_interface.o
    0x080034b0   0x080034b0   0x00000014   Code   RO         1323    i.UWB_INTERFACE_markGetMessage  uwb_boat_interface.o
    0x080034c4   0x080034c4   0x0000004c   Code   RO         1325    i.UWB_INTERFACE_parseMessage  uwb_boat_interface.o
    0x08003510   0x08003510   0x00000024   Code   RO         1326    i.UWB_INTERFACE_repairSelf  uwb_boat_interface.o
    0x08003534   0x08003534   0x0000004c   Code   RO           16    i.UWB_Init          uwb_ui.o
    0x08003580   0x08003580   0x0000003a   Code   RO           17    i.UWB_SendMessage   uwb_ui.o
    0x080035ba   0x080035ba   0x00000002   PAD
    0x080035bc   0x080035bc   0x00000074   Code   RO           18    i.UWB_WaitForMessage  uwb_ui.o
    0x08003630   0x08003630   0x00000002   Code   RO         1595    i.UsageFault_Handler  stm32f1xx_it.o
    0x08003632   0x08003632   0x00000020   Code   RO         2538    i.__NVIC_SetPriority  stm32f1xx_hal_cortex.o
    0x08003652   0x08003652   0x0000001a   Code   RO          338    i._dwt_aonarrayupload  deca_device.o
    0x0800366c   0x0800366c   0x0000002a   Code   RO          341    i._dwt_configlde    deca_device.o
    0x08003696   0x08003696   0x00000016   Code   RO          342    i._dwt_disablesequencing  deca_device.o
    0x080036ac   0x080036ac   0x000000ce   Code   RO          343    i._dwt_enableclocks  deca_device.o
    0x0800377a   0x0800377a   0x00000024   Code   RO          344    i._dwt_loaducodefromrom  deca_device.o
    0x0800379e   0x0800379e   0x0000002c   Code   RO          346    i._dwt_otpread      deca_device.o
    0x080037ca   0x080037ca   0x00000018   Code   RO         3586    i._sys_close        retarget_io.o
    0x080037e2   0x080037e2   0x0000000c   Code   RO         3587    i._sys_flen         retarget_io.o
    0x080037ee   0x080037ee   0x00000018   Code   RO         3588    i._sys_istty        retarget_io.o
    0x08003806   0x08003806   0x00000002   PAD
    0x08003808   0x08003808   0x0000005c   Code   RO         3589    i._sys_open         retarget_io.o
    0x08003864   0x08003864   0x00000006   Code   RO         3591    i._sys_seek         retarget_io.o
    0x0800386a   0x0800386a   0x00000002   PAD
    0x0800386c   0x0800386c   0x00000064   Code   RO         3592    i._sys_write        retarget_io.o
    0x080038d0   0x080038d0   0x0000000e   Code   RO         1285    i.addCrc16          crc.o
    0x080038de   0x080038de   0x00000032   Code   RO         1286    i.calculateCrc16    crc.o
    0x08003910   0x08003910   0x00000018   Code   RO         1287    i.checkCrc16        crc.o
    0x08003928   0x08003928   0x00000004   Code   RO         1042    i.deca_sleep        deca_sleep.o
    0x0800392c   0x0800392c   0x0000000c   Code   RO         1012    i.decamutexoff      deca_mutex.o
    0x08003938   0x08003938   0x0000001c   Code   RO         1013    i.decamutexon       deca_mutex.o
    0x08003954   0x08003954   0x00000218   Code   RO          357    i.dwt_configure     deca_device.o
    0x08003b6c   0x08003b6c   0x00000058   Code   RO          371    i.dwt_forcetrxoff   deca_device.o
    0x08003bc4   0x08003bc4   0x0000016c   Code   RO          379    i.dwt_initialise    deca_device.o
    0x08003d30   0x08003d30   0x0000001e   Code   RO          386    i.dwt_read16bitoffsetreg  deca_device.o
    0x08003d4e   0x08003d4e   0x00000022   Code   RO          387    i.dwt_read32bitoffsetreg  deca_device.o
    0x08003d70   0x08003d70   0x00000014   Code   RO          388    i.dwt_read8bitoffsetreg  deca_device.o
    0x08003d84   0x08003d84   0x00000008   Code   RO          391    i.dwt_readdevid     deca_device.o
    0x08003d8c   0x08003d8c   0x0000003a   Code   RO          394    i.dwt_readfromdevice  deca_device.o
    0x08003dc6   0x08003dc6   0x00000012   Code   RO          395    i.dwt_readrxdata    deca_device.o
    0x08003dd8   0x08003dd8   0x0000000c   Code   RO          396    i.dwt_readrxtimestamp  deca_device.o
    0x08003de4   0x08003de4   0x0000000c   Code   RO          402    i.dwt_readtxtimestamp  deca_device.o
    0x08003df0   0x08003df0   0x0000004e   Code   RO          407    i.dwt_rxenable      deca_device.o
    0x08003e3e   0x08003e3e   0x0000000c   Code   RO          425    i.dwt_setrxantennadelay  deca_device.o
    0x08003e4a   0x08003e4a   0x00000002   PAD
    0x08003e4c   0x08003e4c   0x00000048   Code   RO          426    i.dwt_setrxtimeout  deca_device.o
    0x08003e94   0x08003e94   0x0000000a   Code   RO          430    i.dwt_settxantennadelay  deca_device.o
    0x08003e9e   0x08003e9e   0x00000010   Code   RO          431    i.dwt_setxtaltrim   deca_device.o
    0x08003eae   0x08003eae   0x00000002   PAD
    0x08003eb0   0x08003eb0   0x00000048   Code   RO          432    i.dwt_softreset     deca_device.o
    0x08003ef8   0x08003ef8   0x00000058   Code   RO          434    i.dwt_starttx       deca_device.o
    0x08003f50   0x08003f50   0x00000028   Code   RO          435    i.dwt_syncrxbufptrs  deca_device.o
    0x08003f78   0x08003f78   0x0000001a   Code   RO          436    i.dwt_write16bitoffsetreg  deca_device.o
    0x08003f92   0x08003f92   0x0000001e   Code   RO          437    i.dwt_write32bitoffsetreg  deca_device.o
    0x08003fb0   0x08003fb0   0x00000010   Code   RO          438    i.dwt_write8bitoffsetreg  deca_device.o
    0x08003fc0   0x08003fc0   0x0000003e   Code   RO          439    i.dwt_writetodevice  deca_device.o
    0x08003ffe   0x08003ffe   0x00000022   Code   RO          440    i.dwt_writetxdata   deca_device.o
    0x08004020   0x08004020   0x0000001c   Code   RO          441    i.dwt_writetxfctrl  deca_device.o
    0x0800403c   0x0800403c   0x0000001a   Code   RO         3921    i.fputc             c_w.l(fputc.o)
    0x08004056   0x08004056   0x00000002   PAD
    0x08004058   0x08004058   0x00000120   Code   RO         1423    i.main              main.o
    0x08004178   0x08004178   0x0000000e   Code   RO         1210    i.read40to64bit     uwb_distance_meter.o
    0x08004186   0x08004186   0x00000002   PAD
    0x08004188   0x08004188   0x00000064   Code   RO         1071    i.readfromspi       deca_spi.o
    0x080041ec   0x080041ec   0x0000003c   Code   RO          297    i.reset_DW1000      dw1000.o
    0x08004228   0x08004228   0x00000010   Code   RO          298    i.spi_set_rate_high  dw1000.o
    0x08004238   0x08004238   0x00000010   Code   RO          299    i.spi_set_rate_low  dw1000.o
    0x08004248   0x08004248   0x00000006   Code   RO         1211    i.write64to40bit    uwb_distance_meter.o
    0x0800424e   0x0800424e   0x00000002   PAD
    0x08004250   0x08004250   0x00000064   Code   RO         1072    i.writetospi        deca_spi.o
    0x080042b4   0x080042b4   0x0000000c   Data   RO           21    .constdata          uwb_ui.o
    0x080042c0   0x080042c0   0x00000008   Data   RO          974    .constdata          deca_params_init.o
    0x080042c8   0x080042c8   0x00000018   Data   RO          975    .constdata          deca_params_init.o
    0x080042e0   0x080042e0   0x00000018   Data   RO          976    .constdata          deca_params_init.o
    0x080042f8   0x080042f8   0x00000006   Data   RO          977    .constdata          deca_params_init.o
    0x080042fe   0x080042fe   0x00000002   Data   RO          978    .constdata          deca_params_init.o
    0x08004300   0x08004300   0x00000008   Data   RO          979    .constdata          deca_params_init.o
    0x08004308   0x08004308   0x00000003   Data   RO          980    .constdata          deca_params_init.o
    0x0800430b   0x0800430b   0x00000001   PAD
    0x0800430c   0x0800430c   0x0000000c   Data   RO          981    .constdata          deca_params_init.o
    0x08004318   0x08004318   0x00000004   Data   RO          982    .constdata          deca_params_init.o
    0x0800431c   0x0800431c   0x00000020   Data   RO          983    .constdata          deca_params_init.o
    0x0800433c   0x0800433c   0x00000032   Data   RO          984    .constdata          deca_params_init.o
    0x0800436e   0x0800436e   0x00000010   Data   RO         3420    .constdata          system_stm32f1xx.o
    0x0800437e   0x0800437e   0x00000008   Data   RO         3421    .constdata          system_stm32f1xx.o
    0x08004386   0x08004386   0x00000002   PAD
    0x08004388   0x08004388   0x00000018   Data   RO         3473    .constdata          eventrecorder.o
    0x080043a0   0x080043a0   0x00000007   Data   RO         3593    .constdata          retarget_io.o
    0x080043a7   0x080043a7   0x00000008   Data   RO         3594    .constdata          retarget_io.o
    0x080043af   0x080043af   0x00000008   Data   RO         3595    .constdata          retarget_io.o
    0x080043b7   0x080043b7   0x00000001   PAD
    0x080043b8   0x080043b8   0x00000020   Data   RO         4080    Region$$Table       anon$$obj.o


    Execution Region RW_IRAM1 (Exec base: 0x20000000, Load base: 0x080043d8, Size: 0x00000f68, Max: 0x00005000, ABSOLUTE)

    Exec Addr    Load Addr    Size         Type   Attr      Idx    E Section Name        Object

    0x20000000   0x080043d8   0x00000004   Data   RW          443    .data               deca_device.o
    0x20000004   0x080043dc   0x00000006   Data   RW         1327    .data               uwb_boat_interface.o
    0x2000000a   0x080043e2   0x00000006   PAD
    0x20000010   0x080043e8   0x00000048   Data   RW         1328    .data               uwb_boat_interface.o
    0x20000058   0x08004430   0x00000001   Data   RW         1424    .data               main.o
    0x20000059   0x08004431   0x00000003   PAD
    0x2000005c   0x08004434   0x0000000c   Data   RW         2075    .data               stm32f1xx_hal.o
    0x20000068   0x08004440   0x00000004   Data   RW         3422    .data               system_stm32f1xx.o
    0x2000006c   0x08004444   0x0000000c   Data   RW         3596    .data               retarget_io.o
    0x20000078   0x08004450   0x00000004   Data   RW         3829    .data               c_w.l(stdio_streams.o)
    0x2000007c   0x08004454   0x00000004   Data   RW         3830    .data               c_w.l(stdio_streams.o)
    0x20000080   0x08004458   0x00000004   Data   RW         3831    .data               c_w.l(stdio_streams.o)
    0x20000084        -       0x00000038   Zero   RW          442    .bss                deca_device.o
    0x200000bc        -       0x00000058   Zero   RW         1505    .bss                spi.o
    0x20000114        -       0x00000044   Zero   RW         1547    .bss                usart.o
    0x20000158        -       0x00000054   Zero   RW         3826    .bss                c_w.l(stdio_streams.o)
    0x200001ac        -       0x00000054   Zero   RW         3827    .bss                c_w.l(stdio_streams.o)
    0x20000200        -       0x00000054   Zero   RW         3828    .bss                c_w.l(stdio_streams.o)
    0x20000254        -       0x00000060   Zero   RW         3889    .bss                c_w.l(libspace.o)
    0x200002b4   0x0800445c   0x0000000c   PAD
    0x200002c0        -       0x000004a4   Zero   RW         3472    .bss.noinit         eventrecorder.o
    0x20000764   0x0800445c   0x00000004   PAD
    0x20000768        -       0x00000400   Zero   RW            2    HEAP                startup_stm32f103xb.o
    0x20000b68        -       0x00000400   Zero   RW            1    STACK               startup_stm32f103xb.o


==============================================================================

Image component sizes


      Code (inc. data)   RO Data    RW Data    ZI Data      Debug   Object Name

        88          0          0          0          0       1901   crc.o
      2140        104          0          4         56      25842   deca_device.o
        40          6          0          0          0       1009   deca_mutex.o
         0          0        173          0          0       6264   deca_params_init.o
         4          0          0          0          0        493   deca_sleep.o
       200         16          0          0          0       6723   deca_spi.o
       106         18          0          0          0       2186   dw1000.o
      1130         80         24          0       1188      17345   eventrecorder.o
       176         18          0          0          0        891   gpio.o
       408         90          0          1          0       2956   main.o
       258         34         23         12          0       5746   retarget_io.o
       184         24          0          0         88       1585   spi.o
        64         26        236          0       2048        804   startup_stm32f103xb.o
       164         28          0         12          0       5829   stm32f1xx_hal.o
       232         14          0          0          0      29545   stm32f1xx_hal_cortex.o
       222          4          0          0          0       1747   stm32f1xx_hal_dma.o
       490         34          0          0          0       2868   stm32f1xx_hal_gpio.o
        60          8          0          0          0        826   stm32f1xx_hal_msp.o
      1280        102          0          0          0       5168   stm32f1xx_hal_rcc.o
      1672          4          0          0          0       8082   stm32f1xx_hal_spi.o
      1432         10          0          0          0      10412   stm32f1xx_hal_uart.o
        32          6          0          0          0       4138   stm32f1xx_it.o
         2          0         24          4          0       1071   system_stm32f1xx.o
         0          0          0          0          0        868   tx_wait_resp_example.o
       184         20          0          0         68       1614   usart.o
       664         70          0         78          0      11527   uwb_boat_interface.o
      1208          0          0          0          0       8968   uwb_distance_meter.o
       398         22         12          0          0     408037   uwb_ui.o

    ----------------------------------------------------------------------
     12872        738        528        120       3452     574445   Object Totals
         0          0         32          0          0          0   (incl. Generated)
        34          0          4          9          4          0   (incl. Padding)

    ----------------------------------------------------------------------

      Code (inc. data)   RO Data    RW Data    ZI Data      Debug   Library Member Name

         8          0          0          0          0         68   __main.o
       184          0          0          0          0         84   __printf_ss.o
         0          0          0          0          0          0   __rtentry.o
        12          0          0          0          0          0   __rtentry2.o
         6          0          0          0          0          0   __rtentry4.o
        52          8          0          0          0          0   __scatter.o
        26          0          0          0          0          0   __scatter_copy.o
        28          0          0          0          0          0   __scatter_zi.o
        48          6          0          0          0         96   _printf_char_common.o
        36          4          0          0          0         80   _printf_char_file.o
       120         16          0          0          0         92   _printf_dec.o
       178          0          0          0          0         88   _printf_intcommon.o
         0          0          0          0          0          0   _printf_percent.o
         4          0          0          0          0          0   _printf_percent_end.o
         6          0          0          0          0          0   _printf_u.o
        10          0          0          0          0         68   defsig_exit.o
        50          0          0          0          0         88   defsig_general.o
        80         58          0          0          0         76   defsig_rtmem_inner.o
        14          0          0          0          0         80   defsig_rtmem_outer.o
        52         38          0          0          0         76   defsig_rtred_inner.o
        14          0          0          0          0         80   defsig_rtred_outer.o
        18          0          0          0          0         80   exit.o
        76          0          0          0          0         88   fclose.o
         8          0          0          0          0         68   ferror.o
       470          0          0          0          0         88   flsbuf.o
       236          4          0          0          0        128   fopen.o
        26          0          0          0          0         68   fputc.o
       248          6          0          0          0         84   fseek.o
        66          0          0          0          0         76   ftell.o
        94          0          0          0          0         80   h1_alloc.o
        52          0          0          0          0         68   h1_extend.o
        78          0          0          0          0         80   h1_free.o
        14          0          0          0          0         84   h1_init.o
         6          0          0          0          0        152   heapauxi.o
         4          0          0          0          0        136   hguard.o
         0          0          0          0          0          0   indicate_semi.o
       138          0          0          0          0        168   init_alloc.o
       312         46          0          0          0        112   initio.o
         2          0          0          0          0          0   libinit.o
        14          0          0          0          0          0   libinit2.o
         2          0          0          0          0          0   libshutdown.o
         6          0          0          0          0          0   libshutdown2.o
         8          4          0          0         96         68   libspace.o
       238          0          0          0          0        100   lludivv7m.o
         0          0          0          0          0          0   maybetermalloc1.o
        24          4          0          0          0         84   noretval__2printf.o
         8          4          0          0          0         68   rt_errno_addr_intlibspace.o
         8          4          0          0          0         68   rt_heap_descriptor_intlibspace.o
        78          0          0          0          0         80   rt_memclr_w.o
       138          0          0          0          0         68   rt_memcpy_v6.o
       100          0          0          0          0         80   rt_memcpy_w.o
         2          0          0          0          0          0   rtexit.o
        10          0          0          0          0          0   rtexit2.o
        70          0          0          0          0         80   setvbuf.o
       240          6          0          0          0        156   stdio.o
         0          0          0         12        252          0   stdio_streams.o
       128          0          0          0          0         68   strcmpv7m.o
        12          4          0          0          0         68   sys_exit.o
        74          0          0          0          0         80   sys_stackheap_outer.o
        14          0          0          0          0         76   sys_wrch.o
         2          0          0          0          0         68   use_no_semi.o

    ----------------------------------------------------------------------
      3968        212          0         12        360       3748   Library Totals
        16          0          0          0         12          0   (incl. Padding)

    ----------------------------------------------------------------------

      Code (inc. data)   RO Data    RW Data    ZI Data      Debug   Library Name

      3952        212          0         12        348       3748   c_w.l

    ----------------------------------------------------------------------
      3968        212          0         12        360       3748   Library Totals

    ----------------------------------------------------------------------

==============================================================================


      Code (inc. data)   RO Data    RW Data    ZI Data      Debug   

     16840        950        528        132       3812     568673   Grand Totals
     16840        950        528        132       3812     568673   ELF Image Totals
     16840        950        528        132          0          0   ROM Totals

==============================================================================

    Total RO  Size (Code + RO Data)                17368 (  16.96kB)
    Total RW  Size (RW Data + ZI Data)              3944 (   3.85kB)
    Total ROM Size (Code + RO Data + RW Data)      17500 (  17.09kB)

==============================================================================

