Component: ARM Compiler 5.06 update 7 (build 960) Tool: armlink [4d3601]

==============================================================================

Section Cross References

    startup_stm32f103xb.o(STACK) refers (Special) to heapauxi.o(.text) for __use_two_region_memory
    startup_stm32f103xb.o(HEAP) refers (Special) to heapauxi.o(.text) for __use_two_region_memory
    startup_stm32f103xb.o(RESET) refers (Special) to heapauxi.o(.text) for __use_two_region_memory
    startup_stm32f103xb.o(RESET) refers to startup_stm32f103xb.o(STACK) for __initial_sp
    startup_stm32f103xb.o(RESET) refers to startup_stm32f103xb.o(.text) for Reset_Handler
    startup_stm32f103xb.o(RESET) refers to stm32f1xx_it.o(i.NMI_Handler) for NMI_Handler
    startup_stm32f103xb.o(RESET) refers to stm32f1xx_it.o(i.HardFault_Handler) for HardFault_Handler
    startup_stm32f103xb.o(RESET) refers to stm32f1xx_it.o(i.MemManage_Handler) for MemManage_Handler
    startup_stm32f103xb.o(RESET) refers to stm32f1xx_it.o(i.BusFault_Handler) for BusFault_Handler
    startup_stm32f103xb.o(RESET) refers to stm32f1xx_it.o(i.UsageFault_Handler) for UsageFault_Handler
    startup_stm32f103xb.o(RESET) refers to stm32f1xx_it.o(i.SVC_Handler) for SVC_Handler
    startup_stm32f103xb.o(RESET) refers to stm32f1xx_it.o(i.DebugMon_Handler) for DebugMon_Handler
    startup_stm32f103xb.o(RESET) refers to stm32f1xx_it.o(i.PendSV_Handler) for PendSV_Handler
    startup_stm32f103xb.o(RESET) refers to stm32f1xx_it.o(i.SysTick_Handler) for SysTick_Handler
    startup_stm32f103xb.o(RESET) refers to stm32f1xx_it.o(i.USART1_IRQHandler) for USART1_IRQHandler
    startup_stm32f103xb.o(.text) refers (Special) to heapauxi.o(.text) for __use_two_region_memory
    startup_stm32f103xb.o(.text) refers to system_stm32f1xx.o(i.SystemInit) for SystemInit
    startup_stm32f103xb.o(.text) refers to __main.o(!!!main) for __main
    startup_stm32f103xb.o(.text) refers to startup_stm32f103xb.o(HEAP) for Heap_Mem
    startup_stm32f103xb.o(.text) refers to startup_stm32f103xb.o(STACK) for Stack_Mem
    uwb_ui.o(i.UWB_ActivateRX) refers to deca_device.o(i.dwt_rxenable) for dwt_rxenable
    uwb_ui.o(i.UWB_GetRxTimestamp64) refers to eventrecorder.o(i.EventRecord2) for EventRecord2
    uwb_ui.o(i.UWB_GetRxTimestamp64) refers to deca_device.o(i.dwt_read32bitoffsetreg) for dwt_read32bitoffsetreg
    uwb_ui.o(i.UWB_GetRxTimestamp64) refers to deca_device.o(i.dwt_readrxtimestamp) for dwt_readrxtimestamp
    uwb_ui.o(i.UWB_GetTxTimestamp64) refers to eventrecorder.o(i.EventRecord2) for EventRecord2
    uwb_ui.o(i.UWB_GetTxTimestamp64) refers to deca_device.o(i.dwt_read32bitoffsetreg) for dwt_read32bitoffsetreg
    uwb_ui.o(i.UWB_GetTxTimestamp64) refers to deca_device.o(i.dwt_readtxtimestamp) for dwt_readtxtimestamp
    uwb_ui.o(i.UWB_Init) refers to dw1000.o(i.reset_DW1000) for reset_DW1000
    uwb_ui.o(i.UWB_Init) refers to dw1000.o(i.spi_set_rate_low) for spi_set_rate_low
    uwb_ui.o(i.UWB_Init) refers to deca_device.o(i.dwt_initialise) for dwt_initialise
    uwb_ui.o(i.UWB_Init) refers to deca_device.o(i.dwt_configure) for dwt_configure
    uwb_ui.o(i.UWB_Init) refers to deca_device.o(i.dwt_setrxtimeout) for dwt_setrxtimeout
    uwb_ui.o(i.UWB_Init) refers to deca_device.o(i.dwt_setrxantennadelay) for dwt_setrxantennadelay
    uwb_ui.o(i.UWB_Init) refers to deca_device.o(i.dwt_settxantennadelay) for dwt_settxantennadelay
    uwb_ui.o(i.UWB_Init) refers to dw1000.o(i.spi_set_rate_high) for spi_set_rate_high
    uwb_ui.o(i.UWB_Init) refers to eventrecorder.o(i.EventRecord2) for EventRecord2
    uwb_ui.o(i.UWB_Init) refers to uwb_ui.o(.constdata) for .constdata
    uwb_ui.o(i.UWB_SendMessage) refers to deca_device.o(i.dwt_writetxdata) for dwt_writetxdata
    uwb_ui.o(i.UWB_SendMessage) refers to deca_device.o(i.dwt_writetxfctrl) for dwt_writetxfctrl
    uwb_ui.o(i.UWB_SendMessage) refers to deca_device.o(i.dwt_starttx) for dwt_starttx
    uwb_ui.o(i.UWB_SendMessage) refers to eventrecorder.o(i.EventRecord2) for EventRecord2
    uwb_ui.o(i.UWB_WaitForMessage) refers to deca_device.o(i.dwt_write32bitoffsetreg) for dwt_write32bitoffsetreg
    uwb_ui.o(i.UWB_WaitForMessage) refers to deca_device.o(i.dwt_read32bitoffsetreg) for dwt_read32bitoffsetreg
    uwb_ui.o(i.UWB_WaitForMessage) refers to eventrecorder.o(i.EventRecord2) for EventRecord2
    uwb_ui.o(i.UWB_WaitForMessage) refers to deca_device.o(i.dwt_readrxdata) for dwt_readrxdata
    uwb_ui.o(i.UWB_checkMessage) refers to deca_device.o(i.dwt_read32bitoffsetreg) for dwt_read32bitoffsetreg
    uwb_ui.o(i.UWB_checkMessage) refers to deca_device.o(i.dwt_write32bitoffsetreg) for dwt_write32bitoffsetreg
    uwb_ui.o(i.UWB_readMessage) refers to deca_device.o(i.dwt_write32bitoffsetreg) for dwt_write32bitoffsetreg
    uwb_ui.o(i.UWB_readMessage) refers to deca_device.o(i.dwt_read32bitoffsetreg) for dwt_read32bitoffsetreg
    uwb_ui.o(i.UWB_readMessage) refers to deca_device.o(i.dwt_readrxdata) for dwt_readrxdata
[...]
    i.UWB_DM_getAllTimes                     0x08002cd6   Section        0  uwb_distance_meter.o(i.UWB_DM_getAllTimes)
    i.UWB_DM_init                            0x08002d18   Section        0  uwb_distance_meter.o(i.UWB_DM_init)
    i.UWB_DM_iterate                         0x08002e06   Section        0  uwb_distance_meter.o(i.UWB_DM_iterate)
    i.UWB_DM_parseMessage                    0x08002e9e   Section        0  uwb_distance_meter.o(i.UWB_DM_parseMessage)
    i.UWB_DM_reset                           0x08003040   Section        0  uwb_distance_meter.o(i.UWB_DM_reset)
    i.UWB_GetRxTimestamp64                   0x080030b4   Section        0  uwb_ui.o(i.UWB_GetRxTimestamp64)
    i.UWB_GetTxTimestamp64                   0x080030f4   Section        0  uwb_ui.o(i.UWB_GetTxTimestamp64)
    i.UWB_INTERFACE_getInitBuffer            0x08003134   Section        0  uwb_boat_interface.o(i.UWB_INTERFACE_getInitBuffer)
    i.UWB_INTERFACE_getInitLength            0x0800313c   Section        0  uwb_boat_interface.o(i.UWB_INTERFACE_getInitLength)
    i.UWB_INTERFACE_getMessageBuffer         0x08003140   Section        0  uwb_boat_interface.o(i.UWB_INTERFACE_getMessageBuffer)
    i.UWB_INTERFACE_getMessageLength         0x0800314c   Section        0  uwb_boat_interface.o(i.UWB_INTERFACE_getMessageLength)
    i.UWB_INTERFACE_init                     0x0800315c   Section        0  uwb_boat_interface.o(i.UWB_INTERFACE_init)
    i.UWB_INTERFACE_initMessageBuffer        0x08003170   Section        0  uwb_boat_interface.o(i.UWB_INTERFACE_initMessageBuffer)
    i.UWB_INTERFACE_iterate                  0x080031d8   Section        0  uwb_boat_interface.o(i.UWB_INTERFACE_iterate)
    i.UWB_INTERFACE_markGetMessage           0x080032bc   Section        0  uwb_boat_interface.o(i.UWB_INTERFACE_markGetMessage)
    i.UWB_Init                               0x080032d0   Section        0  uwb_ui.o(i.UWB_Init)
    i.UWB_SendMessage                        0x08003324   Section        0  uwb_ui.o(i.UWB_SendMessage)
    i.UWB_WaitForMessage                     0x08003360   Section        0  uwb_ui.o(i.UWB_WaitForMessage)
    i.UsageFault_Handler                     0x080033d4   Section        0  stm32f1xx_it.o(i.UsageFault_Handler)
    i.__NVIC_SetPriority                     0x080033d6   Section        0  stm32f1xx_hal_cortex.o(i.__NVIC_SetPriority)
    __NVIC_SetPriority                       0x080033d7   Thumb Code    32  stm32f1xx_hal_cortex.o(i.__NVIC_SetPriority)
    i._dwt_aonarrayupload                    0x080033f6   Section        0  deca_device.o(i._dwt_aonarrayupload)
    i._dwt_configlde                         0x08003410   Section        0  deca_device.o(i._dwt_configlde)
    i._dwt_disablesequencing                 0x0800343a   Section        0  deca_device.o(i._dwt_disablesequencing)
    i._dwt_enableclocks                      0x08003450   Section        0  deca_device.o(i._dwt_enableclocks)
    i._dwt_loaducodefromrom                  0x0800351e   Section        0  deca_device.o(i._dwt_loaducodefromrom)
    i._dwt_otpread                           0x08003542   Section        0  deca_device.o(i._dwt_otpread)
    i._sys_close                             0x0800356e   Section        0  retarget_io.o(i._sys_close)
    i._sys_flen                              0x08003586   Section        0  retarget_io.o(i._sys_flen)
    i._sys_istty                             0x08003592   Section        0  retarget_io.o(i._sys_istty)
    i._sys_open                              0x080035ac   Section        0  retarget_io.o(i._sys_open)
    i._sys_seek                              0x08003608   Section        0  retarget_io.o(i._sys_seek)
    i._sys_write                             0x08003610   Section        0  retarget_io.o(i._sys_write)
    i.addCrc16                               0x08003674   Section        0  crc.o(i.addCrc16)
    i.calculateCrc16                         0x08003682   Section        0  crc.o(i.calculateCrc16)
    i.checkCrc16                             0x080036b4   Section        0  crc.o(i.checkCrc16)
    i.deca_sleep                             0x080036cc   Section        0  deca_sleep.o(i.deca_sleep)
    i.decamutexoff                           0x080036d0   Section        0  deca_mutex.o(i.decamutexoff)
    i.decamutexon                            0x080036dc   Section        0  deca_mutex.o(i.decamutexon)
    i.dwt_configure                          0x080036f8   Section        0  deca_device.o(i.dwt_configure)
    i.dwt_forcetrxoff                        0x08003910   Section        0  deca_device.o(i.dwt_forcetrxoff)
    i.dwt_initialise                         0x08003968   Section        0  deca_device.o(i.dwt_initialise)
    i.dwt_read16bitoffsetreg                 0x08003ad4   Section        0  deca_device.o(i.dwt_read16bitoffsetreg)
    i.dwt_read32bitoffsetreg                 0x08003af2   Section        0  deca_device.o(i.dwt_read32bitoffsetreg)
    i.dwt_read8bitoffsetreg                  0x08003b14   Section        0  deca_device.o(i.dwt_read8bitoffsetreg)
    i.dwt_readdevid                          0x08003b28   Section        0  deca_device.o(i.dwt_readdevid)
    i.dwt_readfromdevice                     0x08003b30   Section        0  deca_device.o(i.dwt_readfromdevice)
    i.dwt_readrxdata                         0x08003b6a   Section        0  deca_device.o(i.dwt_readrxdata)
    i.dwt_readrxtimestamp                    0x08003b7c   Section        0  deca_device.o(i.dwt_readrxtimestamp)
    i.dwt_readtxtimestamp                    0x08003b88   Section        0  deca_device.o(i.dwt_readtxtimestamp)
    i.dwt_rxenable                           0x08003b94   Section        0  deca_device.o(i.dwt_rxenable)
    i.dwt_setrxantennadelay                  0x08003be2   Section        0  deca_device.o(i.dwt_setrxantennadelay)
    i.dwt_setrxtimeout                       0x08003bf0   Section        0  deca_device.o(i.dwt_setrxtimeout)
    i.dwt_settxantennadelay                  0x08003c38   Section        0  deca_device.o(i.dwt_settxantennadelay)
    i.dwt_setxtaltrim                        0x08003c42   Section        0  deca_device.o(i.dwt_setxtaltrim)
    i.dwt_softreset                          0x08003c54   Section        0  deca_device.o(i.dwt_softreset)
    i.dwt_starttx                            0x08003c9c   Section        0  deca_device.o(i.dwt_starttx)
    i.dwt_syncrxbufptrs                      0x08003cf4   Section        0  deca_device.o(i.dwt_syncrxbufptrs)
    i.dwt_write16bitoffsetreg                0x08003d1c   Section        0  deca_device.o(i.dwt_write16bitoffsetreg)
    i.dwt_write32bitoffsetreg                0x08003d36   Section        0  deca_device.o(i.dwt_write32bitoffsetreg)
    i.dwt_write8bitoffsetreg                 0x08003d54   Section        0  deca_device.o(i.dwt_write8bitoffsetreg)
    i.dwt_writetodevice                      0x08003d64   Section        0  deca_device.o(i.dwt_writetodevice)
    i.dwt_writetxdata                        0x08003da2   Section        0  deca_device.o(i.dwt_writetxdata)
    i.dwt_writetxfctrl                       0x08003dc4   Section        0  deca_device.o(i.dwt_writetxfctrl)
    i.fputc                                  0x08003de0   Section        0  fputc.o(i.fputc)
    i.main                                   0x08003dfc   Section        0  main.o(i.main)
    i.read40to64bit                          0x08003ebc   Section        0  uwb_distance_meter.o(i.read40to64bit)
    i.readfromspi                            0x08003ecc   Section        0  deca_spi.o(i.readfromspi)
    i.reset_DW1000                           0x08003f30   Section        0  dw1000.o(i.reset_DW1000)
    i.spi_set_rate_high                      0x08003f6c   Section        0  dw1000.o(i.spi_set_rate_high)
    i.spi_set_rate_low                       0x08003f7c   Section        0  dw1000.o(i.spi_set_rate_low)
    i.write64to40bit                         0x08003f8c   Section        0  uwb_distance_meter.o(i.write64to40bit)
    i.writetospi                             0x08003f94   Section        0  deca_spi.o(i.writetospi)
    .constdata                               0x08003ff8   Section       12  uwb_ui.o(.constdata)
    .constdata                               0x08004004   Section        8  deca_params_init.o(.constdata)
    .constdata                               0x0800400c   Section       24  deca_params_init.o(.constdata)
    .constdata                               0x08004024   Section       24  deca_params_init.o(.constdata)
    .constdata                               0x0800403c   Section        6  deca_params_init.o(.constdata)
    .constdata                               0x08004042   Section        2  deca_params_init.o(.constdata)
    .constdata                               0x08004044   Section        8  deca_params_init.o(.constdata)
    .constdata                               0x0800404c   Section        3  deca_params_init.o(.constdata)
    .constdata                               0x08004050   Section       12  deca_params_init.o(.constdata)
    .constdata                               0x0800405c   Section        4  deca_params_init.o(.constdata)
    .constdata                               0x08004060   Section       32  deca_params_init.o(.constdata)
    .constdata                               0x08004080   Section       50  deca_params_init.o(.constdata)
    .constdata                               0x080040b2   Section       16  system_stm32f1xx.o(.constdata)
    .constdata                               0x080040c2   Section        8  system_stm32f1xx.o(.constdata)
    .constdata                               0x080040cc   Section       24  eventrecorder.o(.constdata)
    __tagsym$$used                           0x080040cc   Number         0  eventrecorder.o(.constdata)
    .constdata                               0x080040e4   Section        7  retarget_io.o(.constdata)
    .constdata                               0x080040eb   Section        8  retarget_io.o(.constdata)
    .constdata                               0x080040f3   Section        8  retarget_io.o(.constdata)
    .data                                    0x20000000   Section        4  deca_device.o(.data)
    pdw1000local                             0x20000000   Data           4  deca_device.o(.data)
    .data                                    0x20000004   Section        1  main.o(.data)
    .data                                    0x20000008   Section       12  stm32f1xx_hal.o(.data)
    .data                                    0x20000014   Section        4  system_stm32f1xx.o(.data)
    .data                                    0x20000018   Section       12  retarget_io.o(.data)
    index                                    0x20000018   Data           4  retarget_io.o(.data)
    buffer                                   0x2000001c   Data           8  retarget_io.o(.data)
    .data                                    0x20000024   Section        4  stdio_streams.o(.data)
    .data                                    0x20000028   Section        4  stdio_streams.o(.data)
    .data                                    0x2000002c   Section        4  stdio_streams.o(.data)
    .bss                                     0x20000030   Section       56  deca_device.o(.bss)
    dw1000local                              0x20000030   Data          56  deca_device.o(.bss)
    .bss                                     0x20000068   Section       72  uwb_boat_interface.o(.bss)
    .bss                                     0x200000b0   Section       88  spi.o(.bss)
    .bss                                     0x20000108   Section       68  usart.o(.bss)
    .bss                                     0x2000014c   Section       84  stdio_streams.o(.bss)
    .bss                                     0x200001a0   Section       84  stdio_streams.o(.bss)
    .bss                                     0x200001f4   Section       84  stdio_streams.o(.bss)
    .bss                                     0x20000248   Section       96  libspace.o(.bss)
    .bss.noinit                              0x200002c0   Section     1188  eventrecorder.o(.bss.noinit)
    EventBuffer                              0x200002c0   Data        1024  eventrecorder.o(.bss.noinit)
    EventFilter                              0x200006c0   Data         128  eventrecorder.o(.bss.noinit)
    EventStatus                              0x20000740   Data          36  eventrecorder.o(.bss.noinit)
    HEAP                                     0x20000768   Section     1024  startup_stm32f103xb.o(HEAP)
    Heap_Mem                                 0x20000768   Data        1024  startup_stm32f103xb.o(HEAP)
    STACK                                    0x20000b68   Section     1024  startup_stm32f103xb.o(STACK)
    Stack_Mem                                0x20000b68   Data        1024  startup_stm32f103xb.o(STACK)
    __initial_sp                             0x20000f68   Data           0  startup_stm32f103xb.o(STACK)

    Global Symbols

    Symbol Name                              Value     Ov Type        Size  Object(Section)

    BuildAttributes$$THM_ISAv4$P$D$K$B$S$PE$A:L22UL41UL21$X:L11$S22US41US21$IEEE1$IW$USESV6$~STKCKD$USESV7$~SHL$OTIME$ROPI$EBA8$UX$STANDARDLIB$REQ8$PRES8$EABIv2 0x00000000   Number         0  anon$$obj.o ABSOLUTE
    __ARM_use_no_argv                        0x00000000   Number         0  main.o ABSOLUTE
    _printf_flags                            0x00000000   Number         0  printf_stubs.o ABSOLUTE
    _printf_return_value                     0x00000000   Number         0  printf_stubs.o ABSOLUTE
    _printf_sizespec                         0x00000000   Number         0  printf_stubs.o ABSOLUTE
    _printf_widthprec                        0x00000000   Number         0  printf_stubs.o ABSOLUTE
    __ARM_exceptions_init                     - Undefined Weak Reference
    __alloca_initialize                       - Undefined Weak Reference
    __arm_fini_                               - Undefined Weak Reference
    __arm_preinit_                            - Undefined Weak Reference
    __cpp_initialize__aeabi_                  - Undefined Weak Reference
    __cxa_finalize                            - Undefined Weak Reference
    __rt_locale                               - Undefined Weak Reference
    __sigvec_lookup                           - Undefined Weak Reference
    __user_heap_extent                        - Undefined Weak Reference
    _atexit_init                              - Undefined Weak Reference
    _call_atexit_fns                          - Undefined Weak Reference
    _clock_init                               - Undefined Weak Reference
    _fp_trap_init                             - Undefined Weak Reference
    _fp_trap_shutdown                         - Undefined Weak Reference
    _get_lc_collate                           - Undefined Weak Reference
    _get_lc_ctype                             - Undefined Weak Reference
    _get_lc_monetary                          - Undefined Weak Reference
    _get_lc_numeric                           - Undefined Weak Reference
    _get_lc_time                              - Undefined Weak Reference
    _getenv_init                              - Undefined Weak Reference
    _handle_redirection                       - Undefined Weak Reference
    _mutex_acquire                            - Undefined Weak Reference
    _mutex_free                               - Undefined Weak Reference
    _mutex_release                            - Undefined Weak Reference
    _printf_post_padding                      - Undefined Weak Reference
    _printf_pre_padding                       - Undefined Weak Reference
    _printf_truncate_signed                   - Undefined Weak Reference
    _printf_truncate_unsigned                 - Undefined Weak Reference
    _rand_init                                - Undefined Weak Reference
    _signal_finish                            - Undefined Weak Reference
    _signal_init                              - Undefined Weak Reference
    __Vectors_Size                           0x000000ec   Number         0  startup_stm32f103xb.o ABSOLUTE
    __Vectors                                0x08000000   Data           4  startup_stm32f103xb.o(RESET)
    __Vectors_End                            0x080000ec   Data           0  startup_stm32f103xb.o(RESET)
    __main                                   0x080000ed   Thumb Code     8  __main.o(!!!main)
    __scatterload                            0x080000f5   Thumb Code     0  __scatter.o(!!!scatter)
    __scatterload_rt2                        0x080000f5   Thumb Code    44  __scatter.o(!!!scatter)
    __scatterload_rt2_thumb_only             0x080000f5   Thumb Code     0  __scatter.o(!!!scatter)
    __scatterload_null                       0x08000103   Thumb Code     0  __scatter.o(!!!scatter)
    __scatterload_copy                       0x08000129   Thumb Code    26  __scatter_copy.o(!!handler_copy)
    __scatterload_zeroinit                   0x08000145   Thumb Code    28  __scatter_zi.o(!!handler_zi)
    _printf_percent                          0x08000161   Thumb Code     0  _printf_percent.o(.ARM.Collect$$_printf_percent$$00000000)
    _printf_percent_end                      0x08000161   Thumb Code     0  _printf_percent_end.o(.ARM.Collect$$_printf_percent$$00000017)
    __rt_lib_init                            0x08000165   Thumb Code     0  libinit.o(.ARM.Collect$$libinit$$00000000)
    __rt_lib_init_fp_1                       0x08000167   Thumb Code     0  libinit2.o(.ARM.Collect$$libinit$$00000002)
    __rt_lib_init_heap_2                     0x08000167   Thumb Code     0  libinit2.o(.ARM.Collect$$libinit$$00000005)
    __rt_lib_init_preinit_1                  0x08000167   Thumb Code     0  libinit2.o(.ARM.Collect$$libinit$$00000004)
    __rt_lib_init_atexit_1                   0x0800016f   Thumb Code     0  libinit2.o(.ARM.Collect$$libinit$$0000001B)
    __rt_lib_init_clock_1                    0x0800016f   Thumb Code     0  libinit2.o(.ARM.Collect$$libinit$$00000021)
    __rt_lib_init_fp_trap_1                  0x0800016f   Thumb Code     0  libinit2.o(.ARM.Collect$$libinit$$0000001F)
    __rt_lib_init_getenv_1                   0x0800016f   Thumb Code     0  libinit2.o(.ARM.Collect$$libinit$$00000023)
    __rt_lib_init_heap_1                     0x0800016f   Thumb Code     0  libinit2.o(.ARM.Collect$$libinit$$0000000A)
    __rt_lib_init_lc_collate_1               0x0800016f   Thumb Code     0  libinit2.o(.ARM.Collect$$libinit$$00000011)
    __rt_lib_init_lc_ctype_1                 0x0800016f   Thumb Code     0  libinit2.o(.ARM.Collect$$libinit$$00000013)
    __rt_lib_init_lc_monetary_1              0x0800016f   Thumb Code     0  libinit2.o(.ARM.Collect$$libinit$$00000015)
    __rt_lib_init_lc_numeric_1               0x0800016f   Thumb Code     0  libinit2.o(.ARM.Collect$$libinit$$00000017)
    __rt_lib_init_lc_time_1                  0x0800016f   Thumb Code     0  libinit2.o(.ARM.Collect$$libinit$$00000019)
    __rt_lib_init_rand_1                     0x0800016f   Thumb Code     0  libinit2.o(.ARM.Collect$$libinit$$0000000E)
    __rt_lib_init_signal_1                   0x0800016f   Thumb Code     0  libinit2.o(.ARM.Collect$$libinit$$0000001D)
    __rt_lib_init_stdio_2                    0x0800016f   Thumb Code     0  libinit2.o(.ARM.Collect$$libinit$$00000024)
    __rt_lib_init_user_alloc_1               0x0800016f   Thumb Code     0  libinit2.o(.ARM.Collect$$libinit$$0000000C)
    __rt_lib_init_alloca_1                   0x08000173   Thumb Code     0  libinit2.o(.ARM.Collect$$libinit$$0000002E)
    __rt_lib_init_argv_1                     0x08000173   Thumb Code     0  libinit2.o(.ARM.Collect$$libinit$$0000002C)
    __rt_lib_init_cpp_1                      0x08000173   Thumb Code     0  libinit2.o(.ARM.Collect$$libinit$$00000032)
    __rt_lib_init_exceptions_1               0x08000173   Thumb Code     0  libinit2.o(.ARM.Collect$$libinit$$00000030)
    __rt_lib_init_return                     0x08000173   Thumb Code     0  libinit2.o(.ARM.Collect$$libinit$$00000033)
    __rt_lib_init_stdio_1                    0x08000173   Thumb Code     0  libinit2.o(.ARM.Collect$$libinit$$00000025)
    __rt_lib_shutdown                        0x08000175   Thumb Code     0  libshutdown.o(.ARM.Collect$$libshutdown$$00000000)
    __rt_lib_shutdown_cpp_1                  0x08000177   Thumb Code     0  libshutdown2.o(.ARM.Collect$$libshutdown$$00000004)
    __rt_lib_shutdown_fini_1                 0x08000177   Thumb Code     0  libshutdown2.o(.ARM.Collect$$libshutdown$$00000002)
    __rt_lib_shutdown_stdio_2                0x08000177   Thumb Code     0  libshutdown2.o(.ARM.Collect$$libshutdown$$00000005)
    __rt_lib_shutdown_fp_trap_1              0x0800017b   Thumb Code     0  libshutdown2.o(.ARM.Collect$$libshutdown$$00000009)
    __rt_lib_shutdown_heap_1                 0x0800017b   Thumb Code     0  libshutdown2.o(.ARM.Collect$$libshutdown$$00000011)
    __rt_lib_shutdown_return                 0x0800017b   Thumb Code     0  libshutdown2.o(.ARM.Collect$$libshutdown$$00000012)
    __rt_lib_shutdown_signal_1               0x0800017b   Thumb Code     0  libshutdown2.o(.ARM.Collect$$libshutdown$$0000000C)
    __rt_lib_shutdown_stdio_1                0x0800017b   Thumb Code     0  libshutdown2.o(.ARM.Collect$$libshutdown$$00000006)
    __rt_lib_shutdown_user_alloc_1           0x0800017b   Thumb Code     0  libshutdown2.o(.ARM.Collect$$libshutdown$$0000000E)
    __rt_entry                               0x0800017d   Thumb Code     0  __rtentry.o(.ARM.Collect$$rtentry$$00000000)
    __rt_entry_presh_1                       0x0800017d   Thumb Code     0  __rtentry2.o(.ARM.Collect$$rtentry$$00000002)
    __rt_entry_sh                            0x0800017d   Thumb Code     0  __rtentry4.o(.ARM.Collect$$rtentry$$00000004)
    __rt_entry_li                            0x08000183   Thumb Code     0  __rtentry2.o(.ARM.Collect$$rtentry$$0000000A)
    __rt_entry_postsh_1                      0x08000183   Thumb Code     0  __rtentry2.o(.ARM.Collect$$rtentry$$00000009)
    __rt_entry_main                          0x08000187   Thumb Code     0  __rtentry2.o(.ARM.Collect$$rtentry$$0000000D)
    __rt_entry_postli_1                      0x08000187   Thumb Code     0  __rtentry2.o(.ARM.Collect$$rtentry$$0000000C)
    __rt_exit                                0x0800018f   Thumb Code     0  rtexit.o(.ARM.Collect$$rtexit$$00000000)
    __rt_exit_ls                             0x08000191   Thumb Code     0  rtexit2.o(.ARM.Collect$$rtexit$$00000003)
    __rt_exit_prels_1                        0x08000191   Thumb Code     0  rtexit2.o(.ARM.Collect$$rtexit$$00000002)
    __rt_exit_exit                           0x08000195   Thumb Code     0  rtexit2.o(.ARM.Collect$$rtexit$$00000004)
    __asm___15_EventRecorder_c_e8d3082c__atomic_inc8 0x0800019d   Thumb Code    18  eventrecorder.o(.emb_text)
    __asm___15_EventRecorder_c_e8d3082c__atomic_inc32 0x080001af   Thumb Code    18  eventrecorder.o(.emb_text)
    __asm___15_EventRecorder_c_e8d3082c__atomic_xch32 0x080001c1   Thumb Code    16  eventrecorder.o(.emb_text)
    __asm___15_EventRecorder_c_e8d3082c__LockRecord 0x080001d1   Thumb Code    34  eventrecorder.o(.emb_text)
    __asm___15_EventRecorder_c_e8d3082c__UnlockRecord 0x080001f3   Thumb Code    30  eventrecorder.o(.emb_text)
    Reset_Handler                            0x08000211   Thumb Code     8  startup_stm32f103xb.o(.text)
    _maybe_terminate_alloc                   0x08000211   Thumb Code     0  maybetermalloc1.o(.emb_text)
    ADC1_2_IRQHandler                        0x0800022b   Thumb Code     0  startup_stm32f103xb.o(.text)
    CAN1_RX1_IRQHandler                      0x0800022b   Thumb Code     0  startup_stm32f103xb.o(.text)
    CAN1_SCE_IRQHandler                      0x0800022b   Thumb Code     0  startup_stm32f103xb.o(.text)
    DMA1_Channel1_IRQHandler                 0x0800022b   Thumb Code     0  startup_stm32f103xb.o(.text)
    DMA1_Channel2_IRQHandler                 0x0800022b   Thumb Code     0  startup_stm32f103xb.o(.text)
    DMA1_Channel3_IRQHandler                 0x0800022b   Thumb Code     0  startup_stm32f103xb.o(.text)
    DMA1_Channel4_IRQHandler                 0x0800022b   Thumb Code     0  startup_stm32f103xb.o(.text)
    DMA1_Channel5_IRQHandler                 0x0800022b   Thumb Code     0  startup_stm32f103xb.o(.text)
    DMA1_Channel6_IRQHandler                 0x0800022b   Thumb Code     0  startup_stm32f103xb.o(.text)
    DMA1_Channel7_IRQHandler                 0x0800022b   Thumb Code     0  startup_stm32f103xb.o(.text)
    EXTI0_IRQHandler                         0x0800022b   Thumb Code     0  startup_stm32f103xb.o(.text)
    EXTI15_10_IRQHandler                     0x0800022b   Thumb Code     0  startup_stm32f103xb.o(.text)
    EXTI1_IRQHandler                         0x0800022b   Thumb Code     0  startup_stm32f103xb.o(.text)
    EXTI2_IRQHandler                         0x0800022b   Thumb Code     0  startup_stm32f103xb.o(.text)
    EXTI3_IRQHandler                         0x0800022b   Thumb Code     0  startup_stm32f103xb.o(.text)
    EXTI4_IRQHandler                         0x0800022b   Thumb Code     0  startup_stm32f103xb.o(.text)
    EXTI9_5_IRQHandler                       0x0800022b   Thumb Code     0  startup_stm32f103xb.o(.text)
    FLASH_IRQHandler                         0x0800022b   Thumb Code     0  startup_stm32f103xb.o(.text)
    I2C1_ER_IRQHandler                       0x0800022b   Thumb Code     0  startup_stm32f103xb.o(.text)
    I2C1_EV_IRQHandler                       0x0800022b   Thumb Code     0  startup_stm32f103xb.o(.text)
    I2C2_ER_IRQHandler                       0x0800022b   Thumb Code     0  startup_stm32f103xb.o(.text)
    I2C2_EV_IRQHandler                       0x0800022b   Thumb Code     0  startup_stm32f103xb.o(.text)
    PVD_IRQHandler                           0x0800022b   Thumb Code     0  startup_stm32f103xb.o(.text)
    RCC_IRQHandler                           0x0800022b   Thumb Code     0  startup_stm32f103xb.o(.text)
    RTC_Alarm_IRQHandler                     0x0800022b   Thumb Code     0  startup_stm32f103xb.o(.text)
    RTC_IRQHandler                           0x0800022b   Thumb Code     0  startup_stm32f103xb.o(.text)
    SPI1_IRQHandler                          0x0800022b   Thumb Code     0  startup_stm32f103xb.o(.text)
    SPI2_IRQHandler                          0x0800022b   Thumb Code     0  startup_stm32f103xb.o(.text)
    TAMPER_IRQHandler                        0x0800022b   Thumb Code     0  startup_stm32f103xb.o(.text)
    TIM1_BRK_IRQHandler                      0x0800022b   Thumb Code     0  startup_stm32f103xb.o(.text)
    TIM1_CC_IRQHandler                       0x0800022b   Thumb Code     0  startup_stm32f103xb.o(.text)
    TIM1_TRG_COM_IRQHandler                  0x0800022b   Thumb Code     0  startup_stm32f103xb.o(.text)
    TIM1_UP_IRQHandler                       0x0800022b   Thumb Code     0  startup_stm32f103xb.o(.text)
    TIM2_IRQHandler                          0x0800022b   Thumb Code     0  startup_stm32f103xb.o(.text)
    TIM3_IRQHandler                          0x0800022b   Thumb Code     0  startup_stm32f103xb.o(.text)
    TIM4_IRQHandler                          0x0800022b   Thumb Code     0  startup_stm32f103xb.o(.text)
    USART2_IRQHandler                        0x0800022b   Thumb Code     0  startup_stm32f103xb.o(.text)
    USART3_IRQHandler                        0x0800022b   Thumb Code     0  startup_stm32f103xb.o(.text)
    USBWakeUp_IRQHandler                     0x0800022b   Thumb Code     0  startup_stm32f103xb.o(.text)
    USB_HP_CAN1_TX_IRQHandler                0x0800022b   Thumb Code     0  startup_stm32f103xb.o(.text)
    USB_LP_CAN1_RX0_IRQHandler               0x0800022b   Thumb Code     0  startup_stm32f103xb.o(.text)
    WWDG_IRQHandler                          0x0800022b   Thumb Code     0  startup_stm32f103xb.o(.text)
    __user_initial_stackheap                 0x0800022d   Thumb Code     0  startup_stm32f103xb.o(.text)
    malloc                                   0x08000251   Thumb Code    94  h1_alloc.o(.text)
    free                                     0x080002af   Thumb Code    78  h1_free.o(.text)
    __aeabi_uldivmod                         0x080002fd   Thumb Code     0  lludivv7m.o(.text)
    _ll_udiv                                 0x080002fd   Thumb Code   238  lludivv7m.o(.text)
    __2printf                                0x080003ed   Thumb Code    20  noretval__2printf.o(.text)
    __printf                                 0x08000405   Thumb Code   184  __printf_ss.o(.text)
    __aeabi_memcpy                           0x080004bd   Thumb Code     0  rt_memcpy_v6.o(.text)
    __rt_memcpy                              0x080004bd   Thumb Code   138  rt_memcpy_v6.o(.text)
    _memcpy_lastbytes                        0x08000523   Thumb Code     0  rt_memcpy_v6.o(.text)
    __aeabi_memcpy4                          0x08000547   Thumb Code     0  rt_memcpy_w.o(.text)
    __aeabi_memcpy8                          0x08000547   Thumb Code     0  rt_memcpy_w.o(.text)
    __rt_memcpy_w                            0x08000547   Thumb Code   100  rt_memcpy_w.o(.text)
    _memcpy_lastbytes_aligned                0x0800058f   Thumb Code     0  rt_memcpy_w.o(.text)
    __aeabi_memclr4                          0x080005ab   Thumb Code     0  rt_memclr_w.o(.text)
    __aeabi_memclr8                          0x080005ab   Thumb Code     0  rt_memclr_w.o(.text)
    __rt_memclr_w                            0x080005ab   Thumb Code    78  rt_memclr_w.o(.text)
    _memset_w                                0x080005af   Thumb Code     0  rt_memclr_w.o(.text)
    strcmp                                   0x080005f9   Thumb Code   128  strcmpv7m.o(.text)
    __use_two_region_memory                  0x08000679   Thumb Code     2  heapauxi.o(.text)
    __rt_heap_escrow                         0x0800067b   Thumb Code     2  heapauxi.o(.text)
    __rt_heap_expand                         0x0800067d   Thumb Code     2  heapauxi.o(.text)
    __rt_heap_descriptor                     0x08000681   Thumb Code     8  rt_heap_descriptor_intlibspace.o(.text)
    __use_no_heap                            0x08000689   Thumb Code     2  hguard.o(.text)
    __heap$guard                             0x0800068b   Thumb Code     2  hguard.o(.text)
    _terminate_user_alloc                    0x0800068d   Thumb Code     2  init_alloc.o(.text)
    _init_user_alloc                         0x0800068f   Thumb Code     2  init_alloc.o(.text)
    __Heap_Full                              0x08000691   Thumb Code    34  init_alloc.o(.text)
    __Heap_Broken                            0x080006b3   Thumb Code     6  init_alloc.o(.text)
    _init_alloc                              0x080006b9   Thumb Code    94  init_alloc.o(.text)
    __Heap_Initialize                        0x08000717   Thumb Code    10  h1_init.o(.text)
    __Heap_DescSize                          0x08000721   Thumb Code     4  h1_init.o(.text)
    _printf_char_file                        0x08000725   Thumb Code    32  _printf_char_file.o(.text)
    __user_libspace                          0x08000749   Thumb Code     8  libspace.o(.text)
    __user_perproc_libspace                  0x08000749   Thumb Code     0  libspace.o(.text)
    __user_perthread_libspace                0x08000749   Thumb Code     0  libspace.o(.text)
    __Heap_ProvideMemory                     0x08000751   Thumb Code    52  h1_extend.o(.text)
    _printf_char_common                      0x0800078f   Thumb Code    32  _printf_char_common.o(.text)
    ferror                                   0x080007b5   Thumb Code     8  ferror.o(.text)
    _initio                                  0x080007bd   Thumb Code   210  initio.o(.text)
    _terminateio                             0x0800088f   Thumb Code    56  initio.o(.text)
    __rt_SIGRTMEM                            0x080008f5   Thumb Code    14  defsig_rtmem_outer.o(.text)
    __I$use$semihosting                      0x08000903   Thumb Code     0  use_no_semi.o(.text)
    __use_no_semihosting_swi                 0x08000903   Thumb Code     2  use_no_semi.o(.text)
    __semihosting_library_function           0x08000905   Thumb Code     0  indicate_semi.o(.text)
    __user_setup_stackheap                   0x08000905   Thumb Code    74  sys_stackheap_outer.o(.text)
    __flsbuf                                 0x0800094f   Thumb Code   470  flsbuf.o(.text)
    __flsbuf_byte                            0x0800094f   Thumb Code     0  flsbuf.o(.text)
    __flsbuf_wide                            0x0800094f   Thumb Code     0  flsbuf.o(.text)
    setvbuf                                  0x08000b25   Thumb Code    70  setvbuf.o(.text)
    freopen                                  0x08000b6d   Thumb Code   158  fopen.o(.text)
    fopen                                    0x08000c0b   Thumb Code    74  fopen.o(.text)
    _fclose_internal                         0x08000c59   Thumb Code    76  fclose.o(.text)
    fclose                                   0x08000c59   Thumb Code     0  fclose.o(.text)
    exit                                     0x08000ca5   Thumb Code    18  exit.o(.text)
    __sig_exit                               0x08000cb7   Thumb Code    10  defsig_exit.o(.text)
    __rt_SIGRTRED                            0x08000cc1   Thumb Code    14  defsig_rtred_outer.o(.text)
    __rt_SIGRTMEM_inner                      0x08000cd1   Thumb Code    22  defsig_rtmem_inner.o(.text)
    _sys_exit                                0x08000d21   Thumb Code     8  sys_exit.o(.text)
    _fseek                                   0x08000d2d   Thumb Code   242  fseek.o(.text)
    fseek                                    0x08000d2d   Thumb Code     0  fseek.o(.text)
    _seterr                                  0x08000e25   Thumb Code    20  stdio.o(.text)
    _writebuf                                0x08000e39   Thumb Code    84  stdio.o(.text)
    _fflush                                  0x08000e8d   Thumb Code    70  stdio.o(.text)
    _deferredlazyseek                        0x08000ed3   Thumb Code    60  stdio.o(.text)
    __default_signal_display                 0x08000f15   Thumb Code    50  defsig_general.o(.text)
    __rt_SIGRTRED_inner                      0x08000f49   Thumb Code    14  defsig_rtred_inner.o(.text)
    _ttywrch                                 0x08000f7d   Thumb Code    14  sys_wrch.o(.text)
    _ftell_internal                          0x08000f8b   Thumb Code    66  ftell.o(.text)
    ftell                                    0x08000f8b   Thumb Code     0  ftell.o(.text)
    __aeabi_errno_addr                       0x08000fcd   Thumb Code     8  rt_errno_addr_intlibspace.o(.text)
    __errno$intlibspace                      0x08000fcd   Thumb Code     0  rt_errno_addr_intlibspace.o(.text)
    __rt_errno_addr$intlibspace              0x08000fcd   Thumb Code     0  rt_errno_addr_intlibspace.o(.text)
    BusFault_Handler                         0x08000fd5   Thumb Code     2  stm32f1xx_it.o(i.BusFault_Handler)
    DebugMon_Handler                         0x08000fd7   Thumb Code     2  stm32f1xx_it.o(i.DebugMon_Handler)
    Error_Handler                            0x08000fd9   Thumb Code     4  main.o(i.Error_Handler)
    EventRecord2                             0x08001035   Thumb Code    54  eventrecorder.o(i.EventRecord2)
    EventRecordData                          0x0800106d   Thumb Code   242  eventrecorder.o(i.EventRecordData)
    EventRecorderEnable                      0x08001211   Thumb Code    86  eventrecorder.o(i.EventRecorderEnable)
    EventRecorderInitialize                  0x0800126d   Thumb Code   246  eventrecorder.o(i.EventRecorderInitialize)
    EventRecorderStart                       0x0800137d   Thumb Code    34  eventrecorder.o(i.EventRecorderStart)
    EventRecorderTimerGetCount               0x080013a9   Thumb Code     6  eventrecorder.o(i.EventRecorderTimerGetCount)
    EventRecorderTimerSetup                  0x080013b5   Thumb Code    24  eventrecorder.o(i.EventRecorderTimerSetup)
    HAL_DMA_Abort                            0x080013d5   Thumb Code    70  stm32f1xx_hal_dma.o(i.HAL_DMA_Abort)
    HAL_DMA_Abort_IT                         0x0800141d   Thumb Code   148  stm32f1xx_hal_dma.o(i.HAL_DMA_Abort_IT)
    HAL_Delay                                0x080014b5   Thumb Code    32  stm32f1xx_hal.o(i.HAL_Delay)
    HAL_GPIO_Init                            0x080014d9   Thumb Code   446  stm32f1xx_hal_gpio.o(i.HAL_GPIO_Init)
    HAL_GPIO_WritePin                        0x080016b9   Thumb Code    10  stm32f1xx_hal_gpio.o(i.HAL_GPIO_WritePin)
    HAL_GetTick                              0x080016c5   Thumb Code     6  stm32f1xx_hal.o(i.HAL_GetTick)
    HAL_IncTick                              0x080016d1   Thumb Code    12  stm32f1xx_hal.o(i.HAL_IncTick)
    HAL_Init                                 0x080016e1   Thumb Code    32  stm32f1xx_hal.o(i.HAL_Init)
    HAL_InitTick                             0x08001705   Thumb Code    54  stm32f1xx_hal.o(i.HAL_InitTick)
    HAL_MspInit                              0x08001745   Thumb Code    52  stm32f1xx_hal_msp.o(i.HAL_MspInit)
    HAL_NVIC_DisableIRQ                      0x08001781   Thumb Code    34  stm32f1xx_hal_cortex.o(i.HAL_NVIC_DisableIRQ)
    HAL_NVIC_EnableIRQ                       0x080017a3   Thumb Code    26  stm32f1xx_hal_cortex.o(i.HAL_NVIC_EnableIRQ)
    HAL_NVIC_SetPriority                     0x080017bd   Thumb Code    60  stm32f1xx_hal_cortex.o(i.HAL_NVIC_SetPriority)
    HAL_NVIC_SetPriorityGrouping             0x080017fd   Thumb Code    26  stm32f1xx_hal_cortex.o(i.HAL_NVIC_SetPriorityGrouping)
    HAL_RCC_ClockConfig                      0x08001821   Thumb Code   280  stm32f1xx_hal_rcc.o(i.HAL_RCC_ClockConfig)
    HAL_RCC_GetPCLK1Freq                     0x0800194d   Thumb Code    20  stm32f1xx_hal_rcc.o(i.HAL_RCC_GetPCLK1Freq)
    HAL_RCC_GetPCLK2Freq                     0x0800196d   Thumb Code    20  stm32f1xx_hal_rcc.o(i.HAL_RCC_GetPCLK2Freq)
    HAL_RCC_GetSysClockFreq                  0x0800198d   Thumb Code    80  stm32f1xx_hal_rcc.o(i.HAL_RCC_GetSysClockFreq)
    HAL_RCC_OscConfig                        0x08001a01   Thumb Code   778  stm32f1xx_hal_rcc.o(i.HAL_RCC_OscConfig)
    HAL_SPI_Init                             0x08001d21   Thumb Code   178  stm32f1xx_hal_spi.o(i.HAL_SPI_Init)
    HAL_SPI_MspInit                          0x08001dd5   Thumb Code    98  spi.o(i.HAL_SPI_MspInit)
    HAL_SPI_Receive                          0x08001e45   Thumb Code   346  stm32f1xx_hal_spi.o(i.HAL_SPI_Receive)
    HAL_SPI_Transmit                         0x08001f9f   Thumb Code   358  stm32f1xx_hal_spi.o(i.HAL_SPI_Transmit)
    HAL_SPI_TransmitReceive                  0x08002105   Thumb Code   482  stm32f1xx_hal_spi.o(i.HAL_SPI_TransmitReceive)
    HAL_SYSTICK_Config                       0x080022e7   Thumb Code    40  stm32f1xx_hal_cortex.o(i.HAL_SYSTICK_Config)
    HAL_UARTEx_RxEventCallback               0x0800230f   Thumb Code     2  stm32f1xx_hal_uart.o(i.HAL_UARTEx_RxEventCallback)
    HAL_UART_ErrorCallback                   0x08002311   Thumb Code     2  stm32f1xx_hal_uart.o(i.HAL_UART_ErrorCallback)
    HAL_UART_IRQHandler                      0x08002315   Thumb Code   520  stm32f1xx_hal_uart.o(i.HAL_UART_IRQHandler)
    HAL_UART_Init                            0x08002521   Thumb Code    98  stm32f1xx_hal_uart.o(i.HAL_UART_Init)
    HAL_UART_MspInit                         0x08002585   Thumb Code   116  usart.o(i.HAL_UART_MspInit)
    HAL_UART_Receive_IT                      0x08002605   Thumb Code    42  stm32f1xx_hal_uart.o(i.HAL_UART_Receive_IT)
    HAL_UART_RxCpltCallback                  0x08002631   Thumb Code    14  main.o(i.HAL_UART_RxCpltCallback)
    HAL_UART_Transmit                        0x08002649   Thumb Code   178  stm32f1xx_hal_uart.o(i.HAL_UART_Transmit)
    HAL_UART_TxCpltCallback                  0x080026fb   Thumb Code     2  stm32f1xx_hal_uart.o(i.HAL_UART_TxCpltCallback)
    HardFault_Handler                        0x080026fd   Thumb Code     2  stm32f1xx_it.o(i.HardFault_Handler)
    MX_GPIO_Init                             0x08002701   Thumb Code   158  gpio.o(i.MX_GPIO_Init)
    MX_SPI1_Init                             0x080027b1   Thumb Code    62  spi.o(i.MX_SPI1_Init)
    MX_USART1_UART_Init                      0x080027f9   Thumb Code    48  usart.o(i.MX_USART1_UART_Init)
    MemManage_Handler                        0x08002831   Thumb Code     2  stm32f1xx_it.o(i.MemManage_Handler)
    NMI_Handler                              0x08002833   Thumb Code     2  stm32f1xx_it.o(i.NMI_Handler)
    PendSV_Handler                           0x08002835   Thumb Code     2  stm32f1xx_it.o(i.PendSV_Handler)
    SVC_Handler                              0x08002979   Thumb Code     2  stm32f1xx_it.o(i.SVC_Handler)
    SysTick_Handler                          0x0800297b   Thumb Code     4  stm32f1xx_it.o(i.SysTick_Handler)
    SystemClock_Config                       0x0800297f   Thumb Code    92  main.o(i.SystemClock_Config)
    SystemInit                               0x080029db   Thumb Code     2  system_stm32f1xx.o(i.SystemInit)
    UART_Start_Receive_IT                    0x08002b8d   Thumb Code    54  stm32f1xx_hal_uart.o(i.UART_Start_Receive_IT)
    USART1_IRQHandler                        0x08002c29   Thumb Code     6  stm32f1xx_it.o(i.USART1_IRQHandler)
    UWB_ActivateRX                           0x08002c35   Thumb Code    20  uwb_ui.o(i.UWB_ActivateRX)
    UWB_DM_fillMessage                       0x08002c49   Thumb Code   142  uwb_distance_meter.o(i.UWB_DM_fillMessage)
    UWB_DM_getAllTimes                       0x08002cd7   Thumb Code    66  uwb_distance_meter.o(i.UWB_DM_getAllTimes)
    UWB_DM_init                              0x08002d19   Thumb Code   238  uwb_distance_meter.o(i.UWB_DM_init)
    UWB_DM_iterate                           0x08002e07   Thumb Code   152  uwb_distance_meter.o(i.UWB_DM_iterate)
    UWB_DM_parseMessage                      0x08002e9f   Thumb Code   418  uwb_distance_meter.o(i.UWB_DM_parseMessage)
    UWB_DM_reset                             0x08003041   Thumb Code   114  uwb_distance_meter.o(i.UWB_DM_reset)
    UWB_GetRxTimestamp64                     0x080030b5   Thumb Code    58  uwb_ui.o(i.UWB_GetRxTimestamp64)
    UWB_GetTxTimestamp64                     0x080030f5   Thumb Code    58  uwb_ui.o(i.UWB_GetTxTimestamp64)
    UWB_INTERFACE_getInitBuffer              0x08003135   Thumb Code     4  uwb_boat_interface.o(i.UWB_INTERFACE_getInitBuffer)
    UWB_INTERFACE_getInitLength              0x0800313d   Thumb Code     4  uwb_boat_interface.o(i.UWB_INTERFACE_getInitLength)
    UWB_INTERFACE_getMessageBuffer           0x08003141   Thumb Code     6  uwb_boat_interface.o(i.UWB_INTERFACE_getMessageBuffer)
    UWB_INTERFACE_getMessageLength           0x0800314d   Thumb Code    12  uwb_boat_interface.o(i.UWB_INTERFACE_getMessageLength)
    UWB_INTERFACE_init                       0x0800315d   Thumb Code    16  uwb_boat_interface.o(i.UWB_INTERFACE_init)
    UWB_INTERFACE_initMessageBuffer          0x08003171   Thumb Code    98  uwb_boat_interface.o(i.UWB_INTERFACE_initMessageBuffer)
    UWB_INTERFACE_iterate                    0x080031d9   Thumb Code   224  uwb_boat_interface.o(i.UWB_INTERFACE_iterate)
    UWB_INTERFACE_markGetMessage             0x080032bd   Thumb Code    14  uwb_boat_interface.o(i.UWB_INTERFACE_markGetMessage)
    UWB_Init                                 0x080032d1   Thumb Code    80  uwb_ui.o(i.UWB_Init)
    UWB_SendMessage                          0x08003325   Thumb Code    58  uwb_ui.o(i.UWB_SendMessage)
    UWB_WaitForMessage                       0x08003361   Thumb Code   112  uwb_ui.o(i.UWB_WaitForMessage)
    UsageFault_Handler                       0x080033d5   Thumb Code     2  stm32f1xx_it.o(i.UsageFault_Handler)
    _dwt_aonarrayupload                      0x080033f7   Thumb Code    26  deca_device.o(i._dwt_aonarrayupload)
    _dwt_configlde                           0x08003411   Thumb Code    42  deca_device.o(i._dwt_configlde)
    _dwt_disablesequencing                   0x0800343b   Thumb Code    22  deca_device.o(i._dwt_disablesequencing)
    _dwt_enableclocks                        0x08003451   Thumb Code   206  deca_device.o(i._dwt_enableclocks)
    _dwt_loaducodefromrom                    0x0800351f   Thumb Code    36  deca_device.o(i._dwt_loaducodefromrom)
    _dwt_otpread                             0x08003543   Thumb Code    44  deca_device.o(i._dwt_otpread)
    _sys_close                               0x0800356f   Thumb Code    24  retarget_io.o(i._sys_close)
    _sys_flen                                0x08003587   Thumb Code    12  retarget_io.o(i._sys_flen)
    _sys_istty                               0x08003593   Thumb Code    24  retarget_io.o(i._sys_istty)
    _sys_open                                0x080035ad   Thumb Code    68  retarget_io.o(i._sys_open)
    _sys_seek                                0x08003609   Thumb Code     6  retarget_io.o(i._sys_seek)
    _sys_write                               0x08003611   Thumb Code    90  retarget_io.o(i._sys_write)
    addCrc16                                 0x08003675   Thumb Code    14  crc.o(i.addCrc16)
    calculateCrc16                           0x08003683   Thumb Code    50  crc.o(i.calculateCrc16)
    checkCrc16                               0x080036b5   Thumb Code    24  crc.o(i.checkCrc16)
    deca_sleep                               0x080036cd   Thumb Code     4  deca_sleep.o(i.deca_sleep)
    decamutexoff                             0x080036d1   Thumb Code    12  deca_mutex.o(i.decamutexoff)
    decamutexon                              0x080036dd   Thumb Code    22  deca_mutex.o(i.decamutexon)
    dwt_configure                            0x080036f9   Thumb Code   488  deca_device.o(i.dwt_configure)
    dwt_forcetrxoff                          0x08003911   Thumb Code    78  deca_device.o(i.dwt_forcetrxoff)
    dwt_initialise                           0x08003969   Thumb Code   354  deca_device.o(i.dwt_initialise)
    dwt_read16bitoffsetreg                   0x08003ad5   Thumb Code    30  deca_device.o(i.dwt_read16bitoffsetreg)
    dwt_read32bitoffsetreg                   0x08003af3   Thumb Code    34  deca_device.o(i.dwt_read32bitoffsetreg)
    dwt_read8bitoffsetreg                    0x08003b15   Thumb Code    20  deca_device.o(i.dwt_read8bitoffsetreg)
    dwt_readdevid                            0x08003b29   Thumb Code     8  deca_device.o(i.dwt_readdevid)
    dwt_readfromdevice                       0x08003b31   Thumb Code    58  deca_device.o(i.dwt_readfromdevice)
    dwt_readrxdata                           0x08003b6b   Thumb Code    18  deca_device.o(i.dwt_readrxdata)
    dwt_readrxtimestamp                      0x08003b7d   Thumb Code    12  deca_device.o(i.dwt_readrxtimestamp)
    dwt_readtxtimestamp                      0x08003b89   Thumb Code    12  deca_device.o(i.dwt_readtxtimestamp)
    dwt_rxenable                             0x08003b95   Thumb Code    78  deca_device.o(i.dwt_rxenable)
    dwt_setrxantennadelay                    0x08003be3   Thumb Code    12  deca_device.o(i.dwt_setrxantennadelay)
    dwt_setrxtimeout                         0x08003bf1   Thumb Code    68  deca_device.o(i.dwt_setrxtimeout)
    dwt_settxantennadelay                    0x08003c39   Thumb Code    10  deca_device.o(i.dwt_settxantennadelay)
    dwt_setxtaltrim                          0x08003c43   Thumb Code    16  deca_device.o(i.dwt_setxtaltrim)
    dwt_softreset                            0x08003c55   Thumb Code    66  deca_device.o(i.dwt_softreset)
    dwt_starttx                              0x08003c9d   Thumb Code    82  deca_device.o(i.dwt_starttx)
    dwt_syncrxbufptrs                        0x08003cf5   Thumb Code    40  deca_device.o(i.dwt_syncrxbufptrs)
    dwt_write16bitoffsetreg                  0x08003d1d   Thumb Code    26  deca_device.o(i.dwt_write16bitoffsetreg)
    dwt_write32bitoffsetreg                  0x08003d37   Thumb Code    30  deca_device.o(i.dwt_write32bitoffsetreg)
    dwt_write8bitoffsetreg                   0x08003d55   Thumb Code    16  deca_device.o(i.dwt_write8bitoffsetreg)
    dwt_writetodevice                        0x08003d65   Thumb Code    62  deca_device.o(i.dwt_writetodevice)
    dwt_writetxdata                          0x08003da3   Thumb Code    34  deca_device.o(i.dwt_writetxdata)
    dwt_writetxfctrl                         0x08003dc5   Thumb Code    24  deca_device.o(i.dwt_writetxfctrl)
    fputc                                    0x08003de1   Thumb Code    26  fputc.o(i.fputc)
    main                                     0x08003dfd   Thumb Code   150  main.o(i.main)
    read40to64bit                            0x08003ebd   Thumb Code    14  uwb_distance_meter.o(i.read40to64bit)
    readfromspi                              0x08003ecd   Thumb Code    92  deca_spi.o(i.readfromspi)
    reset_DW1000                             0x08003f31   Thumb Code    54  dw1000.o(i.reset_DW1000)
    spi_set_rate_high                        0x08003f6d   Thumb Code    10  dw1000.o(i.spi_set_rate_high)
    spi_set_rate_low                         0x08003f7d   Thumb Code    10  dw1000.o(i.spi_set_rate_low)
    write64to40bit                           0x08003f8d   Thumb Code     6  uwb_distance_meter.o(i.write64to40bit)
    writetospi                               0x08003f95   Thumb Code    92  deca_spi.o(i.writetospi)
    chan_idx                                 0x08004004   Data           8  deca_params_init.o(.constdata)
    tx_config                                0x0800400c   Data          24  deca_params_init.o(.constdata)
    fs_pll_cfg                               0x08004024   Data          24  deca_params_init.o(.constdata)
    fs_pll_tune                              0x0800403c   Data           6  deca_params_init.o(.constdata)
    rx_config                                0x08004042   Data           2  deca_params_init.o(.constdata)
    agc_config                               0x08004044   Data           8  deca_params_init.o(.constdata)
    dwnsSFDlen                               0x0800404c   Data           3  deca_params_init.o(.constdata)
    sftsh                                    0x08004050   Data          12  deca_params_init.o(.constdata)
    dtune1                                   0x0800405c   Data           4  deca_params_init.o(.constdata)
    digital_bb_config                        0x08004060   Data          32  deca_params_init.o(.constdata)
    lde_replicaCoeff                         0x08004080   Data          50  deca_params_init.o(.constdata)
    AHBPrescTable                            0x080040b2   Data          16  system_stm32f1xx.o(.constdata)
    APBPrescTable                            0x080040c2   Data           8  system_stm32f1xx.o(.constdata)
    EventRecorderInfo                        0x080040cc   Data          24  eventrecorder.o(.constdata)
    __stdin_name                             0x080040e4   Data           7  retarget_io.o(.constdata)
    __stdout_name                            0x080040eb   Data           8  retarget_io.o(.constdata)
    __stderr_name                            0x080040f3   Data           8  retarget_io.o(.constdata)
    Region$$Table$$Base                      0x080040fc   Number         0  anon$$obj.o(Region$$Table)
    Region$$Table$$Limit                     0x0800411c   Number         0  anon$$obj.o(Region$$Table)
    boat_uart_rx_flag                        0x20000004   Data           1  main.o(.data)
    uwTickFreq                               0x20000008   Data           1  stm32f1xx_hal.o(.data)
    uwTickPrio                               0x2000000c   Data           4  stm32f1xx_hal.o(.data)
    uwTick                                   0x20000010   Data           4  stm32f1xx_hal.o(.data)
    SystemCoreClock                          0x20000014   Data           4  system_stm32f1xx.o(.data)
    __aeabi_stdin                            0x20000024   Data           4  stdio_streams.o(.data)
    __aeabi_stdout                           0x20000028   Data           4  stdio_streams.o(.data)
    __aeabi_stderr                           0x2000002c   Data           4  stdio_streams.o(.data)
    uwb_boat_interface                       0x20000068   Data          72  uwb_boat_interface.o(.bss)
    hspi1                                    0x200000b0   Data          88  spi.o(.bss)
    huart1                                   0x20000108   Data          68  usart.o(.bss)
    __stdin                                  0x2000014c   Data          84  stdio_streams.o(.bss)
    __stdout                                 0x200001a0   Data          84  stdio_streams.o(.bss)
    __stderr                                 0x200001f4   Data          84  stdio_streams.o(.bss)
    __libspace_start                         0x20000248   Data          96  libspace.o(.bss)
    __temporary_stack_top$libspace           0x200002a8   Data           0  libspace.o(.bss)



==============================================================================

Memory Map of the image

  Image Entry point : 0x080000ed

  Load Region LR_IROM1 (Base: 0x08000000, Size: 0x0000414c, Max: 0x00010000, ABSOLUTE)

    Execution Region ER_IROM1 (Exec base: 0x08000000, Load base: 0x08000000, Size: 0x0000411c, Max: 0x00010000, ABSOLUTE)

    Exec Addr    Load Addr    Size         Type   Attr      Idx    E Section Name        Object

    0x08000000   0x08000000   0x000000ec   Data   RO            3    RESET               startup_stm32f103xb.o
    0x080000ec   0x080000ec   0x00000008   Code   RO         3716  * !!!main             c_w.l(__main.o)
    0x080000f4   0x080000f4   0x00000034   Code   RO         4034    !!!scatter          c_w.l(__scatter.o)
    0x08000128   0x08000128   0x0000001a   Code   RO         4036    !!handler_copy      c_w.l(__scatter_copy.o)
    0x08000142   0x08000142   0x00000002   PAD
    0x08000144   0x08000144   0x0000001c   Code   RO         4038    !!handler_zi        c_w.l(__scatter_zi.o)
    0x08000160   0x08000160   0x00000000   Code   RO         3704    .ARM.Collect$$_printf_percent$$00000000  c_w.l(_printf_percent.o)
    0x08000160   0x08000160   0x00000004   Code   RO         3776    .ARM.Collect$$_printf_percent$$00000017  c_w.l(_printf_percent_end.o)
    0x08000164   0x08000164   0x00000002   Code   RO         3942    .ARM.Collect$$libinit$$00000000  c_w.l(libinit.o)
    0x08000166   0x08000166   0x00000000   Code   RO         3787    .ARM.Collect$$libinit$$00000002  c_w.l(libinit2.o)
    0x08000166   0x08000166   0x00000000   Code   RO         3789    .ARM.Collect$$libinit$$00000004  c_w.l(libinit2.o)
    0x08000166   0x08000166   0x00000008   Code   RO         3790    .ARM.Collect$$libinit$$00000005  c_w.l(libinit2.o)
    0x0800016e   0x0800016e   0x00000000   Code   RO         3792    .ARM.Collect$$libinit$$0000000A  c_w.l(libinit2.o)
    0x0800016e   0x0800016e   0x00000000   Code   RO         3794    .ARM.Collect$$libinit$$0000000C  c_w.l(libinit2.o)
    0x0800016e   0x0800016e   0x00000000   Code   RO         3796    .ARM.Collect$$libinit$$0000000E  c_w.l(libinit2.o)
    0x0800016e   0x0800016e   0x00000000   Code   RO         3799    .ARM.Collect$$libinit$$00000011  c_w.l(libinit2.o)
    0x0800016e   0x0800016e   0x00000000   Code   RO         3801    .ARM.Collect$$libinit$$00000013  c_w.l(libinit2.o)
    0x0800016e   0x0800016e   0x00000000   Code   RO         3803    .ARM.Collect$$libinit$$00000015  c_w.l(libinit2.o)
    0x0800016e   0x0800016e   0x00000000   Code   RO         3805    .ARM.Collect$$libinit$$00000017  c_w.l(libinit2.o)
    0x0800016e   0x0800016e   0x00000000   Code   RO         3807    .ARM.Collect$$libinit$$00000019  c_w.l(libinit2.o)
    0x0800016e   0x0800016e   0x00000000   Code   RO         3809    .ARM.Collect$$libinit$$0000001B  c_w.l(libinit2.o)
    0x0800016e   0x0800016e   0x00000000   Code   RO         3811    .ARM.Collect$$libinit$$0000001D  c_w.l(libinit2.o)
    0x0800016e   0x0800016e   0x00000000   Code   RO         3813    .ARM.Collect$$libinit$$0000001F  c_w.l(libinit2.o)
    0x0800016e   0x0800016e   0x00000000   Code   RO         3815    .ARM.Collect$$libinit$$00000021  c_w.l(libinit2.o)
    0x0800016e   0x0800016e   0x00000000   Code   RO         3817    .ARM.Collect$$libinit$$00000023  c_w.l(libinit2.o)
    0x0800016e   0x0800016e   0x00000004   Code   RO         3818    .ARM.Collect$$libinit$$00000024  c_w.l(libinit2.o)
    0x08000172   0x08000172   0x00000000   Code   RO         3819    .ARM.Collect$$libinit$$00000025  c_w.l(libinit2.o)
    0x08000172   0x08000172   0x00000000   Code   RO         3823    .ARM.Collect$$libinit$$0000002C  c_w.l(libinit2.o)
    0x08000172   0x08000172   0x00000000   Code   RO         3825    .ARM.Collect$$libinit$$0000002E  c_w.l(libinit2.o)
    0x08000172   0x08000172   0x00000000   Code   RO         3827    .ARM.Collect$$libinit$$00000030  c_w.l(libinit2.o)
    0x08000172   0x08000172   0x00000000   Code   RO         3829    .ARM.Collect$$libinit$$00000032  c_w.l(libinit2.o)
    0x08000172   0x08000172   0x00000002   Code   RO         3830    .ARM.Collect$$libinit$$00000033  c_w.l(libinit2.o)
    0x08000174   0x08000174   0x00000002   Code   RO         4031    .ARM.Collect$$libshutdown$$00000000  c_w.l(libshutdown.o)
    0x08000176   0x08000176   0x00000000   Code   RO         3944    .ARM.Collect$$libshutdown$$00000002  c_w.l(libshutdown2.o)
    0x08000176   0x08000176   0x00000000   Code   RO         3946    .ARM.Collect$$libshutdown$$00000004  c_w.l(libshutdown2.o)
    0x08000176   0x08000176   0x00000004   Code   RO         3947    .ARM.Collect$$libshutdown$$00000005  c_w.l(libshutdown2.o)
    0x0800017a   0x0800017a   0x00000000   Code   RO         3948    .ARM.Collect$$libshutdown$$00000006  c_w.l(libshutdown2.o)
    0x0800017a   0x0800017a   0x00000000   Code   RO         3951    .ARM.Collect$$libshutdown$$00000009  c_w.l(libshutdown2.o)
    0x0800017a   0x0800017a   0x00000000   Code   RO         3954    .ARM.Collect$$libshutdown$$0000000C  c_w.l(libshutdown2.o)
    0x0800017a   0x0800017a   0x00000000   Code   RO         3956    .ARM.Collect$$libshutdown$$0000000E  c_w.l(libshutdown2.o)
    0x0800017a   0x0800017a   0x00000000   Code   RO         3959    .ARM.Collect$$libshutdown$$00000011  c_w.l(libshutdown2.o)
    0x0800017a   0x0800017a   0x00000002   Code   RO         3960    .ARM.Collect$$libshutdown$$00000012  c_w.l(libshutdown2.o)
    0x0800017c   0x0800017c   0x00000000   Code   RO         3740    .ARM.Collect$$rtentry$$00000000  c_w.l(__rtentry.o)
    0x0800017c   0x0800017c   0x00000000   Code   RO         3844    .ARM.Collect$$rtentry$$00000002  c_w.l(__rtentry2.o)
    0x0800017c   0x0800017c   0x00000006   Code   RO         3856    .ARM.Collect$$rtentry$$00000004  c_w.l(__rtentry4.o)
    0x08000182   0x08000182   0x00000000   Code   RO         3846    .ARM.Collect$$rtentry$$00000009  c_w.l(__rtentry2.o)
    0x08000182   0x08000182   0x00000004   Code   RO         3847    .ARM.Collect$$rtentry$$0000000A  c_w.l(__rtentry2.o)
    0x08000186   0x08000186   0x00000000   Code   RO         3849    .ARM.Collect$$rtentry$$0000000C  c_w.l(__rtentry2.o)
    0x08000186   0x08000186   0x00000008   Code   RO         3850    .ARM.Collect$$rtentry$$0000000D  c_w.l(__rtentry2.o)
    0x0800018e   0x0800018e   0x00000002   Code   RO         3965    .ARM.Collect$$rtexit$$00000000  c_w.l(rtexit.o)
    0x08000190   0x08000190   0x00000000   Code   RO         3994    .ARM.Collect$$rtexit$$00000002  c_w.l(rtexit2.o)
    0x08000190   0x08000190   0x00000004   Code   RO         3995    .ARM.Collect$$rtexit$$00000003  c_w.l(rtexit2.o)
    0x08000194   0x08000194   0x00000006   Code   RO         3996    .ARM.Collect$$rtexit$$00000004  c_w.l(rtexit2.o)
    0x0800019a   0x0800019a   0x00000002   PAD
    0x0800019c   0x0800019c   0x00000074   Code   RO         3408    .emb_text           eventrecorder.o
    0x08000210   0x08000210   0x00000000   Code   RO         3862    .emb_text           c_w.l(maybetermalloc1.o)
    0x08000210   0x08000210   0x00000040   Code   RO            4    .text               startup_stm32f103xb.o
    0x08000250   0x08000250   0x0000005e   Code   RO         3608    .text               c_w.l(h1_alloc.o)
    0x080002ae   0x080002ae   0x0000004e   Code   RO         3610    .text               c_w.l(h1_free.o)
    0x080002fc   0x080002fc   0x000000ee   Code   RO         3666    .text               c_w.l(lludivv7m.o)
    0x080003ea   0x080003ea   0x00000002   PAD
    0x080003ec   0x080003ec   0x00000018   Code   RO         3674    .text               c_w.l(noretval__2printf.o)
    0x08000404   0x08000404   0x000000b8   Code   RO         3685    .text               c_w.l(__printf_ss.o)
    0x080004bc   0x080004bc   0x0000008a   Code   RO         3706    .text               c_w.l(rt_memcpy_v6.o)
    0x08000546   0x08000546   0x00000064   Code   RO         3708    .text               c_w.l(rt_memcpy_w.o)
    0x080005aa   0x080005aa   0x0000004e   Code   RO         3710    .text               c_w.l(rt_memclr_w.o)
    0x080005f8   0x080005f8   0x00000080   Code   RO         3712    .text               c_w.l(strcmpv7m.o)
    0x08000678   0x08000678   0x00000006   Code   RO         3714    .text               c_w.l(heapauxi.o)
    0x0800067e   0x0800067e   0x00000002   PAD
    0x08000680   0x08000680   0x00000008   Code   RO         3748    .text               c_w.l(rt_heap_descriptor_intlibspace.o)
    0x08000688   0x08000688   0x00000004   Code   RO         3750    .text               c_w.l(hguard.o)
    0x0800068c   0x0800068c   0x0000008a   Code   RO         3752    .text               c_w.l(init_alloc.o)
    0x08000716   0x08000716   0x0000000e   Code   RO         3756    .text               c_w.l(h1_init.o)
    0x08000724   0x08000724   0x00000024   Code   RO         3774    .text               c_w.l(_printf_char_file.o)
    0x08000748   0x08000748   0x00000008   Code   RO         3840    .text               c_w.l(libspace.o)
    0x08000750   0x08000750   0x00000034   Code   RO         3864    .text               c_w.l(h1_extend.o)
    0x08000784   0x08000784   0x00000030   Code   RO         3868    .text               c_w.l(_printf_char_common.o)
    0x080007b4   0x080007b4   0x00000008   Code   RO         3870    .text               c_w.l(ferror.o)
    0x080007bc   0x080007bc   0x00000138   Code   RO         3876    .text               c_w.l(initio.o)
    0x080008f4   0x080008f4   0x0000000e   Code   RO         3884    .text               c_w.l(defsig_rtmem_outer.o)
    0x08000902   0x08000902   0x00000002   Code   RO         3895    .text               c_w.l(use_no_semi.o)
    0x08000904   0x08000904   0x00000000   Code   RO         3897    .text               c_w.l(indicate_semi.o)
    0x08000904   0x08000904   0x0000004a   Code   RO         3898    .text               c_w.l(sys_stackheap_outer.o)
    0x0800094e   0x0800094e   0x000001d6   Code   RO         3906    .text               c_w.l(flsbuf.o)
    0x08000b24   0x08000b24   0x00000046   Code   RO         3908    .text               c_w.l(setvbuf.o)
    0x08000b6a   0x08000b6a   0x00000002   PAD
    0x08000b6c   0x08000b6c   0x000000ec   Code   RO         3911    .text               c_w.l(fopen.o)
    0x08000c58   0x08000c58   0x0000004c   Code   RO         3913    .text               c_w.l(fclose.o)
    0x08000ca4   0x08000ca4   0x00000012   Code   RO         3919    .text               c_w.l(exit.o)
    0x08000cb6   0x08000cb6   0x0000000a   Code   RO         3921    .text               c_w.l(defsig_exit.o)
    0x08000cc0   0x08000cc0   0x0000000e   Code   RO         3927    .text               c_w.l(defsig_rtred_outer.o)
    0x08000cce   0x08000cce   0x00000002   PAD
    0x08000cd0   0x08000cd0   0x00000050   Code   RO         3931    .text               c_w.l(defsig_rtmem_inner.o)
    0x08000d20   0x08000d20   0x0000000c   Code   RO         3963    .text               c_w.l(sys_exit.o)
    0x08000d2c   0x08000d2c   0x000000f8   Code   RO         3973    .text               c_w.l(fseek.o)
    0x08000e24   0x08000e24   0x000000f0   Code   RO         3975    .text               c_w.l(stdio.o)
    0x08000f14   0x08000f14   0x00000032   Code   RO         3983    .text               c_w.l(defsig_general.o)
    0x08000f46   0x08000f46   0x00000002   PAD
    0x08000f48   0x08000f48   0x00000034   Code   RO         3987    .text               c_w.l(defsig_rtred_inner.o)
    0x08000f7c   0x08000f7c   0x0000000e   Code   RO         3991    .text               c_w.l(sys_wrch.o)
    0x08000f8a   0x08000f8a   0x00000042   Code   RO         4004    .text               c_w.l(ftell.o)
    0x08000fcc   0x08000fcc   0x00000008   Code   RO         4015    .text               c_w.l(rt_errno_addr_intlibspace.o)
    0x08000fd4   0x08000fd4   0x00000002   Code   RO         1538    i.BusFault_Handler  stm32f1xx_it.o
    0x08000fd6   0x08000fd6   0x00000002   Code   RO         1539    i.DebugMon_Handler  stm32f1xx_it.o
    0x08000fd8   0x08000fd8   0x00000004   Code   RO         1372    i.Error_Handler     main.o
    0x08000fdc   0x08000fdc   0x00000024   Code   RO         3409    i.EventCheckFilter  eventrecorder.o
    0x08001000   0x08001000   0x00000034   Code   RO         3410    i.EventGetTS        eventrecorder.o
    0x08001034   0x08001034   0x00000036   Code   RO         3411    i.EventRecord2      eventrecorder.o
    0x0800106a   0x0800106a   0x00000002   PAD
    0x0800106c   0x0800106c   0x000000f8   Code   RO         3413    i.EventRecordData   eventrecorder.o
    0x08001164   0x08001164   0x000000ac   Code   RO         3414    i.EventRecordItem   eventrecorder.o
    0x08001210   0x08001210   0x0000005c   Code   RO         3417    i.EventRecorderEnable  eventrecorder.o
    0x0800126c   0x0800126c   0x00000110   Code   RO         3418    i.EventRecorderInitialize  eventrecorder.o
    0x0800137c   0x0800137c   0x0000002c   Code   RO         3419    i.EventRecorderStart  eventrecorder.o
    0x080013a8   0x080013a8   0x0000000c   Code   RO         3421    i.EventRecorderTimerGetCount  eventrecorder.o
    0x080013b4   0x080013b4   0x00000020   Code   RO         3423    i.EventRecorderTimerSetup  eventrecorder.o
    0x080013d4   0x080013d4   0x00000046   Code   RO         2381    i.HAL_DMA_Abort     stm32f1xx_hal_dma.o
    0x0800141a   0x0800141a   0x00000002   PAD
    0x0800141c   0x0800141c   0x00000098   Code   RO         2382    i.HAL_DMA_Abort_IT  stm32f1xx_hal_dma.o
    0x080014b4   0x080014b4   0x00000024   Code   RO         2009    i.HAL_Delay         stm32f1xx_hal.o
    0x080014d8   0x080014d8   0x000001e0   Code   RO         2317    i.HAL_GPIO_Init     stm32f1xx_hal_gpio.o
    0x080016b8   0x080016b8   0x0000000a   Code   RO         2321    i.HAL_GPIO_WritePin  stm32f1xx_hal_gpio.o
    0x080016c2   0x080016c2   0x00000002   PAD
    0x080016c4   0x080016c4   0x0000000c   Code   RO         2013    i.HAL_GetTick       stm32f1xx_hal.o
    0x080016d0   0x080016d0   0x00000010   Code   RO         2019    i.HAL_IncTick       stm32f1xx_hal.o
    0x080016e0   0x080016e0   0x00000024   Code   RO         2020    i.HAL_Init          stm32f1xx_hal.o
    0x08001704   0x08001704   0x00000040   Code   RO         2021    i.HAL_InitTick      stm32f1xx_hal.o
    0x08001744   0x08001744   0x0000003c   Code   RO         1620    i.HAL_MspInit       stm32f1xx_hal_msp.o
    0x08001780   0x08001780   0x00000022   Code   RO         2476    i.HAL_NVIC_DisableIRQ  stm32f1xx_hal_cortex.o
    0x080017a2   0x080017a2   0x0000001a   Code   RO         2477    i.HAL_NVIC_EnableIRQ  stm32f1xx_hal_cortex.o
    0x080017bc   0x080017bc   0x00000040   Code   RO         2483    i.HAL_NVIC_SetPriority  stm32f1xx_hal_cortex.o
    0x080017fc   0x080017fc   0x00000024   Code   RO         2484    i.HAL_NVIC_SetPriorityGrouping  stm32f1xx_hal_cortex.o
    0x08001820   0x08001820   0x0000012c   Code   RO         2177    i.HAL_RCC_ClockConfig  stm32f1xx_hal_rcc.o
    0x0800194c   0x0800194c   0x00000020   Code   RO         2184    i.HAL_RCC_GetPCLK1Freq  stm32f1xx_hal_rcc.o
    0x0800196c   0x0800196c   0x00000020   Code   RO         2185    i.HAL_RCC_GetPCLK2Freq  stm32f1xx_hal_rcc.o
    0x0800198c   0x0800198c   0x00000074   Code   RO         2186    i.HAL_RCC_GetSysClockFreq  stm32f1xx_hal_rcc.o
    0x08001a00   0x08001a00   0x00000320   Code   RO         2189    i.HAL_RCC_OscConfig  stm32f1xx_hal_rcc.o
    0x08001d20   0x08001d20   0x000000b2   Code   RO         1691    i.HAL_SPI_Init      stm32f1xx_hal_spi.o
    0x08001dd2   0x08001dd2   0x00000002   PAD
    0x08001dd4   0x08001dd4   0x00000070   Code   RO         1455    i.HAL_SPI_MspInit   spi.o
    0x08001e44   0x08001e44   0x0000015a   Code   RO         1694    i.HAL_SPI_Receive   stm32f1xx_hal_spi.o
    0x08001f9e   0x08001f9e   0x00000166   Code   RO         1699    i.HAL_SPI_Transmit  stm32f1xx_hal_spi.o
    0x08002104   0x08002104   0x000001e2   Code   RO         1700    i.HAL_SPI_TransmitReceive  stm32f1xx_hal_spi.o
    0x080022e6   0x080022e6   0x00000028   Code   RO         2488    i.HAL_SYSTICK_Config  stm32f1xx_hal_cortex.o
    0x0800230e   0x0800230e   0x00000002   Code   RO         3024    i.HAL_UARTEx_RxEventCallback  stm32f1xx_hal_uart.o
    0x08002310   0x08002310   0x00000002   Code   RO         3038    i.HAL_UART_ErrorCallback  stm32f1xx_hal_uart.o
    0x08002312   0x08002312   0x00000002   PAD
    0x08002314   0x08002314   0x0000020c   Code   RO         3041    i.HAL_UART_IRQHandler  stm32f1xx_hal_uart.o
    0x08002520   0x08002520   0x00000062   Code   RO         3042    i.HAL_UART_Init     stm32f1xx_hal_uart.o
    0x08002582   0x08002582   0x00000002   PAD
    0x08002584   0x08002584   0x00000080   Code   RO         1497    i.HAL_UART_MspInit  usart.o
    0x08002604   0x08002604   0x0000002a   Code   RO         3047    i.HAL_UART_Receive_IT  stm32f1xx_hal_uart.o
    0x0800262e   0x0800262e   0x00000002   PAD
    0x08002630   0x08002630   0x00000018   Code   RO         1373    i.HAL_UART_RxCpltCallback  main.o
    0x08002648   0x08002648   0x000000b2   Code   RO         3050    i.HAL_UART_Transmit  stm32f1xx_hal_uart.o
    0x080026fa   0x080026fa   0x00000002   Code   RO         3053    i.HAL_UART_TxCpltCallback  stm32f1xx_hal_uart.o
    0x080026fc   0x080026fc   0x00000002   Code   RO         1540    i.HardFault_Handler  stm32f1xx_it.o
    0x080026fe   0x080026fe   0x00000002   PAD
    0x08002700   0x08002700   0x000000b0   Code   RO         1430    i.MX_GPIO_Init      gpio.o
    0x080027b0   0x080027b0   0x00000048   Code   RO         1456    i.MX_SPI1_Init      spi.o
    0x080027f8   0x080027f8   0x00000038   Code   RO         1498    i.MX_USART1_UART_Init  usart.o
    0x08002830   0x08002830   0x00000002   Code   RO         1541    i.MemManage_Handler  stm32f1xx_it.o
    0x08002832   0x08002832   0x00000002   Code   RO         1542    i.NMI_Handler       stm32f1xx_it.o
    0x08002834   0x08002834   0x00000002   Code   RO         1543    i.PendSV_Handler    stm32f1xx_it.o
    0x08002836   0x08002836   0x0000000e   Code   RO          299    i.SPI_ChangeRate    dw1000.o
    0x08002844   0x08002844   0x0000005c   Code   RO         1728    i.SPI_EndRxTransaction  stm32f1xx_hal_spi.o
    0x080028a0   0x080028a0   0x00000020   Code   RO         1729    i.SPI_EndRxTxTransaction  stm32f1xx_hal_spi.o
    0x080028c0   0x080028c0   0x000000b8   Code   RO         1734    i.SPI_WaitFlagStateUntilTimeout  stm32f1xx_hal_spi.o
    0x08002978   0x08002978   0x00000002   Code   RO         1544    i.SVC_Handler       stm32f1xx_it.o
    0x0800297a   0x0800297a   0x00000004   Code   RO         1545    i.SysTick_Handler   stm32f1xx_it.o
    0x0800297e   0x0800297e   0x0000005c   Code   RO         1374    i.SystemClock_Config  main.o
    0x080029da   0x080029da   0x00000002   Code   RO         3371    i.SystemInit        system_stm32f1xx.o
    0x080029dc   0x080029dc   0x00000010   Code   RO         3055    i.UART_DMAAbortOnError  stm32f1xx_hal_uart.o
    0x080029ec   0x080029ec   0x00000030   Code   RO         3065    i.UART_EndRxTransfer  stm32f1xx_hal_uart.o
    0x08002a1c   0x08002a1c   0x000000b6   Code   RO         3067    i.UART_Receive_IT   stm32f1xx_hal_uart.o
    0x08002ad2   0x08002ad2   0x00000002   PAD
    0x08002ad4   0x08002ad4   0x000000b8   Code   RO         3068    i.UART_SetConfig    stm32f1xx_hal_uart.o
    0x08002b8c   0x08002b8c   0x00000036   Code   RO         3070    i.UART_Start_Receive_IT  stm32f1xx_hal_uart.o
    0x08002bc2   0x08002bc2   0x00000064   Code   RO         3071    i.UART_WaitOnFlagUntilTimeout  stm32f1xx_hal_uart.o
    0x08002c26   0x08002c26   0x00000002   PAD
    0x08002c28   0x08002c28   0x0000000c   Code   RO         1546    i.USART1_IRQHandler  stm32f1xx_it.o
    0x08002c34   0x08002c34   0x00000014   Code   RO           13    i.UWB_ActivateRX    uwb_ui.o
    0x08002c48   0x08002c48   0x0000008e   Code   RO         1201    i.UWB_DM_fillMessage  uwb_distance_meter.o
    0x08002cd6   0x08002cd6   0x00000042   Code   RO         1202    i.UWB_DM_getAllTimes  uwb_distance_meter.o
    0x08002d18   0x08002d18   0x000000ee   Code   RO         1204    i.UWB_DM_init       uwb_distance_meter.o
    0x08002e06   0x08002e06   0x00000098   Code   RO         1205    i.UWB_DM_iterate    uwb_distance_meter.o
    0x08002e9e   0x08002e9e   0x000001a2   Code   RO         1206    i.UWB_DM_parseMessage  uwb_distance_meter.o
    0x08003040   0x08003040   0x00000072   Code   RO         1207    i.UWB_DM_reset      uwb_distance_meter.o
    0x080030b2   0x080030b2   0x00000002   PAD
    0x080030b4   0x080030b4   0x00000040   Code   RO           14    i.UWB_GetRxTimestamp64  uwb_ui.o
    0x080030f4   0x080030f4   0x00000040   Code   RO           15    i.UWB_GetTxTimestamp64  uwb_ui.o
    0x08003134   0x08003134   0x00000008   Code   RO         1300    i.UWB_INTERFACE_getInitBuffer  uwb_boat_interface.o
    0x0800313c   0x0800313c   0x00000004   Code   RO         1301    i.UWB_INTERFACE_getInitLength  uwb_boat_interface.o
    0x08003140   0x08003140   0x0000000c   Code   RO         1302    i.UWB_INTERFACE_getMessageBuffer  uwb_boat_interface.o
    0x0800314c   0x0800314c   0x00000010   Code   RO         1303    i.UWB_INTERFACE_getMessageLength  uwb_boat_interface.o
    0x0800315c   0x0800315c   0x00000014   Code   RO         1304    i.UWB_INTERFACE_init  uwb_boat_interface.o
    0x08003170   0x08003170   0x00000068   Code   RO         1305    i.UWB_INTERFACE_initMessageBuffer  uwb_boat_interface.o
    0x080031d8   0x080031d8   0x000000e4   Code   RO         1306    i.UWB_INTERFACE_iterate  uwb_boat_interface.o
    0x080032bc   0x080032bc   0x00000014   Code   RO         1307    i.UWB_INTERFACE_markGetMessage  uwb_boat_interface.o
    0x080032d0   0x080032d0   0x00000054   Code   RO           16    i.UWB_Init          uwb_ui.o
    0x08003324   0x08003324   0x0000003a   Code   RO           17    i.UWB_SendMessage   uwb_ui.o
    0x0800335e   0x0800335e   0x00000002   PAD
    0x08003360   0x08003360   0x00000074   Code   RO           18    i.UWB_WaitForMessage  uwb_ui.o
    0x080033d4   0x080033d4   0x00000002   Code   RO         1547    i.UsageFault_Handler  stm32f1xx_it.o
    0x080033d6   0x080033d6   0x00000020   Code   RO         2490    i.__NVIC_SetPriority  stm32f1xx_hal_cortex.o
    0x080033f6   0x080033f6   0x0000001a   Code   RO          341    i._dwt_aonarrayupload  deca_device.o
    0x08003410   0x08003410   0x0000002a   Code   RO          344    i._dwt_configlde    deca_device.o
    0x0800343a   0x0800343a   0x00000016   Code   RO          345    i._dwt_disablesequencing  deca_device.o
    0x08003450   0x08003450   0x000000ce   Code   RO          346    i._dwt_enableclocks  deca_device.o
    0x0800351e   0x0800351e   0x00000024   Code   RO          347    i._dwt_loaducodefromrom  deca_device.o
    0x08003542   0x08003542   0x0000002c   Code   RO          349    i._dwt_otpread      deca_device.o
    0x0800356e   0x0800356e   0x00000018   Code   RO         3538    i._sys_close        retarget_io.o
    0x08003586   0x08003586   0x0000000c   Code   RO         3539    i._sys_flen         retarget_io.o
    0x08003592   0x08003592   0x00000018   Code   RO         3540    i._sys_istty        retarget_io.o
    0x080035aa   0x080035aa   0x00000002   PAD
    0x080035ac   0x080035ac   0x0000005c   Code   RO         3541    i._sys_open         retarget_io.o
    0x08003608   0x08003608   0x00000006   Code   RO         3543    i._sys_seek         retarget_io.o
    0x0800360e   0x0800360e   0x00000002   PAD
    0x08003610   0x08003610   0x00000064   Code   RO         3544    i._sys_write        retarget_io.o
    0x08003674   0x08003674   0x0000000e   Code   RO         1273    i.addCrc16          crc.o
    0x08003682   0x08003682   0x00000032   Code   RO         1274    i.calculateCrc16    crc.o
    0x080036b4   0x080036b4   0x00000018   Code   RO         1275    i.checkCrc16        crc.o
    0x080036cc   0x080036cc   0x00000004   Code   RO         1045    i.deca_sleep        deca_sleep.o
    0x080036d0   0x080036d0   0x0000000c   Code   RO         1015    i.decamutexoff      deca_mutex.o
    0x080036dc   0x080036dc   0x0000001c   Code   RO         1016    i.decamutexon       deca_mutex.o
    0x080036f8   0x080036f8   0x00000218   Code   RO          360    i.dwt_configure     deca_device.o
    0x08003910   0x08003910   0x00000058   Code   RO          374    i.dwt_forcetrxoff   deca_device.o
    0x08003968   0x08003968   0x0000016c   Code   RO          382    i.dwt_initialise    deca_device.o
    0x08003ad4   0x08003ad4   0x0000001e   Code   RO          389    i.dwt_read16bitoffsetreg  deca_device.o
    0x08003af2   0x08003af2   0x00000022   Code   RO          390    i.dwt_read32bitoffsetreg  deca_device.o
    0x08003b14   0x08003b14   0x00000014   Code   RO          391    i.dwt_read8bitoffsetreg  deca_device.o
    0x08003b28   0x08003b28   0x00000008   Code   RO          394    i.dwt_readdevid     deca_device.o
    0x08003b30   0x08003b30   0x0000003a   Code   RO          397    i.dwt_readfromdevice  deca_device.o
    0x08003b6a   0x08003b6a   0x00000012   Code   RO          398    i.dwt_readrxdata    deca_device.o
    0x08003b7c   0x08003b7c   0x0000000c   Code   RO          399    i.dwt_readrxtimestamp  deca_device.o
    0x08003b88   0x08003b88   0x0000000c   Code   RO          405    i.dwt_readtxtimestamp  deca_device.o
    0x08003b94   0x08003b94   0x0000004e   Code   RO          410    i.dwt_rxenable      deca_device.o
    0x08003be2   0x08003be2   0x0000000c   Code   RO          428    i.dwt_setrxantennadelay  deca_device.o
    0x08003bee   0x08003bee   0x00000002   PAD
    0x08003bf0   0x08003bf0   0x00000048   Code   RO          429    i.dwt_setrxtimeout  deca_device.o
    0x08003c38   0x08003c38   0x0000000a   Code   RO          433    i.dwt_settxantennadelay  deca_device.o
    0x08003c42   0x08003c42   0x00000010   Code   RO          434    i.dwt_setxtaltrim   deca_device.o
    0x08003c52   0x08003c52   0x00000002   PAD
    0x08003c54   0x08003c54   0x00000048   Code   RO          435    i.dwt_softreset     deca_device.o
    0x08003c9c   0x08003c9c   0x00000058   Code   RO          437    i.dwt_starttx       deca_device.o
    0x08003cf4   0x08003cf4   0x00000028   Code   RO          438    i.dwt_syncrxbufptrs  deca_device.o
    0x08003d1c   0x08003d1c   0x0000001a   Code   RO          439    i.dwt_write16bitoffsetreg  deca_device.o
    0x08003d36   0x08003d36   0x0000001e   Code   RO          440    i.dwt_write32bitoffsetreg  deca_device.o
    0x08003d54   0x08003d54   0x00000010   Code   RO          441    i.dwt_write8bitoffsetreg  deca_device.o
    0x08003d64   0x08003d64   0x0000003e   Code   RO          442    i.dwt_writetodevice  deca_device.o
    0x08003da2   0x08003da2   0x00000022   Code   RO          443    i.dwt_writetxdata   deca_device.o
    0x08003dc4   0x08003dc4   0x0000001c   Code   RO          444    i.dwt_writetxfctrl  deca_device.o
    0x08003de0   0x08003de0   0x0000001a   Code   RO         3873    i.fputc             c_w.l(fputc.o)
    0x08003dfa   0x08003dfa   0x00000002   PAD
    0x08003dfc   0x08003dfc   0x000000c0   Code   RO         1375    i.main              main.o
    0x08003ebc   0x08003ebc   0x0000000e   Code   RO         1208    i.read40to64bit     uwb_distance_meter.o
    0x08003eca   0x08003eca   0x00000002   PAD
    0x08003ecc   0x08003ecc   0x00000064   Code   RO         1074    i.readfromspi       deca_spi.o
    0x08003f30   0x08003f30   0x0000003c   Code   RO          300    i.reset_DW1000      dw1000.o
    0x08003f6c   0x08003f6c   0x00000010   Code   RO          301    i.spi_set_rate_high  dw1000.o
    0x08003f7c   0x08003f7c   0x00000010   Code   RO          302    i.spi_set_rate_low  dw1000.o
    0x08003f8c   0x08003f8c   0x00000006   Code   RO         1209    i.write64to40bit    uwb_distance_meter.o
    0x08003f92   0x08003f92   0x00000002   PAD
    0x08003f94   0x08003f94   0x00000064   Code   RO         1075    i.writetospi        deca_spi.o
    0x08003ff8   0x08003ff8   0x0000000c   Data   RO           21    .constdata          uwb_ui.o
    0x08004004   0x08004004   0x00000008   Data   RO          977    .constdata          deca_params_init.o
    0x0800400c   0x0800400c   0x00000018   Data   RO          978    .constdata          deca_params_init.o
    0x08004024   0x08004024   0x00000018   Data   RO          979    .constdata          deca_params_init.o
    0x0800403c   0x0800403c   0x00000006   Data   RO          980    .constdata          deca_params_init.o
    0x08004042   0x08004042   0x00000002   Data   RO          981    .constdata          deca_params_init.o
    0x08004044   0x08004044   0x00000008   Data   RO          982    .constdata          deca_params_init.o
    0x0800404c   0x0800404c   0x00000003   Data   RO          983    .constdata          deca_params_init.o
    0x0800404f   0x0800404f   0x00000001   PAD
    0x08004050   0x08004050   0x0000000c   Data   RO          984    .constdata          deca_params_init.o
    0x0800405c   0x0800405c   0x00000004   Data   RO          985    .constdata          deca_params_init.o
    0x08004060   0x08004060   0x00000020   Data   RO          986    .constdata          deca_params_init.o
    0x08004080   0x08004080   0x00000032   Data   RO          987    .constdata          deca_params_init.o
    0x080040b2   0x080040b2   0x00000010   Data   RO         3372    .constdata          system_stm32f1xx.o
    0x080040c2   0x080040c2   0x00000008   Data   RO         3373    .constdata          system_stm32f1xx.o
    0x080040ca   0x080040ca   0x00000002   PAD
    0x080040cc   0x080040cc   0x00000018   Data   RO         3425    .constdata          eventrecorder.o
    0x080040e4   0x080040e4   0x00000007   Data   RO         3545    .constdata          retarget_io.o
    0x080040eb   0x080040eb   0x00000008   Data   RO         3546    .constdata          retarget_io.o
    0x080040f3   0x080040f3   0x00000008   Data   RO         3547    .constdata          retarget_io.o
    0x080040fb   0x080040fb   0x00000001   PAD
    0x080040fc   0x080040fc   0x00000020   Data   RO         4032    Region$$Table       anon$$obj.o


    Execution Region RW_IRAM1 (Exec base: 0x20000000, Load base: 0x0800411c, Size: 0x00000f68, Max: 0x00005000, ABSOLUTE)

    Exec Addr    Load Addr    Size         Type   Attr      Idx    E Section Name        Object

    0x20000000   0x0800411c   0x00000004   Data   RW          446    .data               deca_device.o
    0x20000004   0x08004120   0x00000001   Data   RW         1376    .data               main.o
    0x20000005   0x08004121   0x00000003   PAD
    0x20000008   0x08004124   0x0000000c   Data   RW         2027    .data               stm32f1xx_hal.o
    0x20000014   0x08004130   0x00000004   Data   RW         3374    .data               system_stm32f1xx.o
    0x20000018   0x08004134   0x0000000c   Data   RW         3548    .data               retarget_io.o
    0x20000024   0x08004140   0x00000004   Data   RW         3781    .data               c_w.l(stdio_streams.o)
    0x20000028   0x08004144   0x00000004   Data   RW         3782    .data               c_w.l(stdio_streams.o)
    0x2000002c   0x08004148   0x00000004   Data   RW         3783    .data               c_w.l(stdio_streams.o)
    0x20000030        -       0x00000038   Zero   RW          445    .bss                deca_device.o
    0x20000068        -       0x00000048   Zero   RW         1309    .bss                uwb_boat_interface.o
    0x200000b0        -       0x00000058   Zero   RW         1457    .bss                spi.o
    0x20000108        -       0x00000044   Zero   RW         1499    .bss                usart.o
    0x2000014c        -       0x00000054   Zero   RW         3778    .bss                c_w.l(stdio_streams.o)
    0x200001a0        -       0x00000054   Zero   RW         3779    .bss                c_w.l(stdio_streams.o)
    0x200001f4        -       0x00000054   Zero   RW         3780    .bss                c_w.l(stdio_streams.o)
    0x20000248        -       0x00000060   Zero   RW         3841    .bss                c_w.l(libspace.o)
    0x200002a8   0x0800414c   0x00000018   PAD
    0x200002c0        -       0x000004a4   Zero   RW         3424    .bss.noinit         eventrecorder.o
    0x20000764   0x0800414c   0x00000004   PAD
    0x20000768        -       0x00000400   Zero   RW            2    HEAP                startup_stm32f103xb.o
    0x20000b68        -       0x00000400   Zero   RW            1    STACK               startup_stm32f103xb.o


==============================================================================

Image component sizes


      Code (inc. data)   RO Data    RW Data    ZI Data      Debug   Object Name

        88          0          0          0          0       1901   crc.o
      2140        104          0          4         56      25842   deca_device.o
        40          6          0          0          0       1009   deca_mutex.o
         0          0        173          0          0       6264   deca_params_init.o
         4          0          0          0          0        493   deca_sleep.o
       200         16          0          0          0       6723   deca_spi.o
       106         18          0          0          0       2186   dw1000.o
      1130         80         24          0       1188      17345   eventrecorder.o
       176         18          0          0          0        891   gpio.o
       312         52          0          1          0       2872   main.o
       258         34         23         12          0       5746   retarget_io.o
       184         24          0          0         88       1585   spi.o
        64         26        236          0       2048        804   startup_stm32f103xb.o
       164         28          0         12          0       5829   stm32f1xx_hal.o
       232         14          0          0          0      29545   stm32f1xx_hal_cortex.o
       222          4          0          0          0       1747   stm32f1xx_hal_dma.o
       490         34          0          0          0       2868   stm32f1xx_hal_gpio.o
        60          8          0          0          0        826   stm32f1xx_hal_msp.o
      1280        102          0          0          0       5168   stm32f1xx_hal_rcc.o
      1672          4          0          0          0       8082   stm32f1xx_hal_spi.o
      1432         10          0          0          0      10412   stm32f1xx_hal_uart.o
        32          6          0          0          0       4138   stm32f1xx_it.o
         2          0         24          4          0       1071   system_stm32f1xx.o
         0          0          0          0          0        868   tx_wait_resp_example.o
       184         20          0          0         68       1614   usart.o
       412         34          0          0         72       7477   uwb_boat_interface.o
      1150          0          0          0          0       8481   uwb_distance_meter.o
       406         20         12          0          0     408041   uwb_ui.o

    ----------------------------------------------------------------------
     12476        662        528         36       3524     569828   Object Totals
         0          0         32          0          0          0   (incl. Generated)
        36          0          4          3          4          0   (incl. Padding)

    ----------------------------------------------------------------------

      Code (inc. data)   RO Data    RW Data    ZI Data      Debug   Library Member Name

         8          0          0          0          0         68   __main.o
       184          0          0          0          0         84   __printf_ss.o
         0          0          0          0          0          0   __rtentry.o
        12          0          0          0          0          0   __rtentry2.o
         6          0          0          0          0          0   __rtentry4.o
        52          8          0          0          0          0   __scatter.o
        26          0          0          0          0          0   __scatter_copy.o
        28          0          0          0          0          0   __scatter_zi.o
        48          6          0          0          0         96   _printf_char_common.o
        36          4          0          0          0         80   _printf_char_file.o
         0          0          0          0          0          0   _printf_percent.o
         4          0          0          0          0          0   _printf_percent_end.o
        10          0          0          0          0         68   defsig_exit.o
        50          0          0          0          0         88   defsig_general.o
        80         58          0          0          0         76   defsig_rtmem_inner.o
        14          0          0          0          0         80   defsig_rtmem_outer.o
        52         38          0          0          0         76   defsig_rtred_inner.o
        14          0          0          0          0         80   defsig_rtred_outer.o
        18          0          0          0          0         80   exit.o
        76          0          0          0          0         88   fclose.o
         8          0          0          0          0         68   ferror.o
       470          0          0          0          0         88   flsbuf.o
       236          4          0          0          0        128   fopen.o
        26          0          0          0          0         68   fputc.o
       248          6          0          0          0         84   fseek.o
        66          0          0          0          0         76   ftell.o
        94          0          0          0          0         80   h1_alloc.o
        52          0          0          0          0         68   h1_extend.o
        78          0          0          0          0         80   h1_free.o
        14          0          0          0          0         84   h1_init.o
         6          0          0          0          0        152   heapauxi.o
         4          0          0          0          0        136   hguard.o
         0          0          0          0          0          0   indicate_semi.o
       138          0          0          0          0        168   init_alloc.o
       312         46          0          0          0        112   initio.o
         2          0          0          0          0          0   libinit.o
        14          0          0          0          0          0   libinit2.o
         2          0          0          0          0          0   libshutdown.o
         6          0          0          0          0          0   libshutdown2.o
         8          4          0          0         96         68   libspace.o
       238          0          0          0          0        100   lludivv7m.o
         0          0          0          0          0          0   maybetermalloc1.o
        24          4          0          0          0         84   noretval__2printf.o
         8          4          0          0          0         68   rt_errno_addr_intlibspace.o
         8          4          0          0          0         68   rt_heap_descriptor_intlibspace.o
        78          0          0          0          0         80   rt_memclr_w.o
       138          0          0          0          0         68   rt_memcpy_v6.o
       100          0          0          0          0         80   rt_memcpy_w.o
         2          0          0          0          0          0   rtexit.o
        10          0          0          0          0          0   rtexit2.o
        70          0          0          0          0         80   setvbuf.o
       240          6          0          0          0        156   stdio.o
         0          0          0         12        252          0   stdio_streams.o
       128          0          0          0          0         68   strcmpv7m.o
        12          4          0          0          0         68   sys_exit.o
        74          0          0          0          0         80   sys_stackheap_outer.o
        14          0          0          0          0         76   sys_wrch.o
         2          0          0          0          0         68   use_no_semi.o

    ----------------------------------------------------------------------
      3664        196          0         12        372       3568   Library Totals
        16          0          0          0         24          0   (incl. Padding)

    ----------------------------------------------------------------------

      Code (inc. data)   RO Data    RW Data    ZI Data      Debug   Library Name

      3648        196          0         12        348       3568   c_w.l

    ----------------------------------------------------------------------
      3664        196          0         12        372       3568   Library Totals

    ----------------------------------------------------------------------

==============================================================================


      Code (inc. data)   RO Data    RW Data    ZI Data      Debug   

     16140        858        528         48       3896     564344   Grand Totals
     16140        858        528         48       3896     564344   ELF Image Totals
     16140        858        528         48          0          0   ROM Totals

==============================================================================

    Total RO  Size (Code + RO Data)                16668 (  16.28kB)
    Total RW  Size (RW Data + ZI Data)              3944 (   3.85kB)
    Total ROM Size (Code + RO Data + RW Data)      16716 (  16.32kB)

==============================================================================

