<html>
<body>
<pre>
<h1>µVision Build Log</h1>
<h2>Tool Versions:</h2>
IDE-Version: µVision V5.36.0.0
Copyright (C) 2021 ARM Ltd and ARM Germany GmbH. All rights reserved.
License Information: Sea Jackal, Gidro, LIC=----
 
Tool Versions:
Toolchain:       MDK-Lite  Version: 5.36.0.0
Toolchain Path:  C:\Keil_v5\ARM\ARMCC\Bin
C Compiler:      Armcc.exe V5.06 update 7 (build 960)
Assembler:       Armasm.exe V5.06 update 7 (build 960)
Linker/Locator:  ArmLink.exe V5.06 update 7 (build 960)
Library Manager: ArmAr.exe V5.06 update 7 (build 960)
Hex Converter:   FromElf.exe V5.06 update 7 (build 960)
CPU DLL:         SARMCM3.DLL V5.36.0.0
Dialog DLL:      DCM.DLL V1.17.3.0
Target DLL:      STLink\ST-LINKIII-KEIL_SWO.dll V3.0.9.0
Dialog DLL:      TCM.DLL V1.53.0.0
 
<h2>Project:</h2>
D:\Sea Jackal\Gidro\Modem\stm32f103c8t6_uwb\MDK-ARM\stm32f103c8t6_uwb.uvprojx
Project File Date:  08/30/2023

<h2>Output:</h2>
*** Using Compiler 'V5.06 update 7 (build 960)', folder: 'C:\Keil_v5\ARM\ARMCC\Bin'
Build target 'stm32f103c8t6_uwb'
compiling uwb_ui.c...
../UWB_Lib/Inc/uwb_ui.h(25): warning:  #1295-D: Deprecated declaration UWB_ActivateRX - give arg types
  UWB_status UWB_ActivateRX();
../UWB_Lib/Inc/uwb_ui.h(27): warning:  #1295-D: Deprecated declaration UWB_GetTxTimestamp64 - give arg types
  uint64_t UWB_GetTxTimestamp64();
../UWB_Lib/Inc/uwb_ui.h(28): warning:  #1295-D: Deprecated declaration UWB_GetRxTimestamp64 - give arg types
  uint64_t UWB_GetRxTimestamp64();
../UWB_Lib/Inc/uwb_ui.h(29): warning:  #1295-D: Deprecated declaration UWB_checkMessage - give arg types
  UWB_status UWB_checkMessage();
../UWB_Lib/Inc/uwb_ui.h(32): warning:  #1-D: last line of file ends without a newline
  #endif
..\UWB_Lib\Src\uwb_ui.c(155): warning:  #1-D: last line of file ends without a newline
  }
..\UWB_Lib\Src\uwb_ui.c: 6 warnings, 0 errors
linking...
Program Size: Code=16140 RO-data=528 RW-data=48 ZI-data=3896  
FromELF: creating hex file...
"stm32f103c8t6_uwb\stm32f103c8t6_uwb.axf" - 0 Error(s), 6 Warning(s).

<h2>Software Packages used:</h2>

Package Vendor: ARM
                http://www.keil.com/pack/ARM.CMSIS.5.8.0.pack
                ARM.CMSIS.5.8.0
                CMSIS (Common Microcontroller Software Interface Standard)
   * Component: CORE Version: 5.5.0

Package Vendor: Keil
                http://www.keil.com/pack/Keil.ARM_Compiler.1.6.3.pack
                Keil.ARM_Compiler.1.6.3
                Keil ARM Compiler extensions for ARM Compiler 5 and ARM Compiler 6
   * Component: Event Recorder Variant: DAP Version: 1.4.0
   * Component: STDOUT Variant: EVR Version: 1.2.0

Package Vendor: Keil
                http://www.keil.com/pack/Keil.STM32F1xx_DFP.2.3.0.pack
                Keil.STM32F1xx_DFP.2.3.0
                STMicroelectronics STM32F1 Series Device Support, Drivers and Examples

<h2>Collection of Component include folders:</h2>
  .\RTE\Compiler
  .\RTE\_stm32f103c8t6_uwb
  C:\Users\Морской шакал\AppData\Local\Arm\Packs\ARM\CMSIS\5.8.0\CMSIS\Core\Include
  C:\Users\Морской шакал\AppData\Local\Arm\Packs\Keil\ARM_Compiler\1.6.3\Include
  C:\Users\Морской шакал\AppData\Local\Arm\Packs\Keil\STM32F1xx_DFP\2.3.0\Device\Include

<h2>Collection of Component Files used:</h2>

   * Component: ARM::CMSIS:CORE:5.5.0
      Include file:  CMSIS\Core\Include\tz_context.h

   * Component: Keil.ARM Compiler::Compiler:Event Recorder:DAP:1.4.0
      Source file:   Source\EventRecorder.c
      Include file:  Include\EventRecorder.h
      Include file:  Config\EventRecorderConf.h

   * Component: Keil.ARM Compiler::Compiler:I/O:STDOUT:EVR:1.2.0
      Source file:   Source\retarget_io.c
Build Time Elapsed:  00:00:03
</pre>
</body>
</html>
